Archive member included because of file (symbol)

c:/program files (x86)/atollic/truestudio for arm 5.4.1/armtools/bin/../lib/gcc/arm-atollic-eabi/4.8.3/../../../../arm-atollic-eabi/lib/armv7e-m/fpu\libc_s.a(lib_a-init.o)
                              src\startup_stm32f40xx.o (__libc_init_array)
c:/program files (x86)/atollic/truestudio for arm 5.4.1/armtools/bin/../lib/gcc/arm-atollic-eabi/4.8.3/../../../../arm-atollic-eabi/lib/armv7e-m/fpu\libc_s.a(lib_a-strlen.o)
                              src\tiny_printf.o (strlen)
c:/program files (x86)/atollic/truestudio for arm 5.4.1/armtools/bin/../lib/gcc/arm-atollic-eabi/4.8.3/../../../../arm-atollic-eabi/lib/armv7e-m/fpu\libc_s.a(lib_a-syscalls.o)
                              src\tiny_printf.o (_write)
c:/program files (x86)/atollic/truestudio for arm 5.4.1/armtools/bin/../lib/gcc/arm-atollic-eabi/4.8.3/../../../../arm-atollic-eabi/lib/armv7e-m/fpu\libc_s.a(lib_a-reent.o)
                              c:/program files (x86)/atollic/truestudio for arm 5.4.1/armtools/bin/../lib/gcc/arm-atollic-eabi/4.8.3/../../../../arm-atollic-eabi/lib/armv7e-m/fpu\libc_s.a(lib_a-syscalls.o) (errno)
c:/program files (x86)/atollic/truestudio for arm 5.4.1/armtools/bin/../lib/gcc/arm-atollic-eabi/4.8.3/../../../../arm-atollic-eabi/lib/armv7e-m/fpu\libc_s.a(lib_a-impure.o)
                              c:/program files (x86)/atollic/truestudio for arm 5.4.1/armtools/bin/../lib/gcc/arm-atollic-eabi/4.8.3/../../../../arm-atollic-eabi/lib/armv7e-m/fpu\libc_s.a(lib_a-reent.o) (_impure_ptr)
c:/program files (x86)/atollic/truestudio for arm 5.4.1/armtools/bin/../lib/gcc/arm-atollic-eabi/4.8.3/../../../../arm-atollic-eabi/lib/armv7e-m/fpu\libc_s.a(lib_a-nano-freer.o)
                              c:/program files (x86)/atollic/truestudio for arm 5.4.1/armtools/bin/../lib/gcc/arm-atollic-eabi/4.8.3/../../../../arm-atollic-eabi/lib/armv7e-m/fpu\libc_s.a(lib_a-reent.o) (_free_r)
c:/program files (x86)/atollic/truestudio for arm 5.4.1/armtools/bin/../lib/gcc/arm-atollic-eabi/4.8.3/../../../../arm-atollic-eabi/lib/armv7e-m/fpu\libc_s.a(lib_a-nano-mallocr.o)
                              c:/program files (x86)/atollic/truestudio for arm 5.4.1/armtools/bin/../lib/gcc/arm-atollic-eabi/4.8.3/../../../../arm-atollic-eabi/lib/armv7e-m/fpu\libc_s.a(lib_a-nano-freer.o) (__malloc_free_list)
c:/program files (x86)/atollic/truestudio for arm 5.4.1/armtools/bin/../lib/gcc/arm-atollic-eabi/4.8.3/../../../../arm-atollic-eabi/lib/armv7e-m/fpu\libc_s.a(lib_a-sbrkr.o)
                              c:/program files (x86)/atollic/truestudio for arm 5.4.1/armtools/bin/../lib/gcc/arm-atollic-eabi/4.8.3/../../../../arm-atollic-eabi/lib/armv7e-m/fpu\libc_s.a(lib_a-nano-mallocr.o) (_sbrk_r)
c:/program files (x86)/atollic/truestudio for arm 5.4.1/armtools/bin/../lib/gcc/arm-atollic-eabi/4.8.3/../../../../arm-atollic-eabi/lib/armv7e-m/fpu\libstdc++_s.a(pure.o)
                              src\own_libraries\NRF_REGISTER_MAP.o (__cxa_pure_virtual)
c:/program files (x86)/atollic/truestudio for arm 5.4.1/armtools/bin/../lib/gcc/arm-atollic-eabi/4.8.3/../../../../arm-atollic-eabi/lib/armv7e-m/fpu\libstdc++_s.a(new_op.o)
                              src\control\Robo.o (operator new(unsigned int))
c:/program files (x86)/atollic/truestudio for arm 5.4.1/armtools/bin/../lib/gcc/arm-atollic-eabi/4.8.3/../../../../arm-atollic-eabi/lib/armv7e-m/fpu\libstdc++_s.a(eh_terminate.o)
                              c:/program files (x86)/atollic/truestudio for arm 5.4.1/armtools/bin/../lib/gcc/arm-atollic-eabi/4.8.3/../../../../arm-atollic-eabi/lib/armv7e-m/fpu\libstdc++_s.a(pure.o) (std::terminate())
c:/program files (x86)/atollic/truestudio for arm 5.4.1/armtools/bin/../lib/gcc/arm-atollic-eabi/4.8.3/../../../../arm-atollic-eabi/lib/armv7e-m/fpu\libstdc++_s.a(new_handler.o)
                              c:/program files (x86)/atollic/truestudio for arm 5.4.1/armtools/bin/../lib/gcc/arm-atollic-eabi/4.8.3/../../../../arm-atollic-eabi/lib/armv7e-m/fpu\libstdc++_s.a(new_op.o) (__new_handler)
c:/program files (x86)/atollic/truestudio for arm 5.4.1/armtools/bin/../lib/gcc/arm-atollic-eabi/4.8.3/../../../../arm-atollic-eabi/lib/armv7e-m/fpu\libstdc++_s.a(eh_term_handler.o)
                              c:/program files (x86)/atollic/truestudio for arm 5.4.1/armtools/bin/../lib/gcc/arm-atollic-eabi/4.8.3/../../../../arm-atollic-eabi/lib/armv7e-m/fpu\libstdc++_s.a(eh_terminate.o) (__cxxabiv1::__terminate_handler)
c:/program files (x86)/atollic/truestudio for arm 5.4.1/armtools/bin/../lib/gcc/arm-atollic-eabi/4.8.3/../../../../arm-atollic-eabi/lib/armv7e-m/fpu\libstdc++_s.a(vterminate.o)
                              c:/program files (x86)/atollic/truestudio for arm 5.4.1/armtools/bin/../lib/gcc/arm-atollic-eabi/4.8.3/../../../../arm-atollic-eabi/lib/armv7e-m/fpu\libstdc++_s.a(eh_term_handler.o) (__gnu_cxx::__verbose_terminate_handler())
[...]
Memory Configuration

Name             Origin             Length             Attributes
FLASH            0x08000000         0x00100000         xr
RAM              0x20000000         0x00020000         xrw
MEMORY_B1        0x60000000         0x00000000         xr
CCMRAM           0x10000000         0x00010000         rw
*default*        0x00000000         0xffffffff

Linker script and memory map

LOAD c:/program files (x86)/atollic/truestudio for arm 5.4.1/armtools/bin/../lib/gcc/arm-atollic-eabi/4.8.3/armv7e-m/fpu/crti.o
LOAD c:/program files (x86)/atollic/truestudio for arm 5.4.1/armtools/bin/../lib/gcc/arm-atollic-eabi/4.8.3/armv7e-m/fpu/crtbegin.o
LOAD src\tiny_printf.o
LOAD src\system_stm32f4xx.o
LOAD src\stm32f4xx_it.o
LOAD src\startup_stm32f40xx.o
LOAD src\own_libraries\SPI_interface.o
LOAD src\own_libraries\REGISTER.o
LOAD src\own_libraries\NRF_REGISTER_MAP.o
LOAD src\own_libraries\NRF24.o
LOAD src\own_libraries\CONFIG.o
LOAD src\main.o
LOAD src\control\TimerTime.o
LOAD src\control\Robo.o
LOAD src\control\Pwm.o
LOAD src\control\Motor.o
LOAD src\control\GPIO.o
LOAD src\control\Encoder.o
LOAD Utilities\STM32F4-Discovery\stm32f4_discovery_lis302dl.o
LOAD Utilities\STM32F4-Discovery\stm32f4_discovery_audio_codec.o
LOAD Utilities\STM32F4-Discovery\stm32f4_discovery.o
LOAD Libraries\STM32F4xx_StdPeriph_Driver\src\stm32f4xx_wwdg.o
LOAD Libraries\STM32F4xx_StdPeriph_Driver\src\stm32f4xx_usart.o
LOAD Libraries\STM32F4xx_StdPeriph_Driver\src\stm32f4xx_tim.o
LOAD Libraries\STM32F4xx_StdPeriph_Driver\src\stm32f4xx_syscfg.o
LOAD Libraries\STM32F4xx_StdPeriph_Driver\src\stm32f4xx_spi.o
LOAD Libraries\STM32F4xx_StdPeriph_Driver\src\stm32f4xx_sdio.o
LOAD Libraries\STM32F4xx_StdPeriph_Driver\src\stm32f4xx_rtc.o
LOAD Libraries\STM32F4xx_StdPeriph_Driver\src\stm32f4xx_rng.o
LOAD Libraries\STM32F4xx_StdPeriph_Driver\src\stm32f4xx_rcc.o
LOAD Libraries\STM32F4xx_StdPeriph_Driver\src\stm32f4xx_pwr.o
LOAD Libraries\STM32F4xx_StdPeriph_Driver\src\stm32f4xx_iwdg.o
LOAD Libraries\STM32F4xx_StdPeriph_Driver\src\stm32f4xx_i2c.o
LOAD Libraries\STM32F4xx_StdPeriph_Driver\src\stm32f4xx_hash_sha1.o
LOAD Libraries\STM32F4xx_StdPeriph_Driver\src\stm32f4xx_hash_md5.o
LOAD Libraries\STM32F4xx_StdPeriph_Driver\src\stm32f4xx_hash.o
LOAD Libraries\STM32F4xx_StdPeriph_Driver\src\stm32f4xx_gpio.o
LOAD Libraries\STM32F4xx_StdPeriph_Driver\src\stm32f4xx_fsmc.o
LOAD Libraries\STM32F4xx_StdPeriph_Driver\src\stm32f4xx_flash.o
LOAD Libraries\STM32F4xx_StdPeriph_Driver\src\stm32f4xx_exti.o
LOAD Libraries\STM32F4xx_StdPeriph_Driver\src\stm32f4xx_dma.o
LOAD Libraries\STM32F4xx_StdPeriph_Driver\src\stm32f4xx_dcmi.o
LOAD Libraries\STM32F4xx_StdPeriph_Driver\src\stm32f4xx_dbgmcu.o
LOAD Libraries\STM32F4xx_StdPeriph_Driver\src\stm32f4xx_dac.o
LOAD Libraries\STM32F4xx_StdPeriph_Driver\src\stm32f4xx_cryp_tdes.o
LOAD Libraries\STM32F4xx_StdPeriph_Driver\src\stm32f4xx_cryp_des.o
LOAD Libraries\STM32F4xx_StdPeriph_Driver\src\stm32f4xx_cryp_aes.o
LOAD Libraries\STM32F4xx_StdPeriph_Driver\src\stm32f4xx_cryp.o
LOAD Libraries\STM32F4xx_StdPeriph_Driver\src\stm32f4xx_crc.o
LOAD Libraries\STM32F4xx_StdPeriph_Driver\src\stm32f4xx_can.o
LOAD Libraries\STM32F4xx_StdPeriph_Driver\src\stm32f4xx_adc.o
LOAD Libraries\STM32F4xx_StdPeriph_Driver\src\misc.o
START GROUP
LOAD c:/program files (x86)/atollic/truestudio for arm 5.4.1/armtools/bin/../lib/gcc/arm-atollic-eabi/4.8.3/../../../../arm-atollic-eabi/lib/armv7e-m/fpu\libc_s.a
LOAD c:/program files (x86)/atollic/truestudio for arm 5.4.1/armtools/bin/../lib/gcc/arm-atollic-eabi/4.8.3/../../../../arm-atollic-eabi/lib/armv7e-m/fpu\libstdc++_s.a
LOAD c:/program files (x86)/atollic/truestudio for arm 5.4.1/armtools/bin/../lib/gcc/arm-atollic-eabi/4.8.3/../../../../arm-atollic-eabi/lib/armv7e-m/fpu\libsupc++_s.a
END GROUP
                0x00001000                malloc_getpagesize_P = 0x1000
LOAD c:/program files (x86)/atollic/truestudio for arm 5.4.1/armtools/bin/../lib/gcc/arm-atollic-eabi/4.8.3/../../../../arm-atollic-eabi/lib/armv7e-m/fpu\libstdc++.a
LOAD c:/program files (x86)/atollic/truestudio for arm 5.4.1/armtools/bin/../lib/gcc/arm-atollic-eabi/4.8.3/../../../../arm-atollic-eabi/lib/armv7e-m/fpu\libm.a
START GROUP
LOAD c:/program files (x86)/atollic/truestudio for arm 5.4.1/armtools/bin/../lib/gcc/arm-atollic-eabi/4.8.3/armv7e-m/fpu\libgcc.a
LOAD c:/program files (x86)/atollic/truestudio for arm 5.4.1/armtools/bin/../lib/gcc/arm-atollic-eabi/4.8.3/../../../../arm-atollic-eabi/lib/armv7e-m/fpu\libc.a
END GROUP
LOAD c:/program files (x86)/atollic/truestudio for arm 5.4.1/armtools/bin/../lib/gcc/arm-atollic-eabi/4.8.3/armv7e-m/fpu/crtend.o
LOAD c:/program files (x86)/atollic/truestudio for arm 5.4.1/armtools/bin/../lib/gcc/arm-atollic-eabi/4.8.3/armv7e-m/fpu/crtn.o
                0x20020000                _estack = 0x20020000
                0x00000000                _Min_Heap_Size = 0x0
                0x00000400                _Min_Stack_Size = 0x400

.isr_vector     0x08000000      0x188
                0x08000000                . = ALIGN (0x4)
 *(.isr_vector)
 .isr_vector    0x08000000      0x188 src\startup_stm32f40xx.o
                0x08000000                g_pfnVectors
                0x08000188                . = ALIGN (0x4)

.text           0x08000188     0x9c10
                0x08000188                . = ALIGN (0x4)
 *(.text)
 .text          0x08000188       0x40 c:/program files (x86)/atollic/truestudio for arm 5.4.1/armtools/bin/../lib/gcc/arm-atollic-eabi/4.8.3/armv7e-m/fpu/crtbegin.o
 .text          0x080001c8     0x5784 c:/program files (x86)/atollic/truestudio for arm 5.4.1/armtools/bin/../lib/gcc/arm-atollic-eabi/4.8.3/../../../../arm-atollic-eabi/lib/armv7e-m/fpu\libstdc++_s.a(cp-demangle.o)
                0x0800586c                __cxa_demangle
                0x08005930                __gcclibcxx_demangle_callback
 .text          0x0800594c       0x14 c:/program files (x86)/atollic/truestudio for arm 5.4.1/armtools/bin/../lib/gcc/arm-atollic-eabi/4.8.3/../../../../arm-atollic-eabi/lib/armv7e-m/fpu\libc_s.a(lib_a-strcmp.o)
                0x0800594c                strcmp
 *(.text*)
 .text.ts_itoa  0x08005960       0x90 src\tiny_printf.o
                0x08005960                ts_itoa
 .text.ts_formatstring
                0x080059f0      0x134 src\tiny_printf.o
                0x080059f0                ts_formatstring
 .text.siprintf
                0x08005b24       0x2c src\tiny_printf.o
                0x08005b24                siprintf
                0x08005b24                sprintf
 .text.fputs    0x08005b50       0x68 src\tiny_printf.o
                0x08005b50                fputs
 .text.SystemInit
                0x08005bb8       0x68 src\system_stm32f4xx.o
                0x08005bb8                SystemInit
 .text.SetSysClock
                0x08005c20       0xf4 src\system_stm32f4xx.o
 .text.NMI_Handler
                0x08005d14        0xc src\stm32f4xx_it.o
                0x08005d14                NMI_Handler
 .text.HardFault_Handler
                0x08005d20        0x8 src\stm32f4xx_it.o
                0x08005d20                HardFault_Handler
 .text.MemManage_Handler
                0x08005d28        0x8 src\stm32f4xx_it.o
                0x08005d28                MemManage_Handler
 .text.BusFault_Handler
                0x08005d30        0x8 src\stm32f4xx_it.o
                0x08005d30                BusFault_Handler
 .text.UsageFault_Handler
                0x08005d38        0x8 src\stm32f4xx_it.o
                0x08005d38                UsageFault_Handler
 .text.SVC_Handler
                0x08005d40        0xc src\stm32f4xx_it.o
                0x08005d40                SVC_Handler
 .text.DebugMon_Handler
                0x08005d4c        0xc src\stm32f4xx_it.o
                0x08005d4c                DebugMon_Handler
 .text.PendSV_Handler
                0x08005d58        0xc src\stm32f4xx_it.o
                0x08005d58                PendSV_Handler
 .text.Reset_Handler
                0x08005d64       0x58 src\startup_stm32f40xx.o
                0x08005d64                Reset_Handler
 .text.Default_Handler
                0x08005dbc        0x4 src\startup_stm32f40xx.o
                0x08005dbc                RTC_Alarm_IRQHandler
                0x08005dbc                HASH_RNG_IRQHandler
                0x08005dbc                TIM8_CC_IRQHandler
                0x08005dbc                TIM1_CC_IRQHandler
                0x08005dbc                DMA2_Stream5_IRQHandler
                0x08005dbc                DMA1_Stream5_IRQHandler
                0x08005dbc                PVD_IRQHandler
                0x08005dbc                SDIO_IRQHandler
                0x08005dbc                TAMP_STAMP_IRQHandler
                0x08005dbc                CAN2_RX1_IRQHandler
                0x08005dbc                TIM8_TRG_COM_TIM14_IRQHandler
                0x08005dbc                TIM1_UP_TIM10_IRQHandler
                0x08005dbc                TIM8_UP_TIM13_IRQHandler
                0x08005dbc                I2C3_ER_IRQHandler
                0x08005dbc                I2C2_EV_IRQHandler
                0x08005dbc                DMA1_Stream2_IRQHandler
                0x08005dbc                CAN1_RX0_IRQHandler
                0x08005dbc                FPU_IRQHandler
                0x08005dbc                OTG_HS_WKUP_IRQHandler
                0x08005dbc                CAN2_SCE_IRQHandler
                0x08005dbc                DMA2_Stream2_IRQHandler
                0x08005dbc                SPI1_IRQHandler
                0x08005dbc                TIM1_BRK_TIM9_IRQHandler
                0x08005dbc                DCMI_IRQHandler
                0x08005dbc                CAN2_RX0_IRQHandler
                0x08005dbc                DMA2_Stream3_IRQHandler
                0x08005dbc                USART6_IRQHandler
                0x08005dbc                USART3_IRQHandler
                0x08005dbc                CRYP_IRQHandler
                0x08005dbc                CAN1_RX1_IRQHandler
                0x08005dbc                UART5_IRQHandler
                0x08005dbc                DMA2_Stream0_IRQHandler
                0x08005dbc                TIM4_IRQHandler
                0x08005dbc                I2C1_EV_IRQHandler
                0x08005dbc                DMA1_Stream6_IRQHandler
                0x08005dbc                DMA1_Stream1_IRQHandler
                0x08005dbc                UART4_IRQHandler
                0x08005dbc                TIM3_IRQHandler
                0x08005dbc                RCC_IRQHandler
                0x08005dbc                TIM8_BRK_TIM12_IRQHandler
                0x08005dbc                Default_Handler
                0x08005dbc                ADC_IRQHandler
                0x08005dbc                TIM7_IRQHandler
                0x08005dbc                CAN2_TX_IRQHandler
                0x08005dbc                TIM5_IRQHandler
                0x08005dbc                DMA2_Stream7_IRQHandler
                0x08005dbc                I2C3_EV_IRQHandler
                0x08005dbc                RTC_WKUP_IRQHandler
                0x08005dbc                ETH_WKUP_IRQHandler
                0x08005dbc                SPI2_IRQHandler
                0x08005dbc                OTG_HS_EP1_IN_IRQHandler
                0x08005dbc                CAN1_TX_IRQHandler
                0x08005dbc                FSMC_IRQHandler
                0x08005dbc                ETH_IRQHandler
                0x08005dbc                OTG_HS_EP1_OUT_IRQHandler
                0x08005dbc                WWDG_IRQHandler
                0x08005dbc                TIM2_IRQHandler
                0x08005dbc                OTG_FS_WKUP_IRQHandler
                0x08005dbc                TIM1_TRG_COM_TIM11_IRQHandler
                0x08005dbc                OTG_HS_IRQHandler
                0x08005dbc                USART2_IRQHandler
                0x08005dbc                I2C2_ER_IRQHandler
                0x08005dbc                DMA2_Stream1_IRQHandler
                0x08005dbc                CAN1_SCE_IRQHandler
                0x08005dbc                FLASH_IRQHandler
                0x08005dbc                DMA2_Stream4_IRQHandler
                0x08005dbc                USART1_IRQHandler
                0x08005dbc                OTG_FS_IRQHandler
                0x08005dbc                DMA1_Stream4_IRQHandler
                0x08005dbc                I2C1_ER_IRQHandler
                0x08005dbc                DMA2_Stream6_IRQHandler
                0x08005dbc                DMA1_Stream3_IRQHandler
 .text._ZN3SPIC2EP11SPI_TypeDefP12GPIO_TypeDeft
                0x08005dc0       0xc0 src\own_libraries\SPI_interface.o
                0x08005dc0                SPI::SPI(SPI_TypeDef*, GPIO_TypeDef*, unsigned short)
                0x08005dc0                SPI::SPI(SPI_TypeDef*, GPIO_TypeDef*, unsigned short)
 .text._ZN3SPI9ASSERT_CSEi
                0x08005e80       0x40 src\own_libraries\SPI_interface.o
                0x08005e80                SPI::ASSERT_CS(int)
 .text._ZN3SPI3CMDEhhPhS0_
                0x08005ec0      0x178 src\own_libraries\SPI_interface.o
                0x08005ec0                SPI::CMD(unsigned char, unsigned char, unsigned char*, unsigned char*)
 .text._ZN3SPI10W_REGISTEREhhPh
                0x08006038       0x48 src\own_libraries\SPI_interface.o
                0x08006038                SPI::W_REGISTER(unsigned char, unsigned char, unsigned char*)
 .text._ZN3SPI10R_REGISTEREhhPh
                0x08006080       0x3c src\own_libraries\SPI_interface.o
                0x08006080                SPI::R_REGISTER(unsigned char, unsigned char, unsigned char*)
 .text._ZN3SPI3NOPEv
                0x080060bc       0x24 src\own_libraries\SPI_interface.o
                0x080060bc                SPI::NOP()
 .text._ZN8REGISTERC2Ev
                0x080060e0       0x40 src\own_libraries\REGISTER.o
                0x080060e0                REGISTER::REGISTER()
                0x080060e0                REGISTER::REGISTER()
 .text._ZN8REGISTER8set_sizeEh
                0x08006120       0x1c src\own_libraries\REGISTER.o
                0x08006120                REGISTER::set_size(unsigned char)
 .text._ZN8REGISTER11set_addressEh
                0x0800613c       0x1c src\own_libraries\REGISTER.o
                0x0800613c                REGISTER::set_address(unsigned char)
 .text._ZN16NRF_REGISTER_MAPC2Ev
                0x08006158      0x320 src\own_libraries\NRF_REGISTER_MAP.o
                0x08006158                NRF_REGISTER_MAP::NRF_REGISTER_MAP()
                0x08006158                NRF_REGISTER_MAP::NRF_REGISTER_MAP()
 .text._ZN3NRF10W_REGISTEREhhPh
                0x08006478       0x34 src\own_libraries\NRF24.o
                0x08006478                NRF::W_REGISTER(unsigned char, unsigned char, unsigned char*)
 .text._ZN3NRF10R_REGISTEREhhPh
                0x080064ac       0x34 src\own_libraries\NRF24.o
                0x080064ac                NRF::R_REGISTER(unsigned char, unsigned char, unsigned char*)
 .text._ZN3NRFC2EP12GPIO_TypeDeftS1_tP11SPI_TypeDefS1_tS1_tS1_tS1_t
                0x080064e0      0x22c src\own_libraries\NRF24.o
                0x080064e0                NRF::NRF(GPIO_TypeDef*, unsigned short, GPIO_TypeDef*, unsigned short, SPI_TypeDef*, GPIO_TypeDef*, unsigned short, GPIO_TypeDef*, unsigned short, GPIO_TypeDef*, unsigned short, GPIO_TypeDef*, unsigned short)
                0x080064e0                NRF::NRF(GPIO_TypeDef*, unsigned short, GPIO_TypeDef*, unsigned short, SPI_TypeDef*, GPIO_TypeDef*, unsigned short, GPIO_TypeDef*, unsigned short, GPIO_TypeDef*, unsigned short, GPIO_TypeDef*, unsigned short)
 .text._ZN3NRF9ASSERT_CEEi
                0x0800670c       0x48 src\own_libraries\NRF24.o
                0x0800670c                NRF::ASSERT_CE(int)
 .text._ZN3NRF5beginEv
                0x08006754       0xc0 src\own_libraries\NRF24.o
                0x08006754                NRF::begin()
 .text._ZN3NRF12stdbyI_to_RXEh
                0x08006814       0x7c src\own_libraries\NRF24.o
                0x08006814                NRF::stdbyI_to_RX(unsigned char)
 .text._ZN3NRF11EN_AA_setupEh
                0x08006890       0x40 src\own_libraries\NRF24.o
                0x08006890                NRF::EN_AA_setup(unsigned char)
 .text._ZN3NRF15EN_RXADDR_setupEh
                0x080068d0       0x40 src\own_libraries\NRF24.o
                0x080068d0                NRF::EN_RXADDR_setup(unsigned char)
 .text._ZN3NRF14SETUP_AW_setupEh
                0x08006910       0x40 src\own_libraries\NRF24.o
                0x08006910                NRF::SETUP_AW_setup(unsigned char)
 .text._ZN3NRF16SETUP_RETR_setupEh
                0x08006950       0x40 src\own_libraries\NRF24.o
                0x08006950                NRF::SETUP_RETR_setup(unsigned char)
 .text._ZN3NRF11RF_CH_setupEh
                0x08006990       0x40 src\own_libraries\NRF24.o
                0x08006990                NRF::RF_CH_setup(unsigned char)
 .text._ZN3NRF14RF_SETUP_setupEh
                0x080069d0       0x40 src\own_libraries\NRF24.o
                0x080069d0                NRF::RF_SETUP_setup(unsigned char)
 .text._ZN3NRF16RX_ADDR_Px_setupEhPh
                0x08006a10       0x64 src\own_libraries\NRF24.o
                0x08006a10                NRF::RX_ADDR_Px_setup(unsigned char, unsigned char*)
 .text._ZN3NRF16RX_ADDR_P0_setupEPh
                0x08006a74       0x6c src\own_libraries\NRF24.o
                0x08006a74                NRF::RX_ADDR_P0_setup(unsigned char*)
 .text._ZN3NRF16RX_ADDR_P1_setupEPh
                0x08006ae0       0x6c src\own_libraries\NRF24.o
                0x08006ae0                NRF::RX_ADDR_P1_setup(unsigned char*)
 .text._ZN3NRF14RX_PW_Px_setupEhh
                0x08006b4c       0x4c src\own_libraries\NRF24.o
                0x08006b4c                NRF::RX_PW_Px_setup(unsigned char, unsigned char)
 .text._ZN3NRF10DATA_READYEv
                0x08006b98       0x40 src\own_libraries\NRF24.o
                0x08006b98                NRF::DATA_READY()
 .text._ZN3NRF12start_listenEv
                0x08006bd8       0x18 src\own_libraries\NRF24.o
                0x08006bd8                NRF::start_listen()
 .text._ZN3NRF7RECEIVEEPh
                0x08006bf0       0x90 src\own_libraries\NRF24.o
                0x08006bf0                NRF::RECEIVE(unsigned char*)
 .text._ZN3NRF12READ_RX_FIFOEPh
                0x08006c80       0xd8 src\own_libraries\NRF24.o
                0x08006c80                NRF::READ_RX_FIFO(unsigned char*)
 .text._ZN3NRF20GET_PIPE_FOR_READINGEv
                0x08006d58       0x24 src\own_libraries\NRF24.o
                0x08006d58                NRF::GET_PIPE_FOR_READING()
 .text._ZN3NRF12RX_configureEv
                0x08006d7c       0x50 src\own_libraries\NRF24.o
                0x08006d7c                NRF::RX_configure()
 .text._ZN3NRF12RX_configureEP13config_Struct
                0x08006dcc       0xe4 src\own_libraries\NRF24.o
                0x08006dcc                NRF::RX_configure(config_Struct*)
 .text._Z21TimingDelay_Decrementv
                0x08006eb0       0x2c src\own_libraries\CONFIG.o
                0x08006eb0                TimingDelay_Decrement()
 .text.SysTick_Handler
                0x08006edc        0xc src\own_libraries\CONFIG.o
                0x08006edc                SysTick_Handler
 .text._Z14GPIO_Clock_CmdP12GPIO_TypeDef15FunctionalState
                0x08006ee8      0x13c src\own_libraries\CONFIG.o
                0x08006ee8                GPIO_Clock_Cmd(GPIO_TypeDef*, FunctionalState)
 .text._Z13SPI_Clock_CmdP11SPI_TypeDef15FunctionalState
                0x08007024       0xe8 src\own_libraries\CONFIG.o
                0x08007024                SPI_Clock_Cmd(SPI_TypeDef*, FunctionalState)
 .text._Z14GPIO_PinSourcet
                0x0800710c       0xd4 src\own_libraries\CONFIG.o
                0x0800710c                GPIO_PinSource(unsigned short)
 .text._Z12GPIO_AF_SPIxP11SPI_TypeDef
                0x080071e0       0xa8 src\own_libraries\CONFIG.o
                0x080071e0                GPIO_AF_SPIx(SPI_TypeDef*)
 .text._Z10EXTIx_IRQnt
                0x08007288       0xd4 src\own_libraries\CONFIG.o
                0x08007288                EXTIx_IRQn(unsigned short)
 .text._Z9EXTI_Linet
                0x0800735c       0xe0 src\own_libraries\CONFIG.o
                0x0800735c                EXTI_Line(unsigned short)
 .text._Z15EXTI_PortSourceP12GPIO_TypeDef
                0x0800743c       0xf0 src\own_libraries\CONFIG.o
                0x0800743c                EXTI_PortSource(GPIO_TypeDef*)
 .text._Z14EXTI_PinSourcet
                0x0800752c       0xd0 src\own_libraries\CONFIG.o
                0x0800752c                EXTI_PinSource(unsigned short)
 .text.NVIC_SetPriority
                0x080075fc       0x54 src\main.o
 .text.SysTick_Config
                0x08007650       0x44 src\main.o
 .text._ZN3NRF7IRQ_PinEv
                0x08007694       0x1c src\main.o
                0x08007694                NRF::IRQ_Pin()
 .text.main     0x080076b0       0xec src\main.o
                0x080076b0                main
 .text.TIM6_DAC_IRQHandler
                0x0800779c       0x2c src\main.o
                0x0800779c                TIM6_DAC_IRQHandler
 .text._Z19USB_receive_and_putP3NRF
                0x080077c8       0xa8 src\main.o
                0x080077c8                USB_receive_and_put(NRF*)
 .text.EXTI0_IRQHandler
                0x08007870       0x24 src\main.o
                0x08007870                EXTI0_IRQHandler
 .text.EXTI1_IRQHandler
                0x08007894       0x24 src\main.o
                0x08007894                EXTI1_IRQHandler
 .text.EXTI2_IRQHandler
                0x080078b8       0x24 src\main.o
                0x080078b8                EXTI2_IRQHandler
 .text.EXTI3_IRQHandler
                0x080078dc       0x24 src\main.o
                0x080078dc                EXTI3_IRQHandler
 .text.EXTI4_IRQHandler
                0x08007900       0x24 src\main.o
                0x08007900                EXTI4_IRQHandler
 .text.EXTI9_5_IRQHandler
                0x08007924       0x38 src\main.o
                0x08007924                EXTI9_5_IRQHandler
 .text.EXTI15_10_IRQHandler
                0x0800795c       0x38 src\main.o
                0x0800795c                EXTI15_10_IRQHandler
 .text.EVAL_AUDIO_TransferComplete_CallBack
                0x08007994       0x18 src\main.o
                0x08007994                EVAL_AUDIO_TransferComplete_CallBack
 .text.EVAL_AUDIO_GetSampleCallBack
                0x080079ac       0x14 src\main.o
                0x080079ac                EVAL_AUDIO_GetSampleCallBack
 .text._Z41__static_initialization_and_destruction_0ii
                0x080079c0       0x2c src\main.o
 .text._GLOBAL__sub_I_TimingDelay
                0x080079ec       0x10 src\main.o
 .text.NVIC_EnableIRQ
                0x080079fc       0x30 src\control\TimerTime.o
 .text.NVIC_SetPriority
                0x08007a2c       0x54 src\control\TimerTime.o
 .text._ZN10Timer_TimeC2Ev
                0x08007a80       0x64 src\control\TimerTime.o
                0x08007a80                Timer_Time::Timer_Time()
                0x08007a80                Timer_Time::Timer_Time()
 .text._ZN4RoboC2Ev
                0x08007ae4      0x28c src\control\Robo.o
                0x08007ae4                Robo::Robo()
                0x08007ae4                Robo::Robo()
 .text._ZN4Robo8set_pwmsEPi
                0x08007d70       0x44 src\control\Robo.o
                0x08007d70                Robo::set_pwms(int*)
 .text._ZN3PwmC2EP12GPIO_TypeDefmP11TIM_TypeDefhhhb
                0x08007db4      0x1ec src\control\Pwm.o
                0x08007db4                Pwm::Pwm(GPIO_TypeDef*, unsigned long, TIM_TypeDef*, unsigned char, unsigned char, unsigned char, bool)
                0x08007db4                Pwm::Pwm(GPIO_TypeDef*, unsigned long, TIM_TypeDef*, unsigned char, unsigned char, unsigned char, bool)
 .text._ZN3Pwm13set_DutyCycleEt
                0x08007fa0       0x74 src\control\Pwm.o
                0x08007fa0                Pwm::set_DutyCycle(unsigned short)
 .text._ZN5MotorC2EP3PwmP4GPIOS1_S3_P7EncoderP10Timer_Time
                0x08008014       0x40 src\control\Motor.o
                0x08008014                Motor::Motor(Pwm*, GPIO*, Pwm*, GPIO*, Encoder*, Timer_Time*)
                0x08008014                Motor::Motor(Pwm*, GPIO*, Pwm*, GPIO*, Encoder*, Timer_Time*)
 .text._ZN5Motor6AnswerEs
                0x08008054       0xa4 src\control\Motor.o
                0x08008054                Motor::Answer(short)
 .text._ZN4GPIOC2EP12GPIO_TypeDeft
                0x080080f8       0xb4 src\control\GPIO.o
                0x080080f8                GPIO::GPIO(GPIO_TypeDef*, unsigned short)
                0x080080f8                GPIO::GPIO(GPIO_TypeDef*, unsigned short)
 .text._ZN4GPIO3SetEv
                0x080081ac       0x20 src\control\GPIO.o
                0x080081ac                GPIO::Set()
 .text._ZN4GPIO5ResetEv
                0x080081cc       0x20 src\control\GPIO.o
                0x080081cc                GPIO::Reset()
 .text._ZN7EncoderC2EP12GPIO_TypeDefS1_mmP11TIM_TypeDefhhh
                0x080081ec      0x16c src\control\Encoder.o
                0x080081ec                Encoder::Encoder(GPIO_TypeDef*, GPIO_TypeDef*, unsigned long, unsigned long, TIM_TypeDef*, unsigned char, unsigned char, unsigned char)
                0x080081ec                Encoder::Encoder(GPIO_TypeDef*, GPIO_TypeDef*, unsigned long, unsigned long, TIM_TypeDef*, unsigned char, unsigned char, unsigned char)
 .text.Audio_MAL_IRQHandler
                0x08008358       0xf8 Utilities\STM32F4-Discovery\stm32f4_discovery_audio_codec.o
 .text.DMA1_Stream7_IRQHandler
                0x08008450        0xc Utilities\STM32F4-Discovery\stm32f4_discovery_audio_codec.o
                0x08008450                DMA1_Stream7_IRQHandler
 .text.DMA1_Stream0_IRQHandler
                0x0800845c        0xc Utilities\STM32F4-Discovery\stm32f4_discovery_audio_codec.o
                0x0800845c                DMA1_Stream0_IRQHandler
 .text.SPI3_IRQHandler
                0x08008468       0x40 Utilities\STM32F4-Discovery\stm32f4_discovery_audio_codec.o
                0x08008468                SPI3_IRQHandler
 .text.STM_EVAL_LEDInit
                0x080084a8       0x5c Utilities\STM32F4-Discovery\stm32f4_discovery.o
                0x080084a8                STM_EVAL_LEDInit
 .text.STM_EVAL_LEDOn
                0x08008504       0x30 Utilities\STM32F4-Discovery\stm32f4_discovery.o
                0x08008504                STM_EVAL_LEDOn
 .text.STM_EVAL_LEDOff
                0x08008534       0x30 Utilities\STM32F4-Discovery\stm32f4_discovery.o
                0x08008534                STM_EVAL_LEDOff
 .text.STM_EVAL_LEDToggle
                0x08008564       0x3c Utilities\STM32F4-Discovery\stm32f4_discovery.o
                0x08008564                STM_EVAL_LEDToggle
 .text.TIM_DeInit
                0x080085a0      0x1bc Libraries\STM32F4xx_StdPeriph_Driver\src\stm32f4xx_tim.o
                0x080085a0                TIM_DeInit
 .text.TIM_TimeBaseInit
                0x0800875c       0xd4 Libraries\STM32F4xx_StdPeriph_Driver\src\stm32f4xx_tim.o
                0x0800875c                TIM_TimeBaseInit
 .text.TIM_SetCounter
                0x08008830       0x1c Libraries\STM32F4xx_StdPeriph_Driver\src\stm32f4xx_tim.o
                0x08008830                TIM_SetCounter
 .text.TIM_ARRPreloadConfig
                0x0800884c       0x40 Libraries\STM32F4xx_StdPeriph_Driver\src\stm32f4xx_tim.o
                0x0800884c                TIM_ARRPreloadConfig
 .text.TIM_Cmd  0x0800888c       0x40 Libraries\STM32F4xx_StdPeriph_Driver\src\stm32f4xx_tim.o
                0x0800888c                TIM_Cmd
 .text.TIM_OC1Init
                0x080088cc       0xf4 Libraries\STM32F4xx_StdPeriph_Driver\src\stm32f4xx_tim.o
                0x080088cc                TIM_OC1Init
 .text.TIM_OC2Init
                0x080089c0      0x110 Libraries\STM32F4xx_StdPeriph_Driver\src\stm32f4xx_tim.o
                0x080089c0                TIM_OC2Init
 .text.TIM_OC3Init
                0x08008ad0      0x10c Libraries\STM32F4xx_StdPeriph_Driver\src\stm32f4xx_tim.o
                0x08008ad0                TIM_OC3Init
 .text.TIM_OC4Init
                0x08008bdc       0xcc Libraries\STM32F4xx_StdPeriph_Driver\src\stm32f4xx_tim.o
                0x08008bdc                TIM_OC4Init
 .text.TIM_SetCompare1
                0x08008ca8       0x1c Libraries\STM32F4xx_StdPeriph_Driver\src\stm32f4xx_tim.o
                0x08008ca8                TIM_SetCompare1
 .text.TIM_SetCompare2
                0x08008cc4       0x1c Libraries\STM32F4xx_StdPeriph_Driver\src\stm32f4xx_tim.o
                0x08008cc4                TIM_SetCompare2
 .text.TIM_SetCompare3
                0x08008ce0       0x1c Libraries\STM32F4xx_StdPeriph_Driver\src\stm32f4xx_tim.o
                0x08008ce0                TIM_SetCompare3
 .text.TIM_SetCompare4
                0x08008cfc       0x1c Libraries\STM32F4xx_StdPeriph_Driver\src\stm32f4xx_tim.o
                0x08008cfc                TIM_SetCompare4
 .text.TIM_OC1PreloadConfig
                0x08008d18       0x38 Libraries\STM32F4xx_StdPeriph_Driver\src\stm32f4xx_tim.o
                0x08008d18                TIM_OC1PreloadConfig
 .text.TIM_OC2PreloadConfig
                0x08008d50       0x3c Libraries\STM32F4xx_StdPeriph_Driver\src\stm32f4xx_tim.o
                0x08008d50                TIM_OC2PreloadConfig
 .text.TIM_OC3PreloadConfig
                0x08008d8c       0x38 Libraries\STM32F4xx_StdPeriph_Driver\src\stm32f4xx_tim.o
                0x08008d8c                TIM_OC3PreloadConfig
 .text.TIM_OC4PreloadConfig
                0x08008dc4       0x3c Libraries\STM32F4xx_StdPeriph_Driver\src\stm32f4xx_tim.o
                0x08008dc4                TIM_OC4PreloadConfig
 .text.TIM_CtrlPWMOutputs
                0x08008e00       0x4c Libraries\STM32F4xx_StdPeriph_Driver\src\stm32f4xx_tim.o
                0x08008e00                TIM_CtrlPWMOutputs
 .text.TIM_ITConfig
                0x08008e4c       0x48 Libraries\STM32F4xx_StdPeriph_Driver\src\stm32f4xx_tim.o
                0x08008e4c                TIM_ITConfig
 .text.TIM_GetITStatus
                0x08008e94       0x54 Libraries\STM32F4xx_StdPeriph_Driver\src\stm32f4xx_tim.o
                0x08008e94                TIM_GetITStatus
 .text.TIM_ClearITPendingBit
                0x08008ee8       0x20 Libraries\STM32F4xx_StdPeriph_Driver\src\stm32f4xx_tim.o
                0x08008ee8                TIM_ClearITPendingBit
 .text.TIM_EncoderInterfaceConfig
                0x08008f08       0x8c Libraries\STM32F4xx_StdPeriph_Driver\src\stm32f4xx_tim.o
                0x08008f08                TIM_EncoderInterfaceConfig
 .text.SYSCFG_EXTILineConfig
                0x08008f94       0x7c Libraries\STM32F4xx_StdPeriph_Driver\src\stm32f4xx_syscfg.o
                0x08008f94                SYSCFG_EXTILineConfig
 .text.SPI_Init
                0x08009010       0x88 Libraries\STM32F4xx_StdPeriph_Driver\src\stm32f4xx_spi.o
                0x08009010                SPI_Init
 .text.SPI_Cmd  0x08009098       0x40 Libraries\STM32F4xx_StdPeriph_Driver\src\stm32f4xx_spi.o
                0x08009098                SPI_Cmd
 .text.SPI_I2S_ReceiveData
                0x080090d8       0x1c Libraries\STM32F4xx_StdPeriph_Driver\src\stm32f4xx_spi.o
                0x080090d8                SPI_I2S_ReceiveData
 .text.SPI_I2S_SendData
                0x080090f4       0x1c Libraries\STM32F4xx_StdPeriph_Driver\src\stm32f4xx_spi.o
                0x080090f4                SPI_I2S_SendData
 .text.SPI_I2S_GetFlagStatus
                0x08009110       0x38 Libraries\STM32F4xx_StdPeriph_Driver\src\stm32f4xx_spi.o
                0x08009110                SPI_I2S_GetFlagStatus
 .text.RCC_AHB1PeriphClockCmd
                0x08009148       0x3c Libraries\STM32F4xx_StdPeriph_Driver\src\stm32f4xx_rcc.o
                0x08009148                RCC_AHB1PeriphClockCmd
 .text.RCC_APB1PeriphClockCmd
                0x08009184       0x3c Libraries\STM32F4xx_StdPeriph_Driver\src\stm32f4xx_rcc.o
                0x08009184                RCC_APB1PeriphClockCmd
 .text.RCC_APB2PeriphClockCmd
                0x080091c0       0x3c Libraries\STM32F4xx_StdPeriph_Driver\src\stm32f4xx_rcc.o
                0x080091c0                RCC_APB2PeriphClockCmd
 .text.RCC_APB1PeriphResetCmd
                0x080091fc       0x3c Libraries\STM32F4xx_StdPeriph_Driver\src\stm32f4xx_rcc.o
                0x080091fc                RCC_APB1PeriphResetCmd
 .text.RCC_APB2PeriphResetCmd
                0x08009238       0x3c Libraries\STM32F4xx_StdPeriph_Driver\src\stm32f4xx_rcc.o
                0x08009238                RCC_APB2PeriphResetCmd
 .text.GPIO_Init
                0x08009274      0x11c Libraries\STM32F4xx_StdPeriph_Driver\src\stm32f4xx_gpio.o
                0x08009274                GPIO_Init
 .text.GPIO_ReadInputDataBit
                0x08009390       0x34 Libraries\STM32F4xx_StdPeriph_Driver\src\stm32f4xx_gpio.o
                0x08009390                GPIO_ReadInputDataBit
 .text.GPIO_SetBits
                0x080093c4       0x1c Libraries\STM32F4xx_StdPeriph_Driver\src\stm32f4xx_gpio.o
                0x080093c4                GPIO_SetBits
 .text.GPIO_ResetBits
                0x080093e0       0x1c Libraries\STM32F4xx_StdPeriph_Driver\src\stm32f4xx_gpio.o
                0x080093e0                GPIO_ResetBits
 .text.GPIO_PinAFConfig
                0x080093fc       0x8c Libraries\STM32F4xx_StdPeriph_Driver\src\stm32f4xx_gpio.o
                0x080093fc                GPIO_PinAFConfig
 .text.EXTI_Init
                0x08009488       0xdc Libraries\STM32F4xx_StdPeriph_Driver\src\stm32f4xx_exti.o
                0x08009488                EXTI_Init
 .text.EXTI_GetITStatus
                0x08009564       0x48 Libraries\STM32F4xx_StdPeriph_Driver\src\stm32f4xx_exti.o
                0x08009564                EXTI_GetITStatus
 .text.EXTI_ClearITPendingBit
                0x080095ac       0x1c Libraries\STM32F4xx_StdPeriph_Driver\src\stm32f4xx_exti.o
                0x080095ac                EXTI_ClearITPendingBit
 .text.DMA_Init
                0x080095c8       0xac Libraries\STM32F4xx_StdPeriph_Driver\src\stm32f4xx_dma.o
                0x080095c8                DMA_Init
 .text.DMA_Cmd  0x08009674       0x38 Libraries\STM32F4xx_StdPeriph_Driver\src\stm32f4xx_dma.o
                0x08009674                DMA_Cmd
 .text.DMA_GetCmdStatus
                0x080096ac       0x30 Libraries\STM32F4xx_StdPeriph_Driver\src\stm32f4xx_dma.o
                0x080096ac                DMA_GetCmdStatus
 .text.DMA_GetFlagStatus
                0x080096dc       0x78 Libraries\STM32F4xx_StdPeriph_Driver\src\stm32f4xx_dma.o
                0x080096dc                DMA_GetFlagStatus
 .text.DMA_ClearFlag
                0x08009754       0x5c Libraries\STM32F4xx_StdPeriph_Driver\src\stm32f4xx_dma.o
                0x08009754                DMA_ClearFlag
 .text.DAC_SetChannel1Data
                0x080097b0       0x34 Libraries\STM32F4xx_StdPeriph_Driver\src\stm32f4xx_dac.o
                0x080097b0                DAC_SetChannel1Data
 .text.NVIC_Init
                0x080097e4       0xbc Libraries\STM32F4xx_StdPeriph_Driver\src\misc.o
                0x080097e4                NVIC_Init
 .text.__libc_init_array
                0x080098a0       0x4c c:/program files (x86)/atollic/truestudio for arm 5.4.1/armtools/bin/../lib/gcc/arm-atollic-eabi/4.8.3/../../../../arm-atollic-eabi/lib/armv7e-m/fpu\libc_s.a(lib_a-init.o)
                0x080098a0                __libc_init_array
 .text.strlen   0x080098ec       0x10 c:/program files (x86)/atollic/truestudio for arm 5.4.1/armtools/bin/../lib/gcc/arm-atollic-eabi/4.8.3/../../../../arm-atollic-eabi/lib/armv7e-m/fpu\libc_s.a(lib_a-strlen.o)
                0x080098ec                strlen
 .text._getpid  0x080098fc        0x4 c:/program files (x86)/atollic/truestudio for arm 5.4.1/armtools/bin/../lib/gcc/arm-atollic-eabi/4.8.3/../../../../arm-atollic-eabi/lib/armv7e-m/fpu\libc_s.a(lib_a-syscalls.o)
                0x080098fc                _getpid
 .text._kill    0x08009900       0x10 c:/program files (x86)/atollic/truestudio for arm 5.4.1/armtools/bin/../lib/gcc/arm-atollic-eabi/4.8.3/../../../../arm-atollic-eabi/lib/armv7e-m/fpu\libc_s.a(lib_a-syscalls.o)
                0x08009900                _kill
 .text._exit    0x08009910        0xc c:/program files (x86)/atollic/truestudio for arm 5.4.1/armtools/bin/../lib/gcc/arm-atollic-eabi/4.8.3/../../../../arm-atollic-eabi/lib/armv7e-m/fpu\libc_s.a(lib_a-syscalls.o)
                0x08009910                _exit
 .text._write   0x0800991c        0x4 c:/program files (x86)/atollic/truestudio for arm 5.4.1/armtools/bin/../lib/gcc/arm-atollic-eabi/4.8.3/../../../../arm-atollic-eabi/lib/armv7e-m/fpu\libc_s.a(lib_a-syscalls.o)
                0x0800991c                _write
 .text._sbrk    0x08009920       0x34 c:/program files (x86)/atollic/truestudio for arm 5.4.1/armtools/bin/../lib/gcc/arm-atollic-eabi/4.8.3/../../../../arm-atollic-eabi/lib/armv7e-m/fpu\libc_s.a(lib_a-syscalls.o)
                0x08009920                _sbrk
 .text._free_r  0x08009954       0x88 c:/program files (x86)/atollic/truestudio for arm 5.4.1/armtools/bin/../lib/gcc/arm-atollic-eabi/4.8.3/../../../../arm-atollic-eabi/lib/armv7e-m/fpu\libc_s.a(lib_a-nano-freer.o)
                0x08009954                _free_r
 .text._malloc_r
                0x080099dc       0xa8 c:/program files (x86)/atollic/truestudio for arm 5.4.1/armtools/bin/../lib/gcc/arm-atollic-eabi/4.8.3/../../../../arm-atollic-eabi/lib/armv7e-m/fpu\libc_s.a(lib_a-nano-mallocr.o)
                0x080099dc                _malloc_r
 .text._sbrk_r  0x08009a84       0x20 c:/program files (x86)/atollic/truestudio for arm 5.4.1/armtools/bin/../lib/gcc/arm-atollic-eabi/4.8.3/../../../../arm-atollic-eabi/lib/armv7e-m/fpu\libc_s.a(lib_a-sbrkr.o)
                0x08009a84                _sbrk_r
 .text.__cxa_pure_virtual
                0x08009aa4       0x14 c:/program files (x86)/atollic/truestudio for arm 5.4.1/armtools/bin/../lib/gcc/arm-atollic-eabi/4.8.3/../../../../arm-atollic-eabi/lib/armv7e-m/fpu\libstdc++_s.a(pure.o)
                0x08009aa4                __cxa_pure_virtual
 .text._Znwj    0x08009ab8       0x28 c:/program files (x86)/atollic/truestudio for arm 5.4.1/armtools/bin/../lib/gcc/arm-atollic-eabi/4.8.3/../../../../arm-atollic-eabi/lib/armv7e-m/fpu\libstdc++_s.a(new_op.o)
                0x08009ab8                operator new(unsigned int)
 .text._ZN10__cxxabiv111__terminateEPFvvE
                0x08009ae0        0x8 c:/program files (x86)/atollic/truestudio for arm 5.4.1/armtools/bin/../lib/gcc/arm-atollic-eabi/4.8.3/../../../../arm-atollic-eabi/lib/armv7e-m/fpu\libstdc++_s.a(eh_terminate.o)
                0x08009ae0                __cxxabiv1::__terminate(void (*)())
 .text._ZSt9terminatev
                0x08009ae8       0x10 c:/program files (x86)/atollic/truestudio for arm 5.4.1/armtools/bin/../lib/gcc/arm-atollic-eabi/4.8.3/../../../../arm-atollic-eabi/lib/armv7e-m/fpu\libstdc++_s.a(eh_terminate.o)
                0x08009ae8                std::terminate()
 .text._ZN9__gnu_cxx27__verbose_terminate_handlerEv
                0x08009af8       0x98 c:/program files (x86)/atollic/truestudio for arm 5.4.1/armtools/bin/../lib/gcc/arm-atollic-eabi/4.8.3/../../../../arm-atollic-eabi/lib/armv7e-m/fpu\libstdc++_s.a(vterminate.o)
                0x08009af8                __gnu_cxx::__verbose_terminate_handler()
 .text.__cxa_current_exception_type
                0x08009b90       0x1a c:/program files (x86)/atollic/truestudio for arm 5.4.1/armtools/bin/../lib/gcc/arm-atollic-eabi/4.8.3/../../../../arm-atollic-eabi/lib/armv7e-m/fpu\libstdc++_s.a(eh_type.o)
                0x08009b90                __cxa_current_exception_type
 *fill*         0x08009baa        0x2 
 .text.__cxa_get_globals
                0x08009bac        0x8 c:/program files (x86)/atollic/truestudio for arm 5.4.1/armtools/bin/../lib/gcc/arm-atollic-eabi/4.8.3/../../../../arm-atollic-eabi/lib/armv7e-m/fpu\libstdc++_s.a(eh_globals.o)
                0x08009bac                __cxa_get_globals
 .text.abort    0x08009bb4        0xe c:/program files (x86)/atollic/truestudio for arm 5.4.1/armtools/bin/../lib/gcc/arm-atollic-eabi/4.8.3/../../../../arm-atollic-eabi/lib/armv7e-m/fpu\libc_s.a(lib_a-abort.o)
                0x08009bb4                abort
 *fill*         0x08009bc2        0x2 
 .text.malloc   0x08009bc4       0x10 c:/program files (x86)/atollic/truestudio for arm 5.4.1/armtools/bin/../lib/gcc/arm-atollic-eabi/4.8.3/../../../../arm-atollic-eabi/lib/armv7e-m/fpu\libc_s.a(lib_a-malloc.o)
                0x08009bc4                malloc
 .text.free     0x08009bd4       0x10 c:/program files (x86)/atollic/truestudio for arm 5.4.1/armtools/bin/../lib/gcc/arm-atollic-eabi/4.8.3/../../../../arm-atollic-eabi/lib/armv7e-m/fpu\libc_s.a(lib_a-malloc.o)
                0x08009bd4                free
 .text.memcmp   0x08009be4       0x1e c:/program files (x86)/atollic/truestudio for arm 5.4.1/armtools/bin/../lib/gcc/arm-atollic-eabi/4.8.3/../../../../arm-atollic-eabi/lib/armv7e-m/fpu\libc_s.a(lib_a-memcmp.o)
                0x08009be4                memcmp
 .text.memcpy   0x08009c02       0x12 c:/program files (x86)/atollic/truestudio for arm 5.4.1/armtools/bin/../lib/gcc/arm-atollic-eabi/4.8.3/../../../../arm-atollic-eabi/lib/armv7e-m/fpu\libc_s.a(lib_a-memcpy-stub.o)
                0x08009c02                memcpy
 .text.realloc  0x08009c14       0x14 c:/program files (x86)/atollic/truestudio for arm 5.4.1/armtools/bin/../lib/gcc/arm-atollic-eabi/4.8.3/../../../../arm-atollic-eabi/lib/armv7e-m/fpu\libc_s.a(lib_a-realloc.o)
                0x08009c14                realloc
 .text._raise_r
                0x08009c28       0x50 c:/program files (x86)/atollic/truestudio for arm 5.4.1/armtools/bin/../lib/gcc/arm-atollic-eabi/4.8.3/../../../../arm-atollic-eabi/lib/armv7e-m/fpu\libc_s.a(lib_a-signal.o)
                0x08009c28                _raise_r
 .text.raise    0x08009c78       0x10 c:/program files (x86)/atollic/truestudio for arm 5.4.1/armtools/bin/../lib/gcc/arm-atollic-eabi/4.8.3/../../../../arm-atollic-eabi/lib/armv7e-m/fpu\libc_s.a(lib_a-signal.o)
                0x08009c78                raise
 .text._kill_r  0x08009c88       0x24 c:/program files (x86)/atollic/truestudio for arm 5.4.1/armtools/bin/../lib/gcc/arm-atollic-eabi/4.8.3/../../../../arm-atollic-eabi/lib/armv7e-m/fpu\libc_s.a(lib_a-signalr.o)
                0x08009c88                _kill_r
 .text._getpid_r
                0x08009cac        0x4 c:/program files (x86)/atollic/truestudio for arm 5.4.1/armtools/bin/../lib/gcc/arm-atollic-eabi/4.8.3/../../../../arm-atollic-eabi/lib/armv7e-m/fpu\libc_s.a(lib_a-signalr.o)
                0x08009cac                _getpid_r
 .text.strncmp  0x08009cb0       0x2e c:/program files (x86)/atollic/truestudio for arm 5.4.1/armtools/bin/../lib/gcc/arm-atollic-eabi/4.8.3/../../../../arm-atollic-eabi/lib/armv7e-m/fpu\libc_s.a(lib_a-strncmp.o)
                0x08009cb0                strncmp
 *fill*         0x08009cde        0x2 
 .text.write    0x08009ce0       0x1c c:/program files (x86)/atollic/truestudio for arm 5.4.1/armtools/bin/../lib/gcc/arm-atollic-eabi/4.8.3/../../../../arm-atollic-eabi/lib/armv7e-m/fpu\libc_s.a(lib_a-syswrite.o)
                0x08009ce0                write
 .text._write_r
                0x08009cfc       0x24 c:/program files (x86)/atollic/truestudio for arm 5.4.1/armtools/bin/../lib/gcc/arm-atollic-eabi/4.8.3/../../../../arm-atollic-eabi/lib/armv7e-m/fpu\libc_s.a(lib_a-writer.o)
                0x08009cfc                _write_r
 .text._realloc_r
                0x08009d20       0x4c c:/program files (x86)/atollic/truestudio for arm 5.4.1/armtools/bin/../lib/gcc/arm-atollic-eabi/4.8.3/../../../../arm-atollic-eabi/lib/armv7e-m/fpu\libc_s.a(lib_a-nano-reallocr.o)
                0x08009d20                _realloc_r
 .text._malloc_usable_size_r
                0x08009d6c       0x12 c:/program files (x86)/atollic/truestudio for arm 5.4.1/armtools/bin/../lib/gcc/arm-atollic-eabi/4.8.3/../../../../arm-atollic-eabi/lib/armv7e-m/fpu\libc_s.a(lib_a-nano-msizer.o)
                0x08009d6c                _malloc_usable_size_r
 *(.glue_7)
 .glue_7        0x00000000        0x0 linker stubs
 *(.glue_7t)
 .glue_7t       0x00000000        0x0 linker stubs
 *(.eh_frame)
 *fill*         0x08009d7e        0x2 
 .eh_frame      0x08009d80        0x0 c:/program files (x86)/atollic/truestudio for arm 5.4.1/armtools/bin/../lib/gcc/arm-atollic-eabi/4.8.3/armv7e-m/fpu/crtbegin.o
 *(.init)
 .init          0x08009d80        0x4 c:/program files (x86)/atollic/truestudio for arm 5.4.1/armtools/bin/../lib/gcc/arm-atollic-eabi/4.8.3/armv7e-m/fpu/crti.o
                0x08009d80                _init
 .init          0x08009d84        0x8 c:/program files (x86)/atollic/truestudio for arm 5.4.1/armtools/bin/../lib/gcc/arm-atollic-eabi/4.8.3/armv7e-m/fpu/crtn.o
 *(.fini)
 .fini          0x08009d8c        0x4 c:/program files (x86)/atollic/truestudio for arm 5.4.1/armtools/bin/../lib/gcc/arm-atollic-eabi/4.8.3/armv7e-m/fpu/crti.o
                0x08009d8c                _fini
 .fini          0x08009d90        0x8 c:/program files (x86)/atollic/truestudio for arm 5.4.1/armtools/bin/../lib/gcc/arm-atollic-eabi/4.8.3/armv7e-m/fpu/crtn.o
                0x08009d98                . = ALIGN (0x4)
                0x08009d98                _etext = .

.vfp11_veneer   0x08009d98        0x0
 .vfp11_veneer  0x00000000        0x0 linker stubs

.v4_bx          0x08009d98        0x0
 .v4_bx         0x00000000        0x0 linker stubs

.iplt           0x08009d98        0x0
 .iplt          0x00000000        0x0 c:/program files (x86)/atollic/truestudio for arm 5.4.1/armtools/bin/../lib/gcc/arm-atollic-eabi/4.8.3/armv7e-m/fpu/crtbegin.o

.rodata         0x08009d98     0x1034
                0x08009d98                . = ALIGN (0x4)
 *(.rodata)
 .rodata        0x08009d98        0x4 src\tiny_printf.o
 .rodata        0x08009d9c        0x8 src\own_libraries\NRF24.o
 .rodata        0x08009da4      0x738 c:/program files (x86)/atollic/truestudio for arm 5.4.1/armtools/bin/../lib/gcc/arm-atollic-eabi/4.8.3/../../../../arm-atollic-eabi/lib/armv7e-m/fpu\libstdc++_s.a(cp-demangle.o)
 *(.rodata*)
 *fill*         0x0800a4dc        0x4 
 .rodata._ZTV16NRF_REGISTER_MAP
                0x0800a4e0       0x10 src\own_libraries\NRF_REGISTER_MAP.o
                0x0800a4e0                vtable for NRF_REGISTER_MAP
 .rodata._ZTV3NRF
                0x0800a4f0       0x10 src\own_libraries\NRF24.o
                0x0800a4f0                vtable for NRF
 .rodata.GPIO_PIN
                0x0800a500        0x8 Utilities\STM32F4-Discovery\stm32f4_discovery.o
                0x0800a500                GPIO_PIN
 .rodata.GPIO_CLK
                0x0800a508       0x10 Utilities\STM32F4-Discovery\stm32f4_discovery.o
                0x0800a508                GPIO_CLK
 .rodata.str1.1
                0x0800a518        0x2 c:/program files (x86)/atollic/truestudio for arm 5.4.1/armtools/bin/../lib/gcc/arm-atollic-eabi/4.8.3/../../../../arm-atollic-eabi/lib/armv7e-m/fpu\libc_s.a(lib_a-impure.o)
 .rodata.str1.1
                0x0800a51a       0x3b c:/program files (x86)/atollic/truestudio for arm 5.4.1/armtools/bin/../lib/gcc/arm-atollic-eabi/4.8.3/../../../../arm-atollic-eabi/lib/armv7e-m/fpu\libstdc++_s.a(pure.o)
 .rodata.str1.1
                0x0800a555       0x80 c:/program files (x86)/atollic/truestudio for arm 5.4.1/armtools/bin/../lib/gcc/arm-atollic-eabi/4.8.3/../../../../arm-atollic-eabi/lib/armv7e-m/fpu\libstdc++_s.a(vterminate.o)
 *fill*         0x0800a5d5        0x3 
 .rodata.str1.4
                0x0800a5d8      0x7f4 c:/program files (x86)/atollic/truestudio for arm 5.4.1/armtools/bin/../lib/gcc/arm-atollic-eabi/4.8.3/../../../../arm-atollic-eabi/lib/armv7e-m/fpu\libstdc++_s.a(cp-demangle.o)
                                0x840 (size before relaxing)
                0x0800adcc                . = ALIGN (0x4)

.rel.dyn        0x0800adcc        0x0
 .rel.iplt      0x00000000        0x0 c:/program files (x86)/atollic/truestudio for arm 5.4.1/armtools/bin/../lib/gcc/arm-atollic-eabi/4.8.3/armv7e-m/fpu/crtbegin.o

.ARM.extab
 *(.ARM.extab* .gnu.linkonce.armextab.*)

.ARM            0x0800adcc        0x0
                0x0800adcc                __exidx_start = .
 *(.ARM.exidx*)
                0x0800adcc                __exidx_end = .

.preinit_array  0x0800adcc        0x0
                0x0800adcc                PROVIDE (__preinit_array_start, .)
 *(.preinit_array*)
                0x0800adcc                PROVIDE (__preinit_array_end, .)

.init_array     0x0800adcc        0x8
                0x0800adcc                PROVIDE (__init_array_start, .)
 *(SORT(.init_array.*))
 *(.init_array*)
 .init_array    0x0800adcc        0x4 c:/program files (x86)/atollic/truestudio for arm 5.4.1/armtools/bin/../lib/gcc/arm-atollic-eabi/4.8.3/armv7e-m/fpu/crtbegin.o
 .init_array    0x0800add0        0x4 src\main.o
                0x0800add4                PROVIDE (__init_array_end, .)

.fini_array     0x0800add4        0x4
                0x0800add4                PROVIDE (__fini_array_start, .)
 *(SORT(.fini_array.*))
 *(.fini_array*)
 .fini_array    0x0800add4        0x4 c:/program files (x86)/atollic/truestudio for arm 5.4.1/armtools/bin/../lib/gcc/arm-atollic-eabi/4.8.3/armv7e-m/fpu/crtbegin.o
                0x0800add8                PROVIDE (__fini_array_end, .)
                0x0800add8                _sidata = LOADADDR (.data)

.data           0x20000000      0x1a8 load address 0x0800add8
                0x20000000                . = ALIGN (0x4)
                0x20000000                _sdata = .
 *(.data)
 *(.data*)
 .data.SystemCoreClock
                0x20000000        0x4 src\system_stm32f4xx.o
                0x20000000                SystemCoreClock
 .data.MAH_Port
                0x20000004       0x10 src\control\Robo.o
                0x20000004                MAH_Port
 .data.MAL_Port
                0x20000014       0x10 src\control\Robo.o
                0x20000014                MAL_Port
 .data.MBH_Port
                0x20000024       0x10 src\control\Robo.o
                0x20000024                MBH_Port
 .data.MBL_Port
                0x20000034       0x10 src\control\Robo.o
                0x20000034                MBL_Port
 .data.MAH_Pin  0x20000044       0x10 src\control\Robo.o
                0x20000044                MAH_Pin
 .data.MAL_Pin  0x20000054       0x10 src\control\Robo.o
                0x20000054                MAL_Pin
 .data.MBH_Pin  0x20000064       0x10 src\control\Robo.o
                0x20000064                MBH_Pin
 .data.MBL_Pin  0x20000074       0x10 src\control\Robo.o
                0x20000074                MBL_Pin
 .data.MAH_Tim  0x20000084       0x10 src\control\Robo.o
                0x20000084                MAH_Tim
 .data.MBH_Tim  0x20000094       0x10 src\control\Robo.o
                0x20000094                MBH_Tim
 .data.MAH_Ch   0x200000a4        0x4 src\control\Robo.o
                0x200000a4                MAH_Ch
 .data.MBH_Ch   0x200000a8        0x4 src\control\Robo.o
                0x200000a8                MBH_Ch
 .data.MAH_nState
                0x200000ac        0x4 src\control\Robo.o
                0x200000ac                MAH_nState
 .data.MBH_nState
                0x200000b0        0x4 src\control\Robo.o
                0x200000b0                MBH_nState
 .data.MAH_Af   0x200000b4        0x4 src\control\Robo.o
                0x200000b4                MAH_Af
 .data.MBH_Af   0x200000b8        0x4 src\control\Robo.o
                0x200000b8                MBH_Af
 .data.MAH_Af_Pin
                0x200000bc        0x4 src\control\Robo.o
                0x200000bc                MAH_Af_Pin
 .data.MBH_Af_Pin
                0x200000c0        0x4 src\control\Robo.o
                0x200000c0                MBH_Af_Pin
 .data.M_EncA_Port
                0x200000c4       0x10 src\control\Robo.o
                0x200000c4                M_EncA_Port
 .data.M_EncB_Port
                0x200000d4       0x10 src\control\Robo.o
                0x200000d4                M_EncB_Port
 .data.M_EncA_Pin
                0x200000e4       0x10 src\control\Robo.o
                0x200000e4                M_EncA_Pin
 .data.M_EncB_Pin
                0x200000f4       0x10 src\control\Robo.o
                0x200000f4                M_EncB_Pin
 .data.M_Enc_Tim
                0x20000104       0x10 src\control\Robo.o
                0x20000104                M_Enc_Tim
 .data.M_Enc_Af
                0x20000114        0x4 src\control\Robo.o
                0x20000114                M_Enc_Af
 .data.M_EncA_Af_Pin
                0x20000118        0x4 src\control\Robo.o
                0x20000118                M_EncA_Af_Pin
 .data.M_EncB_Af_Pin
                0x2000011c        0x4 src\control\Robo.o
                0x2000011c                M_EncB_Af_Pin
 .data.AudioRemSize
                0x20000120        0x4 Utilities\STM32F4-Discovery\stm32f4_discovery_audio_codec.o
                0x20000120                AudioRemSize
 .data.CurrAudioInterface
                0x20000124        0x4 Utilities\STM32F4-Discovery\stm32f4_discovery_audio_codec.o
                0x20000124                CurrAudioInterface
 .data.AUDIO_MAL_DMA_STREAM
                0x20000128        0x4 Utilities\STM32F4-Discovery\stm32f4_discovery_audio_codec.o
                0x20000128                AUDIO_MAL_DMA_STREAM
 .data.AUDIO_MAL_DMA_FLAG_TC
                0x2000012c        0x4 Utilities\STM32F4-Discovery\stm32f4_discovery_audio_codec.o
                0x2000012c                AUDIO_MAL_DMA_FLAG_TC
 .data.GPIO_PORT
                0x20000130       0x10 Utilities\STM32F4-Discovery\stm32f4_discovery.o
                0x20000130                GPIO_PORT
 .data.impure_data
                0x20000140       0x60 c:/program files (x86)/atollic/truestudio for arm 5.4.1/armtools/bin/../lib/gcc/arm-atollic-eabi/4.8.3/../../../../arm-atollic-eabi/lib/armv7e-m/fpu\libc_s.a(lib_a-impure.o)
 .data._impure_ptr
                0x200001a0        0x4 c:/program files (x86)/atollic/truestudio for arm 5.4.1/armtools/bin/../lib/gcc/arm-atollic-eabi/4.8.3/../../../../arm-atollic-eabi/lib/armv7e-m/fpu\libc_s.a(lib_a-impure.o)
                0x200001a0                _impure_ptr
 .data._ZN10__cxxabiv119__terminate_handlerE
                0x200001a4        0x4 c:/program files (x86)/atollic/truestudio for arm 5.4.1/armtools/bin/../lib/gcc/arm-atollic-eabi/4.8.3/../../../../arm-atollic-eabi/lib/armv7e-m/fpu\libstdc++_s.a(eh_term_handler.o)
                0x200001a4                __cxxabiv1::__terminate_handler
                0x200001a8                . = ALIGN (0x4)
                0x200001a8                _edata = .
                0x0800af80                _siccmram = LOADADDR (.ccmram)

.igot.plt       0x200001a8        0x0 load address 0x0800af80
 .igot.plt      0x00000000        0x0 c:/program files (x86)/atollic/truestudio for arm 5.4.1/armtools/bin/../lib/gcc/arm-atollic-eabi/4.8.3/armv7e-m/fpu/crtbegin.o

.ccmram         0x10000000        0x0 load address 0x0800af80
                0x10000000                . = ALIGN (0x4)
                0x10000000                _sccmram = .
 *(.ccmram)
 *(.ccmram*)
                0x10000000                . = ALIGN (0x4)
                0x10000000                _eccmram = .
                0x10000000                . = ALIGN (0x4)

.bss            0x200001a8      0x130
                0x200001a8                _sbss = .
                0x200001a8                __bss_start__ = _sbss
 *(.bss)
 .bss           0x200001a8       0x1c c:/program files (x86)/atollic/truestudio for arm 5.4.1/armtools/bin/../lib/gcc/arm-atollic-eabi/4.8.3/armv7e-m/fpu/crtbegin.o
 *(.bss*)
 .bss._ZL11TimingDelay
                0x200001c4        0x4 src\own_libraries\CONFIG.o
 .bss.radio_ptr
                0x200001c8        0x4 src\main.o
                0x200001c8                radio_ptr
 .bss.robo      0x200001cc       0x64 src\main.o
                0x200001cc                robo
 .bss._ZZ19USB_receive_and_putP3NRFE4data
                0x20000230        0x8 src\main.o
 .bss.heap_end.5121
                0x20000238        0x4 c:/program files (x86)/atollic/truestudio for arm 5.4.1/armtools/bin/../lib/gcc/arm-atollic-eabi/4.8.3/../../../../arm-atollic-eabi/lib/armv7e-m/fpu\libc_s.a(lib_a-syscalls.o)
 .bss.__malloc_sbrk_start
                0x2000023c        0x4 c:/program files (x86)/atollic/truestudio for arm 5.4.1/armtools/bin/../lib/gcc/arm-atollic-eabi/4.8.3/../../../../arm-atollic-eabi/lib/armv7e-m/fpu\libc_s.a(lib_a-nano-mallocr.o)
                0x2000023c                __malloc_sbrk_start
 .bss.__malloc_free_list
                0x20000240        0x4 c:/program files (x86)/atollic/truestudio for arm 5.4.1/armtools/bin/../lib/gcc/arm-atollic-eabi/4.8.3/../../../../arm-atollic-eabi/lib/armv7e-m/fpu\libc_s.a(lib_a-nano-mallocr.o)
                0x20000240                __malloc_free_list
 .bss.__new_handler
                0x20000244        0x4 c:/program files (x86)/atollic/truestudio for arm 5.4.1/armtools/bin/../lib/gcc/arm-atollic-eabi/4.8.3/../../../../arm-atollic-eabi/lib/armv7e-m/fpu\libstdc++_s.a(new_handler.o)
                0x20000244                __new_handler
 .bss._ZZN9__gnu_cxx27__verbose_terminate_handlerEvE11terminating
                0x20000248        0x1 c:/program files (x86)/atollic/truestudio for arm 5.4.1/armtools/bin/../lib/gcc/arm-atollic-eabi/4.8.3/../../../../arm-atollic-eabi/lib/armv7e-m/fpu\libstdc++_s.a(vterminate.o)
 *fill*         0x20000249        0x3 
 .bss._ZL10eh_globals
                0x2000024c        0xc c:/program files (x86)/atollic/truestudio for arm 5.4.1/armtools/bin/../lib/gcc/arm-atollic-eabi/4.8.3/../../../../arm-atollic-eabi/lib/armv7e-m/fpu\libstdc++_s.a(eh_globals.o)
 *(COMMON)
 COMMON         0x20000258       0x7c Utilities\STM32F4-Discovery\stm32f4_discovery_audio_codec.o
                0x20000258                CurrentPos
                0x2000025c                AUDIO_MAL_DMA_InitStructure
                0x20000298                DMA_InitStructure
 COMMON         0x200002d4        0x4 c:/program files (x86)/atollic/truestudio for arm 5.4.1/armtools/bin/../lib/gcc/arm-atollic-eabi/4.8.3/../../../../arm-atollic-eabi/lib/armv7e-m/fpu\libc_s.a(lib_a-reent.o)
                0x200002d4                errno
                0x200002d8                . = ALIGN (0x4)
                0x200002d8                _ebss = .
                0x200002d8                __bss_end__ = _ebss

._user_heap_stack
                0x200002d8      0x400
                0x200002d8                . = ALIGN (0x4)
                0x200002d8                PROVIDE (end, .)
                0x200002d8                PROVIDE (_end, .)
                0x200002d8                . = (. + _Min_Heap_Size)
                0x200006d8                . = (. + _Min_Stack_Size)
 *fill*         0x200002d8      0x400 
                0x200006d8                . = ALIGN (0x4)

.memory_b1_text
 *(.mb1text)
 *(.mb1text*)
 *(.mb1rodata)
 *(.mb1rodata*)

/DISCARD/
 libc.a(*)
 libm.a(*)
 libgcc.a(*)

.ARM.attributes
                0x00000000       0x30
 *(.ARM.attributes)
 .ARM.attributes
                0x00000000       0x22 c:/program files (x86)/atollic/truestudio for arm 5.4.1/armtools/bin/../lib/gcc/arm-atollic-eabi/4.8.3/armv7e-m/fpu/crti.o
 .ARM.attributes
                0x00000022       0x34 c:/program files (x86)/atollic/truestudio for arm 5.4.1/armtools/bin/../lib/gcc/arm-atollic-eabi/4.8.3/armv7e-m/fpu/crtbegin.o
 .ARM.attributes
                0x00000056       0x39 src\tiny_printf.o
 .ARM.attributes
                0x0000008f       0x39 src\system_stm32f4xx.o
 .ARM.attributes
                0x000000c8       0x39 src\stm32f4xx_it.o
 .ARM.attributes
                0x00000101       0x21 src\startup_stm32f40xx.o
 .ARM.attributes
                0x00000122       0x39 src\own_libraries\SPI_interface.o
 .ARM.attributes
                0x0000015b       0x39 src\own_libraries\REGISTER.o
 .ARM.attributes
                0x00000194       0x39 src\own_libraries\NRF_REGISTER_MAP.o
 .ARM.attributes
                0x000001cd       0x39 src\own_libraries\NRF24.o
 .ARM.attributes
                0x00000206       0x39 src\own_libraries\CONFIG.o
 .ARM.attributes
                0x0000023f       0x39 src\main.o
 .ARM.attributes
                0x00000278       0x39 src\control\TimerTime.o
 .ARM.attributes
                0x000002b1       0x39 src\control\Robo.o
 .ARM.attributes
                0x000002ea       0x39 src\control\Pwm.o
 .ARM.attributes
                0x00000323       0x39 src\control\Motor.o
 .ARM.attributes
                0x0000035c       0x39 src\control\GPIO.o
 .ARM.attributes
                0x00000395       0x39 src\control\Encoder.o
 .ARM.attributes
                0x000003ce       0x39 Utilities\STM32F4-Discovery\stm32f4_discovery_audio_codec.o
 .ARM.attributes
                0x00000407       0x39 Utilities\STM32F4-Discovery\stm32f4_discovery.o
 .ARM.attributes
                0x00000440       0x39 Libraries\STM32F4xx_StdPeriph_Driver\src\stm32f4xx_tim.o
 .ARM.attributes
                0x00000479       0x39 Libraries\STM32F4xx_StdPeriph_Driver\src\stm32f4xx_syscfg.o
 .ARM.attributes
                0x000004b2       0x39 Libraries\STM32F4xx_StdPeriph_Driver\src\stm32f4xx_spi.o
 .ARM.attributes
                0x000004eb       0x39 Libraries\STM32F4xx_StdPeriph_Driver\src\stm32f4xx_rcc.o
 .ARM.attributes
                0x00000524       0x39 Libraries\STM32F4xx_StdPeriph_Driver\src\stm32f4xx_gpio.o
 .ARM.attributes
                0x0000055d       0x39 Libraries\STM32F4xx_StdPeriph_Driver\src\stm32f4xx_exti.o
 .ARM.attributes
                0x00000596       0x39 Libraries\STM32F4xx_StdPeriph_Driver\src\stm32f4xx_dma.o
 .ARM.attributes
                0x000005cf       0x39 Libraries\STM32F4xx_StdPeriph_Driver\src\stm32f4xx_dac.o
 .ARM.attributes
                0x00000608       0x39 Libraries\STM32F4xx_StdPeriph_Driver\src\misc.o
 .ARM.attributes
                0x00000641       0x34 c:/program files (x86)/atollic/truestudio for arm 5.4.1/armtools/bin/../lib/gcc/arm-atollic-eabi/4.8.3/../../../../arm-atollic-eabi/lib/armv7e-m/fpu\libc_s.a(lib_a-init.o)
 .ARM.attributes
                0x00000675       0x34 c:/program files (x86)/atollic/truestudio for arm 5.4.1/armtools/bin/../lib/gcc/arm-atollic-eabi/4.8.3/../../../../arm-atollic-eabi/lib/armv7e-m/fpu\libc_s.a(lib_a-strlen.o)
 .ARM.attributes
                0x000006a9       0x34 c:/program files (x86)/atollic/truestudio for arm 5.4.1/armtools/bin/../lib/gcc/arm-atollic-eabi/4.8.3/../../../../arm-atollic-eabi/lib/armv7e-m/fpu\libc_s.a(lib_a-syscalls.o)
 .ARM.attributes
                0x000006dd       0x34 c:/program files (x86)/atollic/truestudio for arm 5.4.1/armtools/bin/../lib/gcc/arm-atollic-eabi/4.8.3/../../../../arm-atollic-eabi/lib/armv7e-m/fpu\libc_s.a(lib_a-reent.o)
 .ARM.attributes
                0x00000711       0x34 c:/program files (x86)/atollic/truestudio for arm 5.4.1/armtools/bin/../lib/gcc/arm-atollic-eabi/4.8.3/../../../../arm-atollic-eabi/lib/armv7e-m/fpu\libc_s.a(lib_a-impure.o)
 .ARM.attributes
                0x00000745       0x34 c:/program files (x86)/atollic/truestudio for arm 5.4.1/armtools/bin/../lib/gcc/arm-atollic-eabi/4.8.3/../../../../arm-atollic-eabi/lib/armv7e-m/fpu\libc_s.a(lib_a-nano-freer.o)
 .ARM.attributes
                0x00000779       0x34 c:/program files (x86)/atollic/truestudio for arm 5.4.1/armtools/bin/../lib/gcc/arm-atollic-eabi/4.8.3/../../../../arm-atollic-eabi/lib/armv7e-m/fpu\libc_s.a(lib_a-nano-mallocr.o)
 .ARM.attributes
                0x000007ad       0x34 c:/program files (x86)/atollic/truestudio for arm 5.4.1/armtools/bin/../lib/gcc/arm-atollic-eabi/4.8.3/../../../../arm-atollic-eabi/lib/armv7e-m/fpu\libc_s.a(lib_a-sbrkr.o)
 .ARM.attributes
                0x000007e1       0x34 c:/program files (x86)/atollic/truestudio for arm 5.4.1/armtools/bin/../lib/gcc/arm-atollic-eabi/4.8.3/../../../../arm-atollic-eabi/lib/armv7e-m/fpu\libstdc++_s.a(pure.o)
 .ARM.attributes
                0x00000815       0x34 c:/program files (x86)/atollic/truestudio for arm 5.4.1/armtools/bin/../lib/gcc/arm-atollic-eabi/4.8.3/../../../../arm-atollic-eabi/lib/armv7e-m/fpu\libstdc++_s.a(new_op.o)
 .ARM.attributes
                0x00000849       0x34 c:/program files (x86)/atollic/truestudio for arm 5.4.1/armtools/bin/../lib/gcc/arm-atollic-eabi/4.8.3/../../../../arm-atollic-eabi/lib/armv7e-m/fpu\libstdc++_s.a(eh_terminate.o)
 .ARM.attributes
                0x0000087d       0x34 c:/program files (x86)/atollic/truestudio for arm 5.4.1/armtools/bin/../lib/gcc/arm-atollic-eabi/4.8.3/../../../../arm-atollic-eabi/lib/armv7e-m/fpu\libstdc++_s.a(new_handler.o)
 .ARM.attributes
                0x000008b1       0x34 c:/program files (x86)/atollic/truestudio for arm 5.4.1/armtools/bin/../lib/gcc/arm-atollic-eabi/4.8.3/../../../../arm-atollic-eabi/lib/armv7e-m/fpu\libstdc++_s.a(eh_term_handler.o)
 .ARM.attributes
                0x000008e5       0x34 c:/program files (x86)/atollic/truestudio for arm 5.4.1/armtools/bin/../lib/gcc/arm-atollic-eabi/4.8.3/../../../../arm-atollic-eabi/lib/armv7e-m/fpu\libstdc++_s.a(vterminate.o)
 .ARM.attributes
                0x00000919       0x34 c:/program files (x86)/atollic/truestudio for arm 5.4.1/armtools/bin/../lib/gcc/arm-atollic-eabi/4.8.3/../../../../arm-atollic-eabi/lib/armv7e-m/fpu\libstdc++_s.a(eh_type.o)
 .ARM.attributes
                0x0000094d       0x34 c:/program files (x86)/atollic/truestudio for arm 5.4.1/armtools/bin/../lib/gcc/arm-atollic-eabi/4.8.3/../../../../arm-atollic-eabi/lib/armv7e-m/fpu\libstdc++_s.a(cp-demangle.o)
 .ARM.attributes
                0x00000981       0x34 c:/program files (x86)/atollic/truestudio for arm 5.4.1/armtools/bin/../lib/gcc/arm-atollic-eabi/4.8.3/../../../../arm-atollic-eabi/lib/armv7e-m/fpu\libstdc++_s.a(eh_globals.o)
 .ARM.attributes
                0x000009b5       0x34 c:/program files (x86)/atollic/truestudio for arm 5.4.1/armtools/bin/../lib/gcc/arm-atollic-eabi/4.8.3/../../../../arm-atollic-eabi/lib/armv7e-m/fpu\libc_s.a(lib_a-abort.o)
 .ARM.attributes
                0x000009e9       0x34 c:/program files (x86)/atollic/truestudio for arm 5.4.1/armtools/bin/../lib/gcc/arm-atollic-eabi/4.8.3/../../../../arm-atollic-eabi/lib/armv7e-m/fpu\libc_s.a(lib_a-malloc.o)
 .ARM.attributes
                0x00000a1d       0x34 c:/program files (x86)/atollic/truestudio for arm 5.4.1/armtools/bin/../lib/gcc/arm-atollic-eabi/4.8.3/../../../../arm-atollic-eabi/lib/armv7e-m/fpu\libc_s.a(lib_a-memcmp.o)
 .ARM.attributes
                0x00000a51       0x34 c:/program files (x86)/atollic/truestudio for arm 5.4.1/armtools/bin/../lib/gcc/arm-atollic-eabi/4.8.3/../../../../arm-atollic-eabi/lib/armv7e-m/fpu\libc_s.a(lib_a-memcpy-stub.o)
 .ARM.attributes
                0x00000a85       0x34 c:/program files (x86)/atollic/truestudio for arm 5.4.1/armtools/bin/../lib/gcc/arm-atollic-eabi/4.8.3/../../../../arm-atollic-eabi/lib/armv7e-m/fpu\libc_s.a(lib_a-realloc.o)
 .ARM.attributes
                0x00000ab9       0x34 c:/program files (x86)/atollic/truestudio for arm 5.4.1/armtools/bin/../lib/gcc/arm-atollic-eabi/4.8.3/../../../../arm-atollic-eabi/lib/armv7e-m/fpu\libc_s.a(lib_a-signal.o)
 .ARM.attributes
                0x00000aed       0x34 c:/program files (x86)/atollic/truestudio for arm 5.4.1/armtools/bin/../lib/gcc/arm-atollic-eabi/4.8.3/../../../../arm-atollic-eabi/lib/armv7e-m/fpu\libc_s.a(lib_a-signalr.o)
 .ARM.attributes
                0x00000b21       0x20 c:/program files (x86)/atollic/truestudio for arm 5.4.1/armtools/bin/../lib/gcc/arm-atollic-eabi/4.8.3/../../../../arm-atollic-eabi/lib/armv7e-m/fpu\libc_s.a(lib_a-strcmp.o)
 .ARM.attributes
                0x00000b41       0x34 c:/program files (x86)/atollic/truestudio for arm 5.4.1/armtools/bin/../lib/gcc/arm-atollic-eabi/4.8.3/../../../../arm-atollic-eabi/lib/armv7e-m/fpu\libc_s.a(lib_a-strncmp.o)
 .ARM.attributes
                0x00000b75       0x34 c:/program files (x86)/atollic/truestudio for arm 5.4.1/armtools/bin/../lib/gcc/arm-atollic-eabi/4.8.3/../../../../arm-atollic-eabi/lib/armv7e-m/fpu\libc_s.a(lib_a-syswrite.o)
 .ARM.attributes
                0x00000ba9       0x34 c:/program files (x86)/atollic/truestudio for arm 5.4.1/armtools/bin/../lib/gcc/arm-atollic-eabi/4.8.3/../../../../arm-atollic-eabi/lib/armv7e-m/fpu\libc_s.a(lib_a-writer.o)
 .ARM.attributes
                0x00000bdd       0x34 c:/program files (x86)/atollic/truestudio for arm 5.4.1/armtools/bin/../lib/gcc/arm-atollic-eabi/4.8.3/../../../../arm-atollic-eabi/lib/armv7e-m/fpu\libc_s.a(lib_a-nano-reallocr.o)
 .ARM.attributes
                0x00000c11       0x34 c:/program files (x86)/atollic/truestudio for arm 5.4.1/armtools/bin/../lib/gcc/arm-atollic-eabi/4.8.3/../../../../arm-atollic-eabi/lib/armv7e-m/fpu\libc_s.a(lib_a-nano-msizer.o)
 .ARM.attributes
                0x00000c45       0x22 c:/program files (x86)/atollic/truestudio for arm 5.4.1/armtools/bin/../lib/gcc/arm-atollic-eabi/4.8.3/armv7e-m/fpu/crtn.o
OUTPUT(control+rx.elf elf32-littlearm)

.debug_info     0x00000000     0xf607
 .debug_info    0x00000000      0xbc2 src\tiny_printf.o
 .debug_info    0x00000bc2      0x5a3 src\system_stm32f4xx.o
 .debug_info    0x00001165      0x122 src\stm32f4xx_it.o
 .debug_info    0x00001287       0x88 src\startup_stm32f40xx.o
 .debug_info    0x0000130f      0xa41 src\own_libraries\SPI_interface.o
 .debug_info    0x00001d50      0x29c src\own_libraries\REGISTER.o
 .debug_info    0x00001fec      0x4ad src\own_libraries\NRF_REGISTER_MAP.o
 .debug_info    0x00002499     0x1c3d src\own_libraries\NRF24.o
 .debug_info    0x000040d6      0x8ad src\own_libraries\CONFIG.o
 .debug_info    0x00004983     0x1192 src\main.o
 .debug_info    0x00005b15      0x950 src\control\TimerTime.o
 .debug_info    0x00006465      0xb0f src\control\Robo.o
 .debug_info    0x00006f74      0x748 src\control\Pwm.o
 .debug_info    0x000076bc      0x9bd src\control\Motor.o
 .debug_info    0x00008079      0x3dc src\control\GPIO.o
 .debug_info    0x00008455      0x62b src\control\Encoder.o
 .debug_info    0x00008a80     0x1090 Utilities\STM32F4-Discovery\stm32f4_discovery_audio_codec.o
 .debug_info    0x00009b10      0x88d Utilities\STM32F4-Discovery\stm32f4_discovery.o
 .debug_info    0x0000a39d     0x1c65 Libraries\STM32F4xx_StdPeriph_Driver\src\stm32f4xx_tim.o
 .debug_info    0x0000c002      0x270 Libraries\STM32F4xx_StdPeriph_Driver\src\stm32f4xx_syscfg.o
 .debug_info    0x0000c272      0xb0b Libraries\STM32F4xx_StdPeriph_Driver\src\stm32f4xx_spi.o
 .debug_info    0x0000cd7d      0xc77 Libraries\STM32F4xx_StdPeriph_Driver\src\stm32f4xx_rcc.o
 .debug_info    0x0000d9f4      0x609 Libraries\STM32F4xx_StdPeriph_Driver\src\stm32f4xx_gpio.o
 .debug_info    0x0000dffd      0x34b Libraries\STM32F4xx_StdPeriph_Driver\src\stm32f4xx_exti.o
 .debug_info    0x0000e348      0x73d Libraries\STM32F4xx_StdPeriph_Driver\src\stm32f4xx_dma.o
 .debug_info    0x0000ea85      0x641 Libraries\STM32F4xx_StdPeriph_Driver\src\stm32f4xx_dac.o
 .debug_info    0x0000f0c6      0x541 Libraries\STM32F4xx_StdPeriph_Driver\src\misc.o

.debug_abbrev   0x00000000     0x31d5
 .debug_abbrev  0x00000000      0x248 src\tiny_printf.o
 .debug_abbrev  0x00000248      0x138 src\system_stm32f4xx.o
 .debug_abbrev  0x00000380       0x67 src\stm32f4xx_it.o
 .debug_abbrev  0x000003e7       0x12 src\startup_stm32f40xx.o
 .debug_abbrev  0x000003f9      0x250 src\own_libraries\SPI_interface.o
 .debug_abbrev  0x00000649      0x1a1 src\own_libraries\REGISTER.o
 .debug_abbrev  0x000007ea      0x251 src\own_libraries\NRF_REGISTER_MAP.o
 .debug_abbrev  0x00000a3b      0x451 src\own_libraries\NRF24.o
 .debug_abbrev  0x00000e8c      0x20b src\own_libraries\CONFIG.o
 .debug_abbrev  0x00001097      0x385 src\main.o
 .debug_abbrev  0x0000141c      0x206 src\control\TimerTime.o
 .debug_abbrev  0x00001622      0x281 src\control\Robo.o
 .debug_abbrev  0x000018a3      0x1ea src\control\Pwm.o
 .debug_abbrev  0x00001a8d      0x24c src\control\Motor.o
 .debug_abbrev  0x00001cd9      0x1e1 src\control\GPIO.o
 .debug_abbrev  0x00001eba      0x1cc src\control\Encoder.o
 .debug_abbrev  0x00002086      0x258 Utilities\STM32F4-Discovery\stm32f4_discovery_audio_codec.o
 .debug_abbrev  0x000022de      0x185 Utilities\STM32F4-Discovery\stm32f4_discovery.o
 .debug_abbrev  0x00002463      0x189 Libraries\STM32F4xx_StdPeriph_Driver\src\stm32f4xx_tim.o
 .debug_abbrev  0x000025ec      0x133 Libraries\STM32F4xx_StdPeriph_Driver\src\stm32f4xx_syscfg.o
 .debug_abbrev  0x0000271f      0x169 Libraries\STM32F4xx_StdPeriph_Driver\src\stm32f4xx_spi.o
 .debug_abbrev  0x00002888      0x1e5 Libraries\STM32F4xx_StdPeriph_Driver\src\stm32f4xx_rcc.o
 .debug_abbrev  0x00002a6d      0x1a5 Libraries\STM32F4xx_StdPeriph_Driver\src\stm32f4xx_gpio.o
 .debug_abbrev  0x00002c12      0x1a7 Libraries\STM32F4xx_StdPeriph_Driver\src\stm32f4xx_exti.o
 .debug_abbrev  0x00002db9      0x157 Libraries\STM32F4xx_StdPeriph_Driver\src\stm32f4xx_dma.o
 .debug_abbrev  0x00002f10      0x17e Libraries\STM32F4xx_StdPeriph_Driver\src\stm32f4xx_dac.o
 .debug_abbrev  0x0000308e      0x147 Libraries\STM32F4xx_StdPeriph_Driver\src\misc.o

.debug_aranges  0x00000000      0xed0
 .debug_aranges
                0x00000000       0x60 src\tiny_printf.o
 .debug_aranges
                0x00000060       0x30 src\system_stm32f4xx.o
 .debug_aranges
                0x00000090       0x58 src\stm32f4xx_it.o
 .debug_aranges
                0x000000e8       0x28 src\startup_stm32f40xx.o
 .debug_aranges
                0x00000110       0x78 src\own_libraries\SPI_interface.o
 .debug_aranges
                0x00000188       0x40 src\own_libraries\REGISTER.o
 .debug_aranges
                0x000001c8       0x28 src\own_libraries\NRF_REGISTER_MAP.o
 .debug_aranges
                0x000001f0      0x110 src\own_libraries\NRF24.o
 .debug_aranges
                0x00000300       0x80 src\own_libraries\CONFIG.o
 .debug_aranges
                0x00000380       0xa0 src\main.o
 .debug_aranges
                0x00000420       0x38 src\control\TimerTime.o
 .debug_aranges
                0x00000458       0x28 src\control\Robo.o
 .debug_aranges
                0x00000480       0x28 src\control\Pwm.o
 .debug_aranges
                0x000004a8       0x48 src\control\Motor.o
 .debug_aranges
                0x000004f0       0x30 src\control\GPIO.o
 .debug_aranges
                0x00000520       0x28 src\control\Encoder.o
 .debug_aranges
                0x00000548      0x130 Utilities\STM32F4-Discovery\stm32f4_discovery_audio_codec.o
 .debug_aranges
                0x00000678       0x48 Utilities\STM32F4-Discovery\stm32f4_discovery.o
 .debug_aranges
                0x000006c0      0x2f8 Libraries\STM32F4xx_StdPeriph_Driver\src\stm32f4xx_tim.o
 .debug_aranges
                0x000009b8       0x48 Libraries\STM32F4xx_StdPeriph_Driver\src\stm32f4xx_syscfg.o
 .debug_aranges
                0x00000a00       0xe0 Libraries\STM32F4xx_StdPeriph_Driver\src\stm32f4xx_spi.o
 .debug_aranges
                0x00000ae0      0x180 Libraries\STM32F4xx_StdPeriph_Driver\src\stm32f4xx_rcc.o
 .debug_aranges
                0x00000c60       0x88 Libraries\STM32F4xx_StdPeriph_Driver\src\stm32f4xx_gpio.o
 .debug_aranges
                0x00000ce8       0x58 Libraries\STM32F4xx_StdPeriph_Driver\src\stm32f4xx_exti.o
 .debug_aranges
                0x00000d40       0xb0 Libraries\STM32F4xx_StdPeriph_Driver\src\stm32f4xx_dma.o
 .debug_aranges
                0x00000df0       0xa0 Libraries\STM32F4xx_StdPeriph_Driver\src\stm32f4xx_dac.o
 .debug_aranges
                0x00000e90       0x40 Libraries\STM32F4xx_StdPeriph_Driver\src\misc.o

.debug_ranges   0x00000000      0xd28
 .debug_ranges  0x00000000       0x50 src\tiny_printf.o
 .debug_ranges  0x00000050       0x20 src\system_stm32f4xx.o
 .debug_ranges  0x00000070       0x48 src\stm32f4xx_it.o
 .debug_ranges  0x000000b8       0x20 src\startup_stm32f40xx.o
 .debug_ranges  0x000000d8       0x68 src\own_libraries\SPI_interface.o
 .debug_ranges  0x00000140       0x30 src\own_libraries\REGISTER.o
 .debug_ranges  0x00000170       0x18 src\own_libraries\NRF_REGISTER_MAP.o
 .debug_ranges  0x00000188      0x100 src\own_libraries\NRF24.o
 .debug_ranges  0x00000288       0x70 src\own_libraries\CONFIG.o
 .debug_ranges  0x000002f8       0x90 src\main.o
 .debug_ranges  0x00000388       0x28 src\control\TimerTime.o
 .debug_ranges  0x000003b0       0x18 src\control\Robo.o
 .debug_ranges  0x000003c8       0x18 src\control\Pwm.o
 .debug_ranges  0x000003e0       0x38 src\control\Motor.o
 .debug_ranges  0x00000418       0x20 src\control\GPIO.o
 .debug_ranges  0x00000438       0x18 src\control\Encoder.o
 .debug_ranges  0x00000450      0x120 Utilities\STM32F4-Discovery\stm32f4_discovery_audio_codec.o
 .debug_ranges  0x00000570       0x38 Utilities\STM32F4-Discovery\stm32f4_discovery.o
 .debug_ranges  0x000005a8      0x2e8 Libraries\STM32F4xx_StdPeriph_Driver\src\stm32f4xx_tim.o
 .debug_ranges  0x00000890       0x38 Libraries\STM32F4xx_StdPeriph_Driver\src\stm32f4xx_syscfg.o
 .debug_ranges  0x000008c8       0xd0 Libraries\STM32F4xx_StdPeriph_Driver\src\stm32f4xx_spi.o
 .debug_ranges  0x00000998      0x170 Libraries\STM32F4xx_StdPeriph_Driver\src\stm32f4xx_rcc.o
 .debug_ranges  0x00000b08       0x78 Libraries\STM32F4xx_StdPeriph_Driver\src\stm32f4xx_gpio.o
 .debug_ranges  0x00000b80       0x48 Libraries\STM32F4xx_StdPeriph_Driver\src\stm32f4xx_exti.o
 .debug_ranges  0x00000bc8       0xa0 Libraries\STM32F4xx_StdPeriph_Driver\src\stm32f4xx_dma.o
 .debug_ranges  0x00000c68       0x90 Libraries\STM32F4xx_StdPeriph_Driver\src\stm32f4xx_dac.o
 .debug_ranges  0x00000cf8       0x30 Libraries\STM32F4xx_StdPeriph_Driver\src\misc.o

.debug_line     0x00000000     0x5a9e
 .debug_line    0x00000000      0x2cf src\tiny_printf.o
 .debug_line    0x000002cf      0x1f4 src\system_stm32f4xx.o
 .debug_line    0x000004c3      0x1d1 src\stm32f4xx_it.o
 .debug_line    0x00000694       0x7a src\startup_stm32f40xx.o
 .debug_line    0x0000070e      0x3e9 src\own_libraries\SPI_interface.o
 .debug_line    0x00000af7      0x1bd src\own_libraries\REGISTER.o
 .debug_line    0x00000cb4      0x2a4 src\own_libraries\NRF_REGISTER_MAP.o
 .debug_line    0x00000f58      0x6f4 src\own_libraries\NRF24.o
 .debug_line    0x0000164c      0x395 src\own_libraries\CONFIG.o
 .debug_line    0x000019e1      0x40d src\main.o
 .debug_line    0x00001dee      0x21d src\control\TimerTime.o
 .debug_line    0x0000200b      0x22a src\control\Robo.o
 .debug_line    0x00002235      0x25a src\control\Pwm.o
 .debug_line    0x0000248f      0x2a6 src\control\Motor.o
 .debug_line    0x00002735      0x229 src\control\GPIO.o
 .debug_line    0x0000295e      0x2b0 src\control\Encoder.o
 .debug_line    0x00002c0e      0x6e2 Utilities\STM32F4-Discovery\stm32f4_discovery_audio_codec.o
 .debug_line    0x000032f0      0x285 Utilities\STM32F4-Discovery\stm32f4_discovery.o
 .debug_line    0x00003575      0xa4f Libraries\STM32F4xx_StdPeriph_Driver\src\stm32f4xx_tim.o
 .debug_line    0x00003fc4      0x20f Libraries\STM32F4xx_StdPeriph_Driver\src\stm32f4xx_syscfg.o
 .debug_line    0x000041d3      0x445 Libraries\STM32F4xx_StdPeriph_Driver\src\stm32f4xx_spi.o
 .debug_line    0x00004618      0x597 Libraries\STM32F4xx_StdPeriph_Driver\src\stm32f4xx_rcc.o
 .debug_line    0x00004baf      0x329 Libraries\STM32F4xx_StdPeriph_Driver\src\stm32f4xx_gpio.o
 .debug_line    0x00004ed8      0x28f Libraries\STM32F4xx_StdPeriph_Driver\src\stm32f4xx_exti.o
 .debug_line    0x00005167      0x3c6 Libraries\STM32F4xx_StdPeriph_Driver\src\stm32f4xx_dma.o
 .debug_line    0x0000552d      0x342 Libraries\STM32F4xx_StdPeriph_Driver\src\stm32f4xx_dac.o
 .debug_line    0x0000586f      0x22f Libraries\STM32F4xx_StdPeriph_Driver\src\misc.o

.debug_str      0x00000000     0x4e42
 .debug_str     0x00000000      0x596 src\tiny_printf.o
                                0x613 (size before relaxing)
 .debug_str     0x00000596      0x233 src\system_stm32f4xx.o
                                0x40b (size before relaxing)
 .debug_str     0x000007c9       0x96 src\stm32f4xx_it.o
                                0x244 (size before relaxing)
 .debug_str     0x0000085f      0x55d src\own_libraries\SPI_interface.o
                                0x7cd (size before relaxing)
 .debug_str     0x00000dbc       0xcd src\own_libraries\REGISTER.o
                                0x2ed (size before relaxing)
 .debug_str     0x00000e89      0x1dd src\own_libraries\NRF_REGISTER_MAP.o
                                0x4b6 (size before relaxing)
 .debug_str     0x00001066      0x9ea src\own_libraries\NRF24.o
                               0x1366 (size before relaxing)
 .debug_str     0x00001a50      0x718 src\own_libraries\CONFIG.o
                                0xc58 (size before relaxing)
 .debug_str     0x00002168      0x52f src\main.o
                                0xec2 (size before relaxing)
 .debug_str     0x00002697       0xc1 src\control\TimerTime.o
                                0x9e2 (size before relaxing)
 .debug_str     0x00002758      0x11e src\control\Robo.o
                                0x7a0 (size before relaxing)
 .debug_str     0x00002876      0x101 src\control\Pwm.o
                                0x72d (size before relaxing)
 .debug_str     0x00002977       0x87 src\control\Motor.o
                                0x65f (size before relaxing)
 .debug_str     0x000029fe       0x34 src\control\GPIO.o
                                0x487 (size before relaxing)
 .debug_str     0x00002a32       0x6b src\control\Encoder.o
                                0x5c2 (size before relaxing)
 .debug_str     0x00002a9d      0x6f5 Utilities\STM32F4-Discovery\stm32f4_discovery_audio_codec.o
                               0x10ec (size before relaxing)
 .debug_str     0x00003192      0x190 Utilities\STM32F4-Discovery\stm32f4_discovery.o
                                0xba2 (size before relaxing)
 .debug_str     0x00003322      0xa04 Libraries\STM32F4xx_StdPeriph_Driver\src\stm32f4xx_tim.o
                                0xe49 (size before relaxing)
 .debug_str     0x00003d26      0x156 Libraries\STM32F4xx_StdPeriph_Driver\src\stm32f4xx_syscfg.o
                                0x36d (size before relaxing)
 .debug_str     0x00003e7c      0x295 Libraries\STM32F4xx_StdPeriph_Driver\src\stm32f4xx_spi.o
                                0x703 (size before relaxing)
 .debug_str     0x00004111      0x56b Libraries\STM32F4xx_StdPeriph_Driver\src\stm32f4xx_rcc.o
                                0x8f2 (size before relaxing)
 .debug_str     0x0000467c      0x159 Libraries\STM32F4xx_StdPeriph_Driver\src\stm32f4xx_gpio.o
                                0x51c (size before relaxing)
 .debug_str     0x000047d5       0xf3 Libraries\STM32F4xx_StdPeriph_Driver\src\stm32f4xx_exti.o
                                0x3d2 (size before relaxing)
 .debug_str     0x000048c8      0x254 Libraries\STM32F4xx_StdPeriph_Driver\src\stm32f4xx_dma.o
                                0x5bb (size before relaxing)
 .debug_str     0x00004b1c      0x220 Libraries\STM32F4xx_StdPeriph_Driver\src\stm32f4xx_dac.o
                                0x4cc (size before relaxing)
 .debug_str     0x00004d3c      0x106 Libraries\STM32F4xx_StdPeriph_Driver\src\misc.o
                                0x447 (size before relaxing)

.comment        0x00000000       0x82
 .comment       0x00000000       0x82 src\tiny_printf.o
                                 0x83 (size before relaxing)
 .comment       0x00000000       0x83 src\system_stm32f4xx.o
 .comment       0x00000000       0x83 src\stm32f4xx_it.o
 .comment       0x00000000       0x83 src\own_libraries\SPI_interface.o
 .comment       0x00000000       0x83 src\own_libraries\REGISTER.o
 .comment       0x00000000       0x83 src\own_libraries\NRF_REGISTER_MAP.o
 .comment       0x00000000       0x83 src\own_libraries\NRF24.o
 .comment       0x00000000       0x83 src\own_libraries\CONFIG.o
 .comment       0x00000000       0x83 src\main.o
 .comment       0x00000000       0x83 src\control\TimerTime.o
 .comment       0x00000000       0x83 src\control\Robo.o
 .comment       0x00000000       0x83 src\control\Pwm.o
 .comment       0x00000000       0x83 src\control\Motor.o
 .comment       0x00000000       0x83 src\control\GPIO.o
 .comment       0x00000000       0x83 src\control\Encoder.o
 .comment       0x00000000       0x83 Utilities\STM32F4-Discovery\stm32f4_discovery_audio_codec.o
 .comment       0x00000000       0x83 Utilities\STM32F4-Discovery\stm32f4_discovery.o
 .comment       0x00000000       0x83 Libraries\STM32F4xx_StdPeriph_Driver\src\stm32f4xx_tim.o
 .comment       0x00000000       0x83 Libraries\STM32F4xx_StdPeriph_Driver\src\stm32f4xx_syscfg.o
 .comment       0x00000000       0x83 Libraries\STM32F4xx_StdPeriph_Driver\src\stm32f4xx_spi.o
 .comment       0x00000000       0x83 Libraries\STM32F4xx_StdPeriph_Driver\src\stm32f4xx_rcc.o
 .comment       0x00000000       0x83 Libraries\STM32F4xx_StdPeriph_Driver\src\stm32f4xx_gpio.o
 .comment       0x00000000       0x83 Libraries\STM32F4xx_StdPeriph_Driver\src\stm32f4xx_exti.o
 .comment       0x00000000       0x83 Libraries\STM32F4xx_StdPeriph_Driver\src\stm32f4xx_dma.o
 .comment       0x00000000       0x83 Libraries\STM32F4xx_StdPeriph_Driver\src\stm32f4xx_dac.o
 .comment       0x00000000       0x83 Libraries\STM32F4xx_StdPeriph_Driver\src\misc.o

.debug_frame    0x00000000     0x39d4
 .debug_frame   0x00000000      0x154 src\tiny_printf.o
 .debug_frame   0x00000154       0x64 src\system_stm32f4xx.o
 .debug_frame   0x000001b8       0xd0 src\stm32f4xx_it.o
 .debug_frame   0x00000288      0x190 src\own_libraries\SPI_interface.o
 .debug_frame   0x00000418       0x9c src\own_libraries\REGISTER.o
 .debug_frame   0x000004b4       0x54 src\own_libraries\NRF_REGISTER_MAP.o
 .debug_frame   0x00000508      0x3f4 src\own_libraries\NRF24.o
 .debug_frame   0x000008fc      0x188 src\own_libraries\CONFIG.o
 .debug_frame   0x00000a84      0x1f8 src\main.o
 .debug_frame   0x00000c7c       0x88 src\control\TimerTime.o
 .debug_frame   0x00000d04       0x58 src\control\Robo.o
 .debug_frame   0x00000d5c       0x50 src\control\Pwm.o
 .debug_frame   0x00000dac       0xd4 src\control\Motor.o
 .debug_frame   0x00000e80       0x70 src\control\GPIO.o
 .debug_frame   0x00000ef0       0x50 src\control\Encoder.o
 .debug_frame   0x00000f40      0x438 Utilities\STM32F4-Discovery\stm32f4_discovery_audio_codec.o
 .debug_frame   0x00001378       0xc4 Utilities\STM32F4-Discovery\stm32f4_discovery.o
 .debug_frame   0x0000143c      0xa3c Libraries\STM32F4xx_StdPeriph_Driver\src\stm32f4xx_tim.o
 .debug_frame   0x00001e78       0xbc Libraries\STM32F4xx_StdPeriph_Driver\src\stm32f4xx_syscfg.o
 .debug_frame   0x00001f34      0x2d0 Libraries\STM32F4xx_StdPeriph_Driver\src\stm32f4xx_spi.o
 .debug_frame   0x00002204      0x4f4 Libraries\STM32F4xx_StdPeriph_Driver\src\stm32f4xx_rcc.o
 .debug_frame   0x000026f8      0x19c Libraries\STM32F4xx_StdPeriph_Driver\src\stm32f4xx_gpio.o
 .debug_frame   0x00002894       0xec Libraries\STM32F4xx_StdPeriph_Driver\src\stm32f4xx_exti.o
 .debug_frame   0x00002980      0x224 Libraries\STM32F4xx_StdPeriph_Driver\src\stm32f4xx_dma.o
 .debug_frame   0x00002ba4      0x1ec Libraries\STM32F4xx_StdPeriph_Driver\src\stm32f4xx_dac.o
 .debug_frame   0x00002d90       0x9c Libraries\STM32F4xx_StdPeriph_Driver\src\misc.o
 .debug_frame   0x00002e2c       0x2c c:/program files (x86)/atollic/truestudio for arm 5.4.1/armtools/bin/../lib/gcc/arm-atollic-eabi/4.8.3/../../../../arm-atollic-eabi/lib/armv7e-m/fpu\libc_s.a(lib_a-init.o)
 .debug_frame   0x00002e58       0x20 c:/program files (x86)/atollic/truestudio for arm 5.4.1/armtools/bin/../lib/gcc/arm-atollic-eabi/4.8.3/../../../../arm-atollic-eabi/lib/armv7e-m/fpu\libc_s.a(lib_a-strlen.o)
 .debug_frame   0x00002e78      0x14c c:/program files (x86)/atollic/truestudio for arm 5.4.1/armtools/bin/../lib/gcc/arm-atollic-eabi/4.8.3/../../../../arm-atollic-eabi/lib/armv7e-m/fpu\libc_s.a(lib_a-syscalls.o)
 .debug_frame   0x00002fc4       0x48 c:/program files (x86)/atollic/truestudio for arm 5.4.1/armtools/bin/../lib/gcc/arm-atollic-eabi/4.8.3/../../../../arm-atollic-eabi/lib/armv7e-m/fpu\libc_s.a(lib_a-reent.o)
 .debug_frame   0x0000300c       0x2c c:/program files (x86)/atollic/truestudio for arm 5.4.1/armtools/bin/../lib/gcc/arm-atollic-eabi/4.8.3/../../../../arm-atollic-eabi/lib/armv7e-m/fpu\libc_s.a(lib_a-nano-freer.o)
 .debug_frame   0x00003038       0x2c c:/program files (x86)/atollic/truestudio for arm 5.4.1/armtools/bin/../lib/gcc/arm-atollic-eabi/4.8.3/../../../../arm-atollic-eabi/lib/armv7e-m/fpu\libc_s.a(lib_a-nano-mallocr.o)
 .debug_frame   0x00003064       0x2c c:/program files (x86)/atollic/truestudio for arm 5.4.1/armtools/bin/../lib/gcc/arm-atollic-eabi/4.8.3/../../../../arm-atollic-eabi/lib/armv7e-m/fpu\libc_s.a(lib_a-sbrkr.o)
 .debug_frame   0x00003090       0x40 c:/program files (x86)/atollic/truestudio for arm 5.4.1/armtools/bin/../lib/gcc/arm-atollic-eabi/4.8.3/../../../../arm-atollic-eabi/lib/armv7e-m/fpu\libstdc++_s.a(pure.o)
 .debug_frame   0x000030d0       0x28 c:/program files (x86)/atollic/truestudio for arm 5.4.1/armtools/bin/../lib/gcc/arm-atollic-eabi/4.8.3/../../../../arm-atollic-eabi/lib/armv7e-m/fpu\libstdc++_s.a(new_op.o)
 .debug_frame   0x000030f8       0x90 c:/program files (x86)/atollic/truestudio for arm 5.4.1/armtools/bin/../lib/gcc/arm-atollic-eabi/4.8.3/../../../../arm-atollic-eabi/lib/armv7e-m/fpu\libstdc++_s.a(eh_terminate.o)
 .debug_frame   0x00003188       0x20 c:/program files (x86)/atollic/truestudio for arm 5.4.1/armtools/bin/../lib/gcc/arm-atollic-eabi/4.8.3/../../../../arm-atollic-eabi/lib/armv7e-m/fpu\libstdc++_s.a(new_handler.o)
 .debug_frame   0x000031a8       0x34 c:/program files (x86)/atollic/truestudio for arm 5.4.1/armtools/bin/../lib/gcc/arm-atollic-eabi/4.8.3/../../../../arm-atollic-eabi/lib/armv7e-m/fpu\libstdc++_s.a(vterminate.o)
 .debug_frame   0x000031dc       0x28 c:/program files (x86)/atollic/truestudio for arm 5.4.1/armtools/bin/../lib/gcc/arm-atollic-eabi/4.8.3/../../../../arm-atollic-eabi/lib/armv7e-m/fpu\libstdc++_s.a(eh_type.o)
 .debug_frame   0x00003204      0x504 c:/program files (x86)/atollic/truestudio for arm 5.4.1/armtools/bin/../lib/gcc/arm-atollic-eabi/4.8.3/../../../../arm-atollic-eabi/lib/armv7e-m/fpu\libstdc++_s.a(cp-demangle.o)
 .debug_frame   0x00003708       0x30 c:/program files (x86)/atollic/truestudio for arm 5.4.1/armtools/bin/../lib/gcc/arm-atollic-eabi/4.8.3/../../../../arm-atollic-eabi/lib/armv7e-m/fpu\libstdc++_s.a(eh_globals.o)
 .debug_frame   0x00003738       0x28 c:/program files (x86)/atollic/truestudio for arm 5.4.1/armtools/bin/../lib/gcc/arm-atollic-eabi/4.8.3/../../../../arm-atollic-eabi/lib/armv7e-m/fpu\libc_s.a(lib_a-abort.o)
 .debug_frame   0x00003760       0x30 c:/program files (x86)/atollic/truestudio for arm 5.4.1/armtools/bin/../lib/gcc/arm-atollic-eabi/4.8.3/../../../../arm-atollic-eabi/lib/armv7e-m/fpu\libc_s.a(lib_a-malloc.o)
 .debug_frame   0x00003790       0x2c c:/program files (x86)/atollic/truestudio for arm 5.4.1/armtools/bin/../lib/gcc/arm-atollic-eabi/4.8.3/../../../../arm-atollic-eabi/lib/armv7e-m/fpu\libc_s.a(lib_a-memcmp.o)
 .debug_frame   0x000037bc       0x28 c:/program files (x86)/atollic/truestudio for arm 5.4.1/armtools/bin/../lib/gcc/arm-atollic-eabi/4.8.3/../../../../arm-atollic-eabi/lib/armv7e-m/fpu\libc_s.a(lib_a-memcpy-stub.o)
 .debug_frame   0x000037e4       0x20 c:/program files (x86)/atollic/truestudio for arm 5.4.1/armtools/bin/../lib/gcc/arm-atollic-eabi/4.8.3/../../../../arm-atollic-eabi/lib/armv7e-m/fpu\libc_s.a(lib_a-realloc.o)
 .debug_frame   0x00003804       0xc0 c:/program files (x86)/atollic/truestudio for arm 5.4.1/armtools/bin/../lib/gcc/arm-atollic-eabi/4.8.3/../../../../arm-atollic-eabi/lib/armv7e-m/fpu\libc_s.a(lib_a-signal.o)
 .debug_frame   0x000038c4       0x3c c:/program files (x86)/atollic/truestudio for arm 5.4.1/armtools/bin/../lib/gcc/arm-atollic-eabi/4.8.3/../../../../arm-atollic-eabi/lib/armv7e-m/fpu\libc_s.a(lib_a-signalr.o)
 .debug_frame   0x00003900       0x2c c:/program files (x86)/atollic/truestudio for arm 5.4.1/armtools/bin/../lib/gcc/arm-atollic-eabi/4.8.3/../../../../arm-atollic-eabi/lib/armv7e-m/fpu\libc_s.a(lib_a-strncmp.o)
 .debug_frame   0x0000392c       0x2c c:/program files (x86)/atollic/truestudio for arm 5.4.1/armtools/bin/../lib/gcc/arm-atollic-eabi/4.8.3/../../../../arm-atollic-eabi/lib/armv7e-m/fpu\libc_s.a(lib_a-syswrite.o)
 .debug_frame   0x00003958       0x2c c:/program files (x86)/atollic/truestudio for arm 5.4.1/armtools/bin/../lib/gcc/arm-atollic-eabi/4.8.3/../../../../arm-atollic-eabi/lib/armv7e-m/fpu\libc_s.a(lib_a-writer.o)
 .debug_frame   0x00003984       0x30 c:/program files (x86)/atollic/truestudio for arm 5.4.1/armtools/bin/../lib/gcc/arm-atollic-eabi/4.8.3/../../../../arm-atollic-eabi/lib/armv7e-m/fpu\libc_s.a(lib_a-nano-reallocr.o)
 .debug_frame   0x000039b4       0x20 c:/program files (x86)/atollic/truestudio for arm 5.4.1/armtools/bin/../lib/gcc/arm-atollic-eabi/4.8.3/../../../../arm-atollic-eabi/lib/armv7e-m/fpu\libc_s.a(lib_a-nano-msizer.o)

Cross Reference Table

Symbol                                            File
ADC_AnalogWatchdogCmd                             Libraries\STM32F4xx_StdPeriph_Driver\src\stm32f4xx_adc.o
ADC_AnalogWatchdogSingleChannelConfig             Libraries\STM32F4xx_StdPeriph_Driver\src\stm32f4xx_adc.o
ADC_AnalogWatchdogThresholdsConfig                Libraries\STM32F4xx_StdPeriph_Driver\src\stm32f4xx_adc.o
ADC_AutoInjectedConvCmd                           Libraries\STM32F4xx_StdPeriph_Driver\src\stm32f4xx_adc.o
ADC_ClearFlag                                     Libraries\STM32F4xx_StdPeriph_Driver\src\stm32f4xx_adc.o
ADC_ClearITPendingBit                             Libraries\STM32F4xx_StdPeriph_Driver\src\stm32f4xx_adc.o
ADC_Cmd                                           Libraries\STM32F4xx_StdPeriph_Driver\src\stm32f4xx_adc.o
ADC_CommonInit                                    Libraries\STM32F4xx_StdPeriph_Driver\src\stm32f4xx_adc.o
ADC_CommonStructInit                              Libraries\STM32F4xx_StdPeriph_Driver\src\stm32f4xx_adc.o
ADC_ContinuousModeCmd                             Libraries\STM32F4xx_StdPeriph_Driver\src\stm32f4xx_adc.o