Archive member included to satisfy reference by file (symbol)

c:/program files (x86)/atollic/truestudio for arm 5.5.1/armtools/bin/../lib/gcc/arm-atollic-eabi/5.3.1/../../../../arm-atollic-eabi/lib/armv7e-m/fpu\libstdc++.a(new_op.o)
                              src\control\my_spi.o (operator new(unsigned int))
c:/program files (x86)/atollic/truestudio for arm 5.5.1/armtools/bin/../lib/gcc/arm-atollic-eabi/5.3.1/../../../../arm-atollic-eabi/lib/armv7e-m/fpu\libstdc++.a(new_handler.o)
                              c:/program files (x86)/atollic/truestudio for arm 5.5.1/armtools/bin/../lib/gcc/arm-atollic-eabi/5.3.1/../../../../arm-atollic-eabi/lib/armv7e-m/fpu\libstdc++.a(new_op.o) (std::get_new_handler())
c:/program files (x86)/atollic/truestudio for arm 5.5.1/armtools/bin/../lib/gcc/arm-atollic-eabi/5.3.1/../../../../arm-atollic-eabi/lib/armv7e-m/fpu\libstdc++.a(bad_alloc.o)
                              c:/program files (x86)/atollic/truestudio for arm 5.5.1/armtools/bin/../lib/gcc/arm-atollic-eabi/5.3.1/../../../../arm-atollic-eabi/lib/armv7e-m/fpu\libstdc++.a(new_op.o) (std::bad_alloc::~bad_alloc())
c:/program files (x86)/atollic/truestudio for arm 5.5.1/armtools/bin/../lib/gcc/arm-atollic-eabi/5.3.1/../../../../arm-atollic-eabi/lib/armv7e-m/fpu\libstdc++.a(eh_alloc.o)
                              c:/program files (x86)/atollic/truestudio for arm 5.5.1/armtools/bin/../lib/gcc/arm-atollic-eabi/5.3.1/../../../../arm-atollic-eabi/lib/armv7e-m/fpu\libstdc++.a(new_op.o) (__cxa_allocate_exception)
c:/program files (x86)/atollic/truestudio for arm 5.5.1/armtools/bin/../lib/gcc/arm-atollic-eabi/5.3.1/../../../../arm-atollic-eabi/lib/armv7e-m/fpu\libstdc++.a(eh_throw.o)
                              c:/program files (x86)/atollic/truestudio for arm 5.5.1/armtools/bin/../lib/gcc/arm-atollic-eabi/5.3.1/../../../../arm-atollic-eabi/lib/armv7e-m/fpu\libstdc++.a(new_op.o) (__cxa_throw)
c:/program files (x86)/atollic/truestudio for arm 5.5.1/armtools/bin/../lib/gcc/arm-atollic-eabi/5.3.1/../../../../arm-atollic-eabi/lib/armv7e-m/fpu\libstdc++.a(eh_exception.o)
                              c:/program files (x86)/atollic/truestudio for arm 5.5.1/armtools/bin/../lib/gcc/arm-atollic-eabi/5.3.1/../../../../arm-atollic-eabi/lib/armv7e-m/fpu\libstdc++.a(bad_alloc.o) (std::exception::~exception())
c:/program files (x86)/atollic/truestudio for arm 5.5.1/armtools/bin/../lib/gcc/arm-atollic-eabi/5.3.1/../../../../arm-atollic-eabi/lib/armv7e-m/fpu\libstdc++.a(eh_globals.o)
                              c:/program files (x86)/atollic/truestudio for arm 5.5.1/armtools/bin/../lib/gcc/arm-atollic-eabi/5.3.1/../../../../arm-atollic-eabi/lib/armv7e-m/fpu\libstdc++.a(eh_throw.o) (__cxa_get_globals)
c:/program files (x86)/atollic/truestudio for arm 5.5.1/armtools/bin/../lib/gcc/arm-atollic-eabi/5.3.1/../../../../arm-atollic-eabi/lib/armv7e-m/fpu\libstdc++.a(eh_catch.o)
                              c:/program files (x86)/atollic/truestudio for arm 5.5.1/armtools/bin/../lib/gcc/arm-atollic-eabi/5.3.1/../../../../arm-atollic-eabi/lib/armv7e-m/fpu\libstdc++.a(eh_throw.o) (__cxa_begin_catch)
c:/program files (x86)/atollic/truestudio for arm 5.5.1/armtools/bin/../lib/gcc/arm-atollic-eabi/5.3.1/../../../../arm-atollic-eabi/lib/armv7e-m/fpu\libstdc++.a(eh_terminate.o)
                              c:/program files (x86)/atollic/truestudio for arm 5.5.1/armtools/bin/../lib/gcc/arm-atollic-eabi/5.3.1/../../../../arm-atollic-eabi/lib/armv7e-m/fpu\libstdc++.a(eh_throw.o) (__cxxabiv1::__terminate(void (*)()))
c:/program files (x86)/atollic/truestudio for arm 5.5.1/armtools/bin/../lib/gcc/arm-atollic-eabi/5.3.1/../../../../arm-atollic-eabi/lib/armv7e-m/fpu\libstdc++.a(si_class_type_info.o)
                              c:/program files (x86)/atollic/truestudio for arm 5.5.1/armtools/bin/../lib/gcc/arm-atollic-eabi/5.3.1/../../../../arm-atollic-eabi/lib/armv7e-m/fpu\libstdc++.a(bad_alloc.o) (vtable for __cxxabiv1::__si_class_type_info)
c:/program files (x86)/atollic/truestudio for arm 5.5.1/armtools/bin/../lib/gcc/arm-atollic-eabi/5.3.1/../../../../arm-atollic-eabi/lib/armv7e-m/fpu\libstdc++.a(del_op.o)
                              c:/program files (x86)/atollic/truestudio for arm 5.5.1/armtools/bin/../lib/gcc/arm-atollic-eabi/5.3.1/../../../../arm-atollic-eabi/lib/armv7e-m/fpu\libstdc++.a(bad_alloc.o) (operator delete(void*))
c:/program files (x86)/atollic/truestudio for arm 5.5.1/armtools/bin/../lib/gcc/arm-atollic-eabi/5.3.1/../../../../arm-atollic-eabi/lib/armv7e-m/fpu\libstdc++.a(eh_term_handler.o)
                              c:/program files (x86)/atollic/truestudio for arm 5.5.1/armtools/bin/../lib/gcc/arm-atollic-eabi/5.3.1/../../../../arm-atollic-eabi/lib/armv7e-m/fpu\libstdc++.a(eh_terminate.o) (__cxxabiv1::__terminate_handler)
c:/program files (x86)/atollic/truestudio for arm 5.5.1/armtools/bin/../lib/gcc/arm-atollic-eabi/5.3.1/../../../../arm-atollic-eabi/lib/armv7e-m/fpu\libstdc++.a(pure.o)
[...]
Memory Configuration

Name             Origin             Length             Attributes
FLASH            0x08000000         0x00100000         xr
RAM              0x20000000         0x00020000         xrw
MEMORY_B1        0x60000000         0x00000000         xr
CCMRAM           0x10000000         0x00010000         rw
*default*        0x00000000         0xffffffff

Linker script and memory map

LOAD c:/program files (x86)/atollic/truestudio for arm 5.5.1/armtools/bin/../lib/gcc/arm-atollic-eabi/5.3.1/armv7e-m/fpu/crti.o
LOAD c:/program files (x86)/atollic/truestudio for arm 5.5.1/armtools/bin/../lib/gcc/arm-atollic-eabi/5.3.1/armv7e-m/fpu/crtbegin.o
LOAD src\system_stm32f4xx.o
LOAD src\stm32f4xx_it.o
LOAD src\startup_stm32f40xx.o
LOAD src\proto\pb_encode.o
LOAD src\proto\pb_decode.o
LOAD src\proto\pb_common.o
LOAD src\proto\grSim_Commands.pb.o
LOAD src\main.o
LOAD src\control\sensor.o
LOAD src\control\my_spi.o
LOAD src\control\dibre.o
LOAD src\control\adc.o
LOAD src\control\TimerTime2.o
LOAD src\control\TimerTime.o
LOAD src\control\Robo.o
LOAD src\control\Pwm.o
LOAD src\control\NRF24.o
LOAD src\control\Motor.o
LOAD src\control\GPIO.o
LOAD src\control\Encoder.o
LOAD Utilities\STM32F4-Discovery\stm32f4_discovery_lis302dl.o
LOAD Utilities\STM32F4-Discovery\stm32f4_discovery_audio_codec.o
LOAD Utilities\STM32F4-Discovery\stm32f4_discovery.o
LOAD Libraries\STM32F4xx_StdPeriph_Driver\src\stm32f4xx_wwdg.o
LOAD Libraries\STM32F4xx_StdPeriph_Driver\src\stm32f4xx_usart.o
LOAD Libraries\STM32F4xx_StdPeriph_Driver\src\stm32f4xx_tim.o
LOAD Libraries\STM32F4xx_StdPeriph_Driver\src\stm32f4xx_syscfg.o
LOAD Libraries\STM32F4xx_StdPeriph_Driver\src\stm32f4xx_spi.o
LOAD Libraries\STM32F4xx_StdPeriph_Driver\src\stm32f4xx_sdio.o
LOAD Libraries\STM32F4xx_StdPeriph_Driver\src\stm32f4xx_rtc.o
LOAD Libraries\STM32F4xx_StdPeriph_Driver\src\stm32f4xx_rng.o
LOAD Libraries\STM32F4xx_StdPeriph_Driver\src\stm32f4xx_rcc.o
LOAD Libraries\STM32F4xx_StdPeriph_Driver\src\stm32f4xx_pwr.o
LOAD Libraries\STM32F4xx_StdPeriph_Driver\src\stm32f4xx_iwdg.o
LOAD Libraries\STM32F4xx_StdPeriph_Driver\src\stm32f4xx_i2c.o
LOAD Libraries\STM32F4xx_StdPeriph_Driver\src\stm32f4xx_hash_sha1.o
LOAD Libraries\STM32F4xx_StdPeriph_Driver\src\stm32f4xx_hash_md5.o
LOAD Libraries\STM32F4xx_StdPeriph_Driver\src\stm32f4xx_hash.o
LOAD Libraries\STM32F4xx_StdPeriph_Driver\src\stm32f4xx_gpio.o
LOAD Libraries\STM32F4xx_StdPeriph_Driver\src\stm32f4xx_fsmc.o
LOAD Libraries\STM32F4xx_StdPeriph_Driver\src\stm32f4xx_flash.o
LOAD Libraries\STM32F4xx_StdPeriph_Driver\src\stm32f4xx_exti.o
LOAD Libraries\STM32F4xx_StdPeriph_Driver\src\stm32f4xx_dma.o
LOAD Libraries\STM32F4xx_StdPeriph_Driver\src\stm32f4xx_dcmi.o
LOAD Libraries\STM32F4xx_StdPeriph_Driver\src\stm32f4xx_dbgmcu.o
LOAD Libraries\STM32F4xx_StdPeriph_Driver\src\stm32f4xx_dac.o
LOAD Libraries\STM32F4xx_StdPeriph_Driver\src\stm32f4xx_cryp_tdes.o
LOAD Libraries\STM32F4xx_StdPeriph_Driver\src\stm32f4xx_cryp_des.o
LOAD Libraries\STM32F4xx_StdPeriph_Driver\src\stm32f4xx_cryp_aes.o
LOAD Libraries\STM32F4xx_StdPeriph_Driver\src\stm32f4xx_cryp.o
LOAD Libraries\STM32F4xx_StdPeriph_Driver\src\stm32f4xx_crc.o
LOAD Libraries\STM32F4xx_StdPeriph_Driver\src\stm32f4xx_can.o
LOAD Libraries\STM32F4xx_StdPeriph_Driver\src\stm32f4xx_adc.o
LOAD Libraries\STM32F4xx_StdPeriph_Driver\src\misc.o
START GROUP
LOAD c:/program files (x86)/atollic/truestudio for arm 5.5.1/armtools/bin/../lib/gcc/arm-atollic-eabi/5.3.1/../../../../arm-atollic-eabi/lib/armv7e-m/fpu\libstdc++.a
LOAD c:/program files (x86)/atollic/truestudio for arm 5.5.1/armtools/bin/../lib/gcc/arm-atollic-eabi/5.3.1/../../../../arm-atollic-eabi/lib/armv7e-m/fpu\libsupc++.a
END GROUP
                0x00001000                malloc_getpagesize_P = 0x1000
LOAD c:/program files (x86)/atollic/truestudio for arm 5.5.1/armtools/bin/../lib/gcc/arm-atollic-eabi/5.3.1/../../../../arm-atollic-eabi/lib/armv7e-m/fpu\libstdc++.a
LOAD c:/program files (x86)/atollic/truestudio for arm 5.5.1/armtools/bin/../lib/gcc/arm-atollic-eabi/5.3.1/../../../../arm-atollic-eabi/lib/armv7e-m/fpu\libm.a
LOAD c:/program files (x86)/atollic/truestudio for arm 5.5.1/armtools/bin/../lib/gcc/arm-atollic-eabi/5.3.1/../../../../arm-atollic-eabi/lib/armv7e-m/fpu\libc.a
START GROUP
LOAD c:/program files (x86)/atollic/truestudio for arm 5.5.1/armtools/bin/../lib/gcc/arm-atollic-eabi/5.3.1/armv7e-m/fpu\libgcc.a
LOAD c:/program files (x86)/atollic/truestudio for arm 5.5.1/armtools/bin/../lib/gcc/arm-atollic-eabi/5.3.1/../../../../arm-atollic-eabi/lib/armv7e-m/fpu\libc.a
END GROUP
START GROUP
LOAD c:/program files (x86)/atollic/truestudio for arm 5.5.1/armtools/bin/../lib/gcc/arm-atollic-eabi/5.3.1/armv7e-m/fpu\libgcc.a
LOAD c:/program files (x86)/atollic/truestudio for arm 5.5.1/armtools/bin/../lib/gcc/arm-atollic-eabi/5.3.1/../../../../arm-atollic-eabi/lib/armv7e-m/fpu\libc.a
LOAD c:/program files (x86)/atollic/truestudio for arm 5.5.1/armtools/bin/../lib/gcc/arm-atollic-eabi/5.3.1/../../../../arm-atollic-eabi/lib/armv7e-m/fpu\libnosys.a
END GROUP
LOAD c:/program files (x86)/atollic/truestudio for arm 5.5.1/armtools/bin/../lib/gcc/arm-atollic-eabi/5.3.1/armv7e-m/fpu/crtend.o
LOAD c:/program files (x86)/atollic/truestudio for arm 5.5.1/armtools/bin/../lib/gcc/arm-atollic-eabi/5.3.1/armv7e-m/fpu/crtn.o
                0x20020000                _estack = 0x20020000
                0x00000000                _Min_Heap_Size = 0x0
                0x00000400                _Min_Stack_Size = 0x400

.isr_vector     0x08000000      0x188
                0x08000000                . = ALIGN (0x4)
 *(.isr_vector)
 .isr_vector    0x08000000      0x188 src\startup_stm32f40xx.o
                0x08000000                g_pfnVectors
                0x08000188                . = ALIGN (0x4)

.text           0x08000190    0x122c0
                0x08000190                . = ALIGN (0x4)
 *(.text)
 .text          0x08000190       0x40 c:/program files (x86)/atollic/truestudio for arm 5.5.1/armtools/bin/../lib/gcc/arm-atollic-eabi/5.3.1/armv7e-m/fpu/crtbegin.o
 .text          0x080001d0     0x8268 c:/program files (x86)/atollic/truestudio for arm 5.5.1/armtools/bin/../lib/gcc/arm-atollic-eabi/5.3.1/../../../../arm-atollic-eabi/lib/armv7e-m/fpu\libstdc++.a(cp-demangle.o)
                0x08008358                __cxa_demangle
                0x08008414                __gcclibcxx_demangle_callback
 *fill*         0x08008438        0x8 
 .text          0x08008440       0xa0 c:/program files (x86)/atollic/truestudio for arm 5.5.1/armtools/bin/../lib/gcc/arm-atollic-eabi/5.3.1/../../../../arm-atollic-eabi/lib/armv7e-m/fpu\libc.a(lib_a-memchr.o)
                0x08008440                memchr
 .text          0x080084e0       0x14 c:/program files (x86)/atollic/truestudio for arm 5.5.1/armtools/bin/../lib/gcc/arm-atollic-eabi/5.3.1/../../../../arm-atollic-eabi/lib/armv7e-m/fpu\libc.a(lib_a-strcmp.o)
                0x080084e0                strcmp
 .text          0x080084f4       0x10 c:/program files (x86)/atollic/truestudio for arm 5.5.1/armtools/bin/../lib/gcc/arm-atollic-eabi/5.3.1/../../../../arm-atollic-eabi/lib/armv7e-m/fpu\libc.a(lib_a-strlen.o)
                0x080084f4                strlen
 .text          0x08008504      0x370 c:/program files (x86)/atollic/truestudio for arm 5.5.1/armtools/bin/../lib/gcc/arm-atollic-eabi/5.3.1/armv7e-m/fpu\libgcc.a(_arm_addsubdf3.o)
                0x08008504                __aeabi_drsub
                0x0800850c                __aeabi_dsub
                0x0800850c                __subdf3
                0x08008510                __aeabi_dadd
                0x08008510                __adddf3
                0x08008788                __floatunsidf
                0x08008788                __aeabi_ui2d
                0x080087a8                __floatsidf
                0x080087a8                __aeabi_i2d
                0x080087cc                __aeabi_f2d
                0x080087cc                __extendsfdf2
                0x08008808                __floatundidf
                0x08008808                __aeabi_ul2d
                0x08008818                __floatdidf
                0x08008818                __aeabi_l2d
 .text          0x08008874      0x424 c:/program files (x86)/atollic/truestudio for arm 5.5.1/armtools/bin/../lib/gcc/arm-atollic-eabi/5.3.1/armv7e-m/fpu\libgcc.a(_arm_muldivdf3.o)
                0x08008874                __aeabi_dmul
                0x08008874                __muldf3
                0x08008ac8                __divdf3
                0x08008ac8                __aeabi_ddiv
 .text          0x08008c98      0x110 c:/program files (x86)/atollic/truestudio for arm 5.5.1/armtools/bin/../lib/gcc/arm-atollic-eabi/5.3.1/armv7e-m/fpu\libgcc.a(_arm_cmpdf2.o)
                0x08008c98                __gtdf2
                0x08008c98                __gedf2
                0x08008ca0                __ltdf2
                0x08008ca0                __ledf2
                0x08008ca8                __nedf2
                0x08008ca8                __eqdf2
                0x08008ca8                __cmpdf2
                0x08008d24                __aeabi_cdrcmple
                0x08008d34                __aeabi_cdcmpeq
                0x08008d34                __aeabi_cdcmple
                0x08008d44                __aeabi_dcmpeq
                0x08008d58                __aeabi_dcmplt
                0x08008d6c                __aeabi_dcmple
                0x08008d80                __aeabi_dcmpge
                0x08008d94                __aeabi_dcmpgt
 .text          0x08008da8       0x2c c:/program files (x86)/atollic/truestudio for arm 5.5.1/armtools/bin/../lib/gcc/arm-atollic-eabi/5.3.1/armv7e-m/fpu\libgcc.a(_arm_unorddf2.o)
                0x08008da8                __unorddf2
                0x08008da8                __aeabi_dcmpun
 .text          0x08008dd4       0x50 c:/program files (x86)/atollic/truestudio for arm 5.5.1/armtools/bin/../lib/gcc/arm-atollic-eabi/5.3.1/armv7e-m/fpu\libgcc.a(_arm_fixdfsi.o)
                0x08008dd4                __aeabi_d2iz
                0x08008dd4                __fixdfsi
 .text          0x08008e24       0xa0 c:/program files (x86)/atollic/truestudio for arm 5.5.1/armtools/bin/../lib/gcc/arm-atollic-eabi/5.3.1/armv7e-m/fpu\libgcc.a(_arm_truncdfsf2.o)
                0x08008e24                __truncdfsf2
                0x08008e24                __aeabi_d2f
 .text          0x08008ec4       0x30 c:/program files (x86)/atollic/truestudio for arm 5.5.1/armtools/bin/../lib/gcc/arm-atollic-eabi/5.3.1/armv7e-m/fpu\libgcc.a(_aeabi_uldivmod.o)
                0x08008ec4                __aeabi_uldivmod
 .text          0x08008ef4      0x2e4 c:/program files (x86)/atollic/truestudio for arm 5.5.1/armtools/bin/../lib/gcc/arm-atollic-eabi/5.3.1/armv7e-m/fpu\libgcc.a(_udivmoddi4.o)
                0x08008ef4                __udivmoddi4
 .text          0x080091d8      0x9dc c:/program files (x86)/atollic/truestudio for arm 5.5.1/armtools/bin/../lib/gcc/arm-atollic-eabi/5.3.1/armv7e-m/fpu\libgcc.a(unwind-arm.o)
                0x08009494                _Unwind_GetCFA
                0x08009498                __gnu_Unwind_RaiseException
                0x080094f8                __gnu_Unwind_ForcedUnwind
                0x0800950c                __gnu_Unwind_Resume
                0x08009550                __gnu_Unwind_Resume_or_Rethrow
                0x08009560                _Unwind_Complete
                0x08009564                _Unwind_DeleteException
                0x08009570                _Unwind_VRS_Get
                0x080095bc                _Unwind_VRS_Set
                0x0800960c                __gnu_Unwind_Backtrace
                0x08009958                __aeabi_unwind_cpp_pr0
                0x0800995c                __aeabi_unwind_cpp_pr1
                0x08009960                __aeabi_unwind_cpp_pr2
                0x08009964                _Unwind_VRS_Pop
 .text          0x08009bb4      0x1ac c:/program files (x86)/atollic/truestudio for arm 5.5.1/armtools/bin/../lib/gcc/arm-atollic-eabi/5.3.1/armv7e-m/fpu\libgcc.a(libunwind.o)
                0x08009bb4                __restore_core_regs
                0x08009bb4                restore_core_regs
                0x08009bcc                __gnu_Unwind_Restore_VFP
                0x08009bd4                __gnu_Unwind_Save_VFP
                0x08009bdc                __gnu_Unwind_Restore_VFP_D
                0x08009be4                __gnu_Unwind_Save_VFP_D
                0x08009bec                __gnu_Unwind_Restore_VFP_D_16_to_31
                0x08009bf4                __gnu_Unwind_Save_VFP_D_16_to_31
                0x08009bfc                __gnu_Unwind_Restore_WMMXD
                0x08009c40                __gnu_Unwind_Save_WMMXD
                0x08009c84                __gnu_Unwind_Restore_WMMXC
                0x08009c98                __gnu_Unwind_Save_WMMXC
                0x08009cac                ___Unwind_RaiseException
                0x08009cac                _Unwind_RaiseException
                0x08009cd0                _Unwind_Resume
                0x08009cd0                ___Unwind_Resume
                0x08009cf4                _Unwind_Resume_or_Rethrow
                0x08009cf4                ___Unwind_Resume_or_Rethrow
                0x08009d18                _Unwind_ForcedUnwind
                0x08009d18                ___Unwind_ForcedUnwind
                0x08009d3c                ___Unwind_Backtrace
                0x08009d3c                _Unwind_Backtrace
 .text          0x08009d60      0x354 c:/program files (x86)/atollic/truestudio for arm 5.5.1/armtools/bin/../lib/gcc/arm-atollic-eabi/5.3.1/armv7e-m/fpu\libgcc.a(pr-support.o)
                0x08009db8                __gnu_unwind_execute
                0x0800a05c                __gnu_unwind_frame
                0x0800a084                _Unwind_GetRegionStart
                0x0800a090                _Unwind_GetLanguageSpecificData
                0x0800a0a4                _Unwind_GetTextRelBase
                0x0800a0ac                _Unwind_GetDataRelBase
 .text          0x0800a0b4        0x4 c:/program files (x86)/atollic/truestudio for arm 5.5.1/armtools/bin/../lib/gcc/arm-atollic-eabi/5.3.1/armv7e-m/fpu\libgcc.a(_dvmd_tls.o)
                0x0800a0b4                __aeabi_idiv0
                0x0800a0b4                __aeabi_ldiv0
 *(.text*)
 .text.SystemInit
                0x0800a0b8       0x6c src\system_stm32f4xx.o
                0x0800a0b8                SystemInit
 .text.SetSysClock
                0x0800a124       0xf8 src\system_stm32f4xx.o
 .text.NMI_Handler
                0x0800a21c       0x10 src\stm32f4xx_it.o
                0x0800a21c                NMI_Handler
 .text.HardFault_Handler
                0x0800a22c        0x8 src\stm32f4xx_it.o
                0x0800a22c                HardFault_Handler
 .text.MemManage_Handler
                0x0800a234        0x8 src\stm32f4xx_it.o
                0x0800a234                MemManage_Handler
 .text.BusFault_Handler
                0x0800a23c        0x8 src\stm32f4xx_it.o
                0x0800a23c                BusFault_Handler
 .text.UsageFault_Handler
                0x0800a244        0x8 src\stm32f4xx_it.o
                0x0800a244                UsageFault_Handler
 .text.SVC_Handler
                0x0800a24c       0x10 src\stm32f4xx_it.o
                0x0800a24c                SVC_Handler
 .text.DebugMon_Handler
                0x0800a25c       0x10 src\stm32f4xx_it.o
                0x0800a25c                DebugMon_Handler
 .text.PendSV_Handler
                0x0800a26c       0x10 src\stm32f4xx_it.o
                0x0800a26c                PendSV_Handler
 .text.Reset_Handler
                0x0800a27c       0x50 src\startup_stm32f40xx.o
                0x0800a27c                Reset_Handler
 .text.Default_Handler
                0x0800a2cc        0x2 src\startup_stm32f40xx.o
                0x0800a2cc                RTC_Alarm_IRQHandler
                0x0800a2cc                HASH_RNG_IRQHandler
                0x0800a2cc                EXTI2_IRQHandler
                0x0800a2cc                TIM8_CC_IRQHandler
                0x0800a2cc                TIM1_CC_IRQHandler
                0x0800a2cc                DMA2_Stream5_IRQHandler
                0x0800a2cc                DMA1_Stream5_IRQHandler
                0x0800a2cc                PVD_IRQHandler
                0x0800a2cc                SDIO_IRQHandler
                0x0800a2cc                TAMP_STAMP_IRQHandler
                0x0800a2cc                CAN2_RX1_IRQHandler
                0x0800a2cc                EXTI3_IRQHandler
                0x0800a2cc                TIM8_TRG_COM_TIM14_IRQHandler
                0x0800a2cc                TIM1_UP_TIM10_IRQHandler
                0x0800a2cc                TIM8_UP_TIM13_IRQHandler
                0x0800a2cc                I2C3_ER_IRQHandler
                0x0800a2cc                EXTI0_IRQHandler
                0x0800a2cc                I2C2_EV_IRQHandler
                0x0800a2cc                DMA1_Stream2_IRQHandler
                0x0800a2cc                CAN1_RX0_IRQHandler
                0x0800a2cc                FPU_IRQHandler
                0x0800a2cc                OTG_HS_WKUP_IRQHandler
                0x0800a2cc                CAN2_SCE_IRQHandler
                0x0800a2cc                DMA2_Stream2_IRQHandler
                0x0800a2cc                SPI1_IRQHandler
                0x0800a2cc                TIM1_BRK_TIM9_IRQHandler
                0x0800a2cc                DCMI_IRQHandler
                0x0800a2cc                CAN2_RX0_IRQHandler
                0x0800a2cc                DMA2_Stream3_IRQHandler
                0x0800a2cc                USART6_IRQHandler
                0x0800a2cc                USART3_IRQHandler
                0x0800a2cc                CRYP_IRQHandler
                0x0800a2cc                CAN1_RX1_IRQHandler
                0x0800a2cc                UART5_IRQHandler
                0x0800a2cc                DMA2_Stream0_IRQHandler
                0x0800a2cc                TIM4_IRQHandler
                0x0800a2cc                I2C1_EV_IRQHandler
                0x0800a2cc                DMA1_Stream6_IRQHandler
                0x0800a2cc                DMA1_Stream1_IRQHandler
                0x0800a2cc                UART4_IRQHandler
                0x0800a2cc                TIM3_IRQHandler
                0x0800a2cc                RCC_IRQHandler
                0x0800a2cc                TIM8_BRK_TIM12_IRQHandler
                0x0800a2cc                Default_Handler
                0x0800a2cc                EXTI15_10_IRQHandler
                0x0800a2cc                ADC_IRQHandler
                0x0800a2cc                TIM7_IRQHandler
                0x0800a2cc                CAN2_TX_IRQHandler
                0x0800a2cc                TIM5_IRQHandler
                0x0800a2cc                DMA2_Stream7_IRQHandler
                0x0800a2cc                I2C3_EV_IRQHandler
                0x0800a2cc                EXTI9_5_IRQHandler
                0x0800a2cc                RTC_WKUP_IRQHandler
                0x0800a2cc                ETH_WKUP_IRQHandler
                0x0800a2cc                SPI2_IRQHandler
                0x0800a2cc                OTG_HS_EP1_IN_IRQHandler
                0x0800a2cc                CAN1_TX_IRQHandler
                0x0800a2cc                EXTI4_IRQHandler
                0x0800a2cc                FSMC_IRQHandler
                0x0800a2cc                ETH_IRQHandler
                0x0800a2cc                OTG_HS_EP1_OUT_IRQHandler
                0x0800a2cc                WWDG_IRQHandler
                0x0800a2cc                TIM2_IRQHandler
                0x0800a2cc                OTG_FS_WKUP_IRQHandler
                0x0800a2cc                TIM1_TRG_COM_TIM11_IRQHandler
                0x0800a2cc                OTG_HS_IRQHandler
                0x0800a2cc                EXTI1_IRQHandler
                0x0800a2cc                USART2_IRQHandler
                0x0800a2cc                I2C2_ER_IRQHandler
                0x0800a2cc                DMA2_Stream1_IRQHandler
                0x0800a2cc                CAN1_SCE_IRQHandler
                0x0800a2cc                FLASH_IRQHandler
                0x0800a2cc                DMA2_Stream4_IRQHandler
                0x0800a2cc                USART1_IRQHandler
                0x0800a2cc                OTG_FS_IRQHandler
                0x0800a2cc                DMA1_Stream4_IRQHandler
                0x0800a2cc                I2C1_ER_IRQHandler
                0x0800a2cc                DMA2_Stream6_IRQHandler
                0x0800a2cc                DMA1_Stream3_IRQHandler
 *fill*         0x0800a2ce        0x2 
 .text.NVIC_SetPriority
                0x0800a2d0       0x54 src\main.o
 .text.SysTick_Config
                0x0800a324       0x44 src\main.o
 .text.main     0x0800a368       0x54 src\main.o
                0x0800a368                main
 .text.TIM6_DAC_IRQHandler
                0x0800a3bc       0x38 src\main.o
                0x0800a3bc                TIM6_DAC_IRQHandler
 .text.SysTick_Handler
                0x0800a3f4        0xc src\main.o
                0x0800a3f4                SysTick_Handler
 .text._Z21TimingDelay_Decrementv
                0x0800a400       0x30 src\main.o
                0x0800a400                TimingDelay_Decrement()
 .text.EVAL_AUDIO_TransferComplete_CallBack
                0x0800a430       0x18 src\main.o
                0x0800a430                EVAL_AUDIO_TransferComplete_CallBack
 .text.EVAL_AUDIO_GetSampleCallBack
                0x0800a448       0x14 src\main.o
                0x0800a448                EVAL_AUDIO_GetSampleCallBack
 .text._Z41__static_initialization_and_destruction_0ii
                0x0800a45c       0x38 src\main.o
 .text._GLOBAL__sub_I_robo
                0x0800a494       0x10 src\main.o
 .text._ZN5MySpiC2Ev
                0x0800a4a4       0xd4 src\control\my_spi.o
                0x0800a4a4                MySpi::MySpi()
                0x0800a4a4                MySpi::MySpi()
 .text._ZN5MySpi8TransferEPhS0_i
                0x0800a578      0x10c src\control\my_spi.o
                0x0800a578                MySpi::Transfer(unsigned char*, unsigned char*, int)
 .text._ZN5dibreC2Ev
                0x0800a684       0x48 src\control\dibre.o
                0x0800a684                dibre::dibre()
                0x0800a684                dibre::dibre()
 .text._ZN5dibre7Set_VelEt
                0x0800a6cc       0x24 src\control\dibre.o
                0x0800a6cc                dibre::Set_Vel(unsigned short)
 .text._ZN3adc10ADC_ConfigEv
                0x0800a6f0      0x184 src\control\adc.o
                0x0800a6f0                adc::ADC_Config()
 .text._ZN3adc17adc_getConversionEv
                0x0800a874       0x40 src\control\adc.o
                0x0800a874                adc::adc_getConversion()
 .text._ZN11Timer_Time2C2Ev
                0x0800a8b4       0x54 src\control\TimerTime2.o
                0x0800a8b4                Timer_Time2::Timer_Time2()
                0x0800a8b4                Timer_Time2::Timer_Time2()
 .text.NVIC_EnableIRQ
                0x0800a908       0x34 src\control\TimerTime.o
 .text.NVIC_SetPriority
                0x0800a93c       0x54 src\control\TimerTime.o
 .text._ZN10Timer_TimeC2Ev
                0x0800a990       0x74 src\control\TimerTime.o
                0x0800a990                Timer_Time::Timer_Time()
                0x0800a990                Timer_Time::Timer_Time()
 .text._ZN4RoboC2Ev
                0x0800aa04      0x344 src\control\Robo.o
                0x0800aa04                Robo::Robo()
                0x0800aa04                Robo::Robo()
 .text._ZN4Robo7ReceiveEv
                0x0800ad48      0x16c src\control\Robo.o
                0x0800ad48                Robo::Receive()
 .text._ZN4Robo10procPacketEPh
                0x0800aeb4       0x98 src\control\Robo.o
                0x0800aeb4                Robo::procPacket(unsigned char*)
 .text._ZN4Robo8HighKickEv
                0x0800af4c       0x3c src\control\Robo.o
                0x0800af4c                Robo::HighKick()
 .text._ZN4Robo10ChuteBaixoEv
                0x0800af88       0x3c src\control\Robo.o
                0x0800af88                Robo::ChuteBaixo()
 *fill*         0x0800afc4        0x4 
 .text._ZN4Robo13control_speedEv
                0x0800afc8       0xc8 src\control\Robo.o
                0x0800afc8                Robo::control_speed()
 .text._ZN4Robo9set_speedEiii
                0x0800b090      0x224 src\control\Robo.o
                0x0800b090                Robo::set_speed(int, int, int)
 .text._ZN3PwmC2EP12GPIO_TypeDefmP11TIM_TypeDefhhhb
                0x0800b2b4      0x200 src\control\Pwm.o
                0x0800b2b4                Pwm::Pwm(GPIO_TypeDef*, unsigned long, TIM_TypeDef*, unsigned char, unsigned char, unsigned char, bool)
                0x0800b2b4                Pwm::Pwm(GPIO_TypeDef*, unsigned long, TIM_TypeDef*, unsigned char, unsigned char, unsigned char, bool)
 .text._ZN3Pwm13set_DutyCycleEt
                0x0800b4b4       0x78 src\control\Pwm.o
                0x0800b4b4                Pwm::set_DutyCycle(unsigned short)
 .text._ZN5NRF24C2Ev
                0x0800b52c       0x4c src\control\NRF24.o
                0x0800b52c                NRF24::NRF24()
                0x0800b52c                NRF24::NRF24()
 .text._ZN5NRF246ConfigEv
                0x0800b578       0xb0 src\control\NRF24.o
                0x0800b578                NRF24::Config()
 .text._ZN5NRF2413WriteRegisterEhPhi
                0x0800b628      0x108 src\control\NRF24.o
                0x0800b628                NRF24::WriteRegister(unsigned char, unsigned char*, int)
 .text._ZN5NRF2412ReadRegisterEhPhi
                0x0800b730       0xfc src\control\NRF24.o
                0x0800b730                NRF24::ReadRegister(unsigned char, unsigned char*, int)
 .text._ZN5NRF2411ReadPayloadEPhi
                0x0800b82c       0xf0 src\control\NRF24.o
                0x0800b82c                NRF24::ReadPayload(unsigned char*, int)
 .text._ZN5NRF247FlushTxEv
                0x0800b91c       0x54 src\control\NRF24.o
                0x0800b91c                NRF24::FlushTx()
 .text._ZN5NRF247FlushRxEv
                0x0800b970       0x54 src\control\NRF24.o
                0x0800b970                NRF24::FlushRx()
 .text._ZN5NRF2415WriteAckPayloadEPhi
                0x0800b9c4       0xf8 src\control\NRF24.o
                0x0800b9c4                NRF24::WriteAckPayload(unsigned char*, int)
 .text._ZN5NRF245SetIdEh
                0x0800babc       0x5c src\control\NRF24.o
                0x0800babc                NRF24::SetId(unsigned char)
 .text._ZN5NRF249DataReadyEv
                0x0800bb18       0x24 src\control\NRF24.o
                0x0800bb18                NRF24::DataReady()
 .text._ZN5NRF245MaxRtEv
                0x0800bb3c       0x24 src\control\NRF24.o
                0x0800bb3c                NRF24::MaxRt()
 .text._ZN5NRF2413CleanDataSentEv
                0x0800bb60       0x24 src\control\NRF24.o
                0x0800bb60                NRF24::CleanDataSent()
 .text._ZN5NRF2414CleanDataReadyEv
                0x0800bb84       0x24 src\control\NRF24.o
                0x0800bb84                NRF24::CleanDataReady()
 .text._ZN5NRF2410CleanMaxRtEv
                0x0800bba8       0x24 src\control\NRF24.o
                0x0800bba8                NRF24::CleanMaxRt()
 .text._ZN5NRF247RxEmptyEv
                0x0800bbcc       0x24 src\control\NRF24.o
                0x0800bbcc                NRF24::RxEmpty()
 .text._ZN5MotorC2EP3PwmP4GPIOS1_S3_P7EncoderP11Timer_Time2
                0x0800bbf0       0x4c src\control\Motor.o
                0x0800bbf0                Motor::Motor(Pwm*, GPIO*, Pwm*, GPIO*, Encoder*, Timer_Time2*)
                0x0800bbf0                Motor::Motor(Pwm*, GPIO*, Pwm*, GPIO*, Encoder*, Timer_Time2*)
 .text._ZN5Motor13Control_SpeedEs
                0x0800bc3c       0x74 src\control\Motor.o
                0x0800bc3c                Motor::Control_Speed(short)
 .text._ZN5Motor6AnswerEs
                0x0800bcb0       0xc8 src\control\Motor.o
                0x0800bcb0                Motor::Answer(short)
 .text._ZN5Motor15Spe_Calc_AnswerEll
                0x0800bd78      0x17c src\control\Motor.o
                0x0800bd78                Motor::Spe_Calc_Answer(long, long)
 .text._ZN4GPIOC2EP12GPIO_TypeDeft
                0x0800bef4       0xb4 src\control\GPIO.o
                0x0800bef4                GPIO::GPIO(GPIO_TypeDef*, unsigned short)
                0x0800bef4                GPIO::GPIO(GPIO_TypeDef*, unsigned short)
 .text._ZN4GPIO6StatusEv
                0x0800bfa8       0x30 src\control\GPIO.o
                0x0800bfa8                GPIO::Status()
 .text._ZN4GPIO3SetEv
                0x0800bfd8       0x20 src\control\GPIO.o
                0x0800bfd8                GPIO::Set()
 .text._ZN4GPIO5ResetEv
                0x0800bff8       0x20 src\control\GPIO.o
                0x0800bff8                GPIO::Reset()
 .text._ZN7EncoderC2EP12GPIO_TypeDefS1_mmP11TIM_TypeDefhhh
                0x0800c018      0x168 src\control\Encoder.o
                0x0800c018                Encoder::Encoder(GPIO_TypeDef*, GPIO_TypeDef*, unsigned long, unsigned long, TIM_TypeDef*, unsigned char, unsigned char, unsigned char)
                0x0800c018                Encoder::Encoder(GPIO_TypeDef*, GPIO_TypeDef*, unsigned long, unsigned long, TIM_TypeDef*, unsigned char, unsigned char, unsigned char)
 .text._ZN7Encoder12get_positionEv
                0x0800c180       0x1c src\control\Encoder.o
                0x0800c180                Encoder::get_position()
 .text._ZN7Encoder12set_positionEm
                0x0800c19c       0x20 src\control\Encoder.o
                0x0800c19c                Encoder::set_position(unsigned long)
 .text.Audio_MAL_IRQHandler
                0x0800c1bc       0xf8 Utilities\STM32F4-Discovery\stm32f4_discovery_audio_codec.o
 .text.DMA1_Stream7_IRQHandler
                0x0800c2b4        0xc Utilities\STM32F4-Discovery\stm32f4_discovery_audio_codec.o
                0x0800c2b4                DMA1_Stream7_IRQHandler
 .text.DMA1_Stream0_IRQHandler
                0x0800c2c0        0xc Utilities\STM32F4-Discovery\stm32f4_discovery_audio_codec.o
                0x0800c2c0                DMA1_Stream0_IRQHandler
 .text.SPI3_IRQHandler
                0x0800c2cc       0x44 Utilities\STM32F4-Discovery\stm32f4_discovery_audio_codec.o
                0x0800c2cc                SPI3_IRQHandler
 .text.TIM_DeInit
                0x0800c310      0x1c0 Libraries\STM32F4xx_StdPeriph_Driver\src\stm32f4xx_tim.o
                0x0800c310                TIM_DeInit
 .text.TIM_TimeBaseInit
                0x0800c4d0       0xd8 Libraries\STM32F4xx_StdPeriph_Driver\src\stm32f4xx_tim.o
                0x0800c4d0                TIM_TimeBaseInit
 .text.TIM_SetCounter
                0x0800c5a8       0x1c Libraries\STM32F4xx_StdPeriph_Driver\src\stm32f4xx_tim.o
                0x0800c5a8                TIM_SetCounter
 .text.TIM_GetCounter
                0x0800c5c4       0x18 Libraries\STM32F4xx_StdPeriph_Driver\src\stm32f4xx_tim.o
                0x0800c5c4                TIM_GetCounter
 .text.TIM_ARRPreloadConfig
                0x0800c5dc       0x40 Libraries\STM32F4xx_StdPeriph_Driver\src\stm32f4xx_tim.o
                0x0800c5dc                TIM_ARRPreloadConfig
 .text.TIM_Cmd  0x0800c61c       0x40 Libraries\STM32F4xx_StdPeriph_Driver\src\stm32f4xx_tim.o
                0x0800c61c                TIM_Cmd
 .text.TIM_OC1Init
                0x0800c65c       0xf4 Libraries\STM32F4xx_StdPeriph_Driver\src\stm32f4xx_tim.o
                0x0800c65c                TIM_OC1Init
 .text.TIM_OC2Init
                0x0800c750      0x110 Libraries\STM32F4xx_StdPeriph_Driver\src\stm32f4xx_tim.o
                0x0800c750                TIM_OC2Init
 .text.TIM_OC3Init
                0x0800c860      0x10c Libraries\STM32F4xx_StdPeriph_Driver\src\stm32f4xx_tim.o
                0x0800c860                TIM_OC3Init
 .text.TIM_OC4Init
                0x0800c96c       0xd0 Libraries\STM32F4xx_StdPeriph_Driver\src\stm32f4xx_tim.o
                0x0800c96c                TIM_OC4Init
 .text.TIM_SetCompare1
                0x0800ca3c       0x1c Libraries\STM32F4xx_StdPeriph_Driver\src\stm32f4xx_tim.o
                0x0800ca3c                TIM_SetCompare1
 .text.TIM_SetCompare2
                0x0800ca58       0x1c Libraries\STM32F4xx_StdPeriph_Driver\src\stm32f4xx_tim.o
                0x0800ca58                TIM_SetCompare2
 .text.TIM_SetCompare3
                0x0800ca74       0x1c Libraries\STM32F4xx_StdPeriph_Driver\src\stm32f4xx_tim.o
                0x0800ca74                TIM_SetCompare3
 .text.TIM_SetCompare4
                0x0800ca90       0x1c Libraries\STM32F4xx_StdPeriph_Driver\src\stm32f4xx_tim.o
                0x0800ca90                TIM_SetCompare4
 .text.TIM_OC1PreloadConfig
                0x0800caac       0x38 Libraries\STM32F4xx_StdPeriph_Driver\src\stm32f4xx_tim.o
                0x0800caac                TIM_OC1PreloadConfig
 .text.TIM_OC2PreloadConfig
                0x0800cae4       0x3c Libraries\STM32F4xx_StdPeriph_Driver\src\stm32f4xx_tim.o
                0x0800cae4                TIM_OC2PreloadConfig
 .text.TIM_OC3PreloadConfig
                0x0800cb20       0x38 Libraries\STM32F4xx_StdPeriph_Driver\src\stm32f4xx_tim.o
                0x0800cb20                TIM_OC3PreloadConfig
 .text.TIM_OC4PreloadConfig
                0x0800cb58       0x3c Libraries\STM32F4xx_StdPeriph_Driver\src\stm32f4xx_tim.o
                0x0800cb58                TIM_OC4PreloadConfig
 .text.TIM_CtrlPWMOutputs
                0x0800cb94       0x4c Libraries\STM32F4xx_StdPeriph_Driver\src\stm32f4xx_tim.o
                0x0800cb94                TIM_CtrlPWMOutputs
 .text.TIM_ITConfig
                0x0800cbe0       0x48 Libraries\STM32F4xx_StdPeriph_Driver\src\stm32f4xx_tim.o
                0x0800cbe0                TIM_ITConfig
 .text.TIM_GetITStatus
                0x0800cc28       0x54 Libraries\STM32F4xx_StdPeriph_Driver\src\stm32f4xx_tim.o
                0x0800cc28                TIM_GetITStatus
 .text.TIM_ClearITPendingBit
                0x0800cc7c       0x24 Libraries\STM32F4xx_StdPeriph_Driver\src\stm32f4xx_tim.o
                0x0800cc7c                TIM_ClearITPendingBit
 .text.TIM_EncoderInterfaceConfig
                0x0800cca0       0x98 Libraries\STM32F4xx_StdPeriph_Driver\src\stm32f4xx_tim.o
                0x0800cca0                TIM_EncoderInterfaceConfig
 .text.SPI_Init
                0x0800cd38       0x88 Libraries\STM32F4xx_StdPeriph_Driver\src\stm32f4xx_spi.o
                0x0800cd38                SPI_Init
 .text.SPI_Cmd  0x0800cdc0       0x40 Libraries\STM32F4xx_StdPeriph_Driver\src\stm32f4xx_spi.o
                0x0800cdc0                SPI_Cmd
 .text.SPI_I2S_ReceiveData
                0x0800ce00       0x1c Libraries\STM32F4xx_StdPeriph_Driver\src\stm32f4xx_spi.o
                0x0800ce00                SPI_I2S_ReceiveData
 .text.SPI_I2S_SendData
                0x0800ce1c       0x20 Libraries\STM32F4xx_StdPeriph_Driver\src\stm32f4xx_spi.o
                0x0800ce1c                SPI_I2S_SendData
 .text.SPI_I2S_GetFlagStatus
                0x0800ce3c       0x38 Libraries\STM32F4xx_StdPeriph_Driver\src\stm32f4xx_spi.o
                0x0800ce3c                SPI_I2S_GetFlagStatus
 .text.RCC_AHB1PeriphClockCmd
                0x0800ce74       0x40 Libraries\STM32F4xx_StdPeriph_Driver\src\stm32f4xx_rcc.o
                0x0800ce74                RCC_AHB1PeriphClockCmd
 .text.RCC_APB1PeriphClockCmd
                0x0800ceb4       0x40 Libraries\STM32F4xx_StdPeriph_Driver\src\stm32f4xx_rcc.o
                0x0800ceb4                RCC_APB1PeriphClockCmd
 .text.RCC_APB2PeriphClockCmd
                0x0800cef4       0x40 Libraries\STM32F4xx_StdPeriph_Driver\src\stm32f4xx_rcc.o
                0x0800cef4                RCC_APB2PeriphClockCmd
 .text.RCC_APB1PeriphResetCmd
                0x0800cf34       0x40 Libraries\STM32F4xx_StdPeriph_Driver\src\stm32f4xx_rcc.o
                0x0800cf34                RCC_APB1PeriphResetCmd
 .text.RCC_APB2PeriphResetCmd
                0x0800cf74       0x40 Libraries\STM32F4xx_StdPeriph_Driver\src\stm32f4xx_rcc.o
                0x0800cf74                RCC_APB2PeriphResetCmd
 .text.GPIO_Init
                0x0800cfb4      0x11c Libraries\STM32F4xx_StdPeriph_Driver\src\stm32f4xx_gpio.o
                0x0800cfb4                GPIO_Init
 .text.GPIO_ReadOutputDataBit
                0x0800d0d0       0x34 Libraries\STM32F4xx_StdPeriph_Driver\src\stm32f4xx_gpio.o
                0x0800d0d0                GPIO_ReadOutputDataBit
 .text.GPIO_SetBits
                0x0800d104       0x20 Libraries\STM32F4xx_StdPeriph_Driver\src\stm32f4xx_gpio.o
                0x0800d104                GPIO_SetBits
 .text.GPIO_ResetBits
                0x0800d124       0x20 Libraries\STM32F4xx_StdPeriph_Driver\src\stm32f4xx_gpio.o
                0x0800d124                GPIO_ResetBits
 .text.GPIO_PinAFConfig
                0x0800d144       0x94 Libraries\STM32F4xx_StdPeriph_Driver\src\stm32f4xx_gpio.o
                0x0800d144                GPIO_PinAFConfig
 .text.DMA_Init
                0x0800d1d8       0xb0 Libraries\STM32F4xx_StdPeriph_Driver\src\stm32f4xx_dma.o
                0x0800d1d8                DMA_Init
 .text.DMA_Cmd  0x0800d288       0x38 Libraries\STM32F4xx_StdPeriph_Driver\src\stm32f4xx_dma.o
                0x0800d288                DMA_Cmd
 .text.DMA_GetCmdStatus
                0x0800d2c0       0x30 Libraries\STM32F4xx_StdPeriph_Driver\src\stm32f4xx_dma.o
                0x0800d2c0                DMA_GetCmdStatus
 .text.DMA_GetFlagStatus
                0x0800d2f0       0x78 Libraries\STM32F4xx_StdPeriph_Driver\src\stm32f4xx_dma.o
                0x0800d2f0                DMA_GetFlagStatus
 .text.DMA_ClearFlag
                0x0800d368       0x5c Libraries\STM32F4xx_StdPeriph_Driver\src\stm32f4xx_dma.o
                0x0800d368                DMA_ClearFlag
 .text.DAC_SetChannel1Data
                0x0800d3c4       0x38 Libraries\STM32F4xx_StdPeriph_Driver\src\stm32f4xx_dac.o
                0x0800d3c4                DAC_SetChannel1Data
 .text.ADC_Init
                0x0800d3fc       0xac Libraries\STM32F4xx_StdPeriph_Driver\src\stm32f4xx_adc.o
                0x0800d3fc                ADC_Init
 .text.ADC_CommonInit
                0x0800d4a8       0x50 Libraries\STM32F4xx_StdPeriph_Driver\src\stm32f4xx_adc.o
                0x0800d4a8                ADC_CommonInit
 .text.ADC_Cmd  0x0800d4f8       0x38 Libraries\STM32F4xx_StdPeriph_Driver\src\stm32f4xx_adc.o
                0x0800d4f8                ADC_Cmd
 .text.ADC_RegularChannelConfig
                0x0800d530      0x194 Libraries\STM32F4xx_StdPeriph_Driver\src\stm32f4xx_adc.o
                0x0800d530                ADC_RegularChannelConfig
 .text.ADC_SoftwareStartConv
                0x0800d6c4       0x20 Libraries\STM32F4xx_StdPeriph_Driver\src\stm32f4xx_adc.o
                0x0800d6c4                ADC_SoftwareStartConv
 .text.ADC_DMACmd
                0x0800d6e4       0x38 Libraries\STM32F4xx_StdPeriph_Driver\src\stm32f4xx_adc.o
                0x0800d6e4                ADC_DMACmd
 .text.ADC_DMARequestAfterLastTransferCmd
                0x0800d71c       0x38 Libraries\STM32F4xx_StdPeriph_Driver\src\stm32f4xx_adc.o
                0x0800d71c                ADC_DMARequestAfterLastTransferCmd
 .text._Znwj    0x0800d754       0x3c c:/program files (x86)/atollic/truestudio for arm 5.5.1/armtools/bin/../lib/gcc/arm-atollic-eabi/5.3.1/../../../../arm-atollic-eabi/lib/armv7e-m/fpu\libstdc++.a(new_op.o)
                0x0800d754                operator new(unsigned int)
 .text._ZSt15get_new_handlerv
                0x0800d790       0x10 c:/program files (x86)/atollic/truestudio for arm 5.5.1/armtools/bin/../lib/gcc/arm-atollic-eabi/5.3.1/../../../../arm-atollic-eabi/lib/armv7e-m/fpu\libstdc++.a(new_handler.o)
                0x0800d790                std::get_new_handler()
 .text._ZNKSt9bad_alloc4whatEv
                0x0800d7a0        0x8 c:/program files (x86)/atollic/truestudio for arm 5.5.1/armtools/bin/../lib/gcc/arm-atollic-eabi/5.3.1/../../../../arm-atollic-eabi/lib/armv7e-m/fpu\libstdc++.a(bad_alloc.o)
                0x0800d7a0                std::bad_alloc::what() const
 .text._ZNSt9bad_allocD2Ev
                0x0800d7a8       0x14 c:/program files (x86)/atollic/truestudio for arm 5.5.1/armtools/bin/../lib/gcc/arm-atollic-eabi/5.3.1/../../../../arm-atollic-eabi/lib/armv7e-m/fpu\libstdc++.a(bad_alloc.o)
                0x0800d7a8                std::bad_alloc::~bad_alloc()
                0x0800d7a8                std::bad_alloc::~bad_alloc()
 .text._ZNSt9bad_allocD0Ev
                0x0800d7bc       0x1c c:/program files (x86)/atollic/truestudio for arm 5.5.1/armtools/bin/../lib/gcc/arm-atollic-eabi/5.3.1/../../../../arm-atollic-eabi/lib/armv7e-m/fpu\libstdc++.a(bad_alloc.o)
                0x0800d7bc                std::bad_alloc::~bad_alloc()
 .text._ZN12_GLOBAL__N_14pool4freeEPv.constprop.4
                0x0800d7d8       0x74 c:/program files (x86)/atollic/truestudio for arm 5.5.1/armtools/bin/../lib/gcc/arm-atollic-eabi/5.3.1/../../../../arm-atollic-eabi/lib/armv7e-m/fpu\libstdc++.a(eh_alloc.o)
 .text._ZN12_GLOBAL__N_14pool8allocateEj.constprop.5
                0x0800d84c       0x64 c:/program files (x86)/atollic/truestudio for arm 5.5.1/armtools/bin/../lib/gcc/arm-atollic-eabi/5.3.1/../../../../arm-atollic-eabi/lib/armv7e-m/fpu\libstdc++.a(eh_alloc.o)
 .text.__cxa_allocate_exception
                0x0800d8b0       0x30 c:/program files (x86)/atollic/truestudio for arm 5.5.1/armtools/bin/../lib/gcc/arm-atollic-eabi/5.3.1/../../../../arm-atollic-eabi/lib/armv7e-m/fpu\libstdc++.a(eh_alloc.o)
                0x0800d8b0                __cxa_allocate_exception
 .text.__cxa_free_exception
                0x0800d8e0       0x20 c:/program files (x86)/atollic/truestudio for arm 5.5.1/armtools/bin/../lib/gcc/arm-atollic-eabi/5.3.1/../../../../arm-atollic-eabi/lib/armv7e-m/fpu\libstdc++.a(eh_alloc.o)
                0x0800d8e0                __cxa_free_exception
 .text.startup._GLOBAL__sub_I___cxa_allocate_exception
                0x0800d900       0x28 c:/program files (x86)/atollic/truestudio for arm 5.5.1/armtools/bin/../lib/gcc/arm-atollic-eabi/5.3.1/../../../../arm-atollic-eabi/lib/armv7e-m/fpu\libstdc++.a(eh_alloc.o)
 .text._ZL23__gxx_exception_cleanup19_Unwind_Reason_CodeP21_Unwind_Control_Block
                0x0800d928       0x44 c:/program files (x86)/atollic/truestudio for arm 5.5.1/armtools/bin/../lib/gcc/arm-atollic-eabi/5.3.1/../../../../arm-atollic-eabi/lib/armv7e-m/fpu\libstdc++.a(eh_throw.o)
 .text.__cxa_throw
                0x0800d96c       0x7c c:/program files (x86)/atollic/truestudio for arm 5.5.1/armtools/bin/../lib/gcc/arm-atollic-eabi/5.3.1/../../../../arm-atollic-eabi/lib/armv7e-m/fpu\libstdc++.a(eh_throw.o)
                0x0800d96c                __cxa_throw
 .text.__cxa_rethrow
                0x0800d9e8       0x70 c:/program files (x86)/atollic/truestudio for arm 5.5.1/armtools/bin/../lib/gcc/arm-atollic-eabi/5.3.1/../../../../arm-atollic-eabi/lib/armv7e-m/fpu\libstdc++.a(eh_throw.o)
                0x0800d9e8                __cxa_rethrow
 .text._ZNSt9exceptionD2Ev
                0x0800da58        0x4 c:/program files (x86)/atollic/truestudio for arm 5.5.1/armtools/bin/../lib/gcc/arm-atollic-eabi/5.3.1/../../../../arm-atollic-eabi/lib/armv7e-m/fpu\libstdc++.a(eh_exception.o)
                0x0800da58                std::exception::~exception()
                0x0800da58                std::exception::~exception()
 .text._ZNSt13bad_exceptionD2Ev
                0x0800da5c        0x4 c:/program files (x86)/atollic/truestudio for arm 5.5.1/armtools/bin/../lib/gcc/arm-atollic-eabi/5.3.1/../../../../arm-atollic-eabi/lib/armv7e-m/fpu\libstdc++.a(eh_exception.o)
                0x0800da5c                std::bad_exception::~bad_exception()
                0x0800da5c                std::bad_exception::~bad_exception()
 .text._ZNKSt13bad_exception4whatEv
                0x0800da60        0x8 c:/program files (x86)/atollic/truestudio for arm 5.5.1/armtools/bin/../lib/gcc/arm-atollic-eabi/5.3.1/../../../../arm-atollic-eabi/lib/armv7e-m/fpu\libstdc++.a(eh_exception.o)
                0x0800da60                std::bad_exception::what() const
 .text._ZNSt13bad_exceptionD0Ev
                0x0800da68        0xc c:/program files (x86)/atollic/truestudio for arm 5.5.1/armtools/bin/../lib/gcc/arm-atollic-eabi/5.3.1/../../../../arm-atollic-eabi/lib/armv7e-m/fpu\libstdc++.a(eh_exception.o)
                0x0800da68                std::bad_exception::~bad_exception()
 .text.__cxa_get_globals_fast
                0x0800da74        0x8 c:/program files (x86)/atollic/truestudio for arm 5.5.1/armtools/bin/../lib/gcc/arm-atollic-eabi/5.3.1/../../../../arm-atollic-eabi/lib/armv7e-m/fpu\libstdc++.a(eh_globals.o)
                0x0800da74                __cxa_get_globals_fast
 .text.__cxa_get_globals
                0x0800da7c        0x8 c:/program files (x86)/atollic/truestudio for arm 5.5.1/armtools/bin/../lib/gcc/arm-atollic-eabi/5.3.1/../../../../arm-atollic-eabi/lib/armv7e-m/fpu\libstdc++.a(eh_globals.o)
                0x0800da7c                __cxa_get_globals
 .text.__cxa_begin_catch
                0x0800da84       0x8c c:/program files (x86)/atollic/truestudio for arm 5.5.1/armtools/bin/../lib/gcc/arm-atollic-eabi/5.3.1/../../../../arm-atollic-eabi/lib/armv7e-m/fpu\libstdc++.a(eh_catch.o)
                0x0800da84                __cxa_begin_catch
 .text.__cxa_end_catch
                0x0800db10       0x8c c:/program files (x86)/atollic/truestudio for arm 5.5.1/armtools/bin/../lib/gcc/arm-atollic-eabi/5.3.1/../../../../arm-atollic-eabi/lib/armv7e-m/fpu\libstdc++.a(eh_catch.o)
                0x0800db10                __cxa_end_catch
 .text._ZN10__cxxabiv111__terminateEPFvvE
                0x0800db9c       0x28 c:/program files (x86)/atollic/truestudio for arm 5.5.1/armtools/bin/../lib/gcc/arm-atollic-eabi/5.3.1/../../../../arm-atollic-eabi/lib/armv7e-m/fpu\libstdc++.a(eh_terminate.o)
                0x0800db9c                __cxxabiv1::__terminate(void (*)())
 .text._ZSt9terminatev
                0x0800dbc4       0x14 c:/program files (x86)/atollic/truestudio for arm 5.5.1/armtools/bin/../lib/gcc/arm-atollic-eabi/5.3.1/../../../../arm-atollic-eabi/lib/armv7e-m/fpu\libstdc++.a(eh_terminate.o)
                0x0800dbc4                std::terminate()
 .text._ZN10__cxxabiv112__unexpectedEPFvvE
                0x0800dbd8        0x8 c:/program files (x86)/atollic/truestudio for arm 5.5.1/armtools/bin/../lib/gcc/arm-atollic-eabi/5.3.1/../../../../arm-atollic-eabi/lib/armv7e-m/fpu\libstdc++.a(eh_terminate.o)
                0x0800dbd8                __cxxabiv1::__unexpected(void (*)())
 .text._ZSt10unexpectedv
                0x0800dbe0       0x14 c:/program files (x86)/atollic/truestudio for arm 5.5.1/armtools/bin/../lib/gcc/arm-atollic-eabi/5.3.1/../../../../arm-atollic-eabi/lib/armv7e-m/fpu\libstdc++.a(eh_terminate.o)
                0x0800dbe0                std::unexpected()
 .text._ZSt13get_terminatev
                0x0800dbf4       0x10 c:/program files (x86)/atollic/truestudio for arm 5.5.1/armtools/bin/../lib/gcc/arm-atollic-eabi/5.3.1/../../../../arm-atollic-eabi/lib/armv7e-m/fpu\libstdc++.a(eh_terminate.o)
                0x0800dbf4                std::get_terminate()
 .text._ZSt14get_unexpectedv
                0x0800dc04       0x10 c:/program files (x86)/atollic/truestudio for arm 5.5.1/armtools/bin/../lib/gcc/arm-atollic-eabi/5.3.1/../../../../arm-atollic-eabi/lib/armv7e-m/fpu\libstdc++.a(eh_terminate.o)
                0x0800dc04                std::get_unexpected()
 .text._ZN10__cxxabiv120__si_class_type_infoD2Ev
                0x0800dc14       0x14 c:/program files (x86)/atollic/truestudio for arm 5.5.1/armtools/bin/../lib/gcc/arm-atollic-eabi/5.3.1/../../../../arm-atollic-eabi/lib/armv7e-m/fpu\libstdc++.a(si_class_type_info.o)
                0x0800dc14                __cxxabiv1::__si_class_type_info::~__si_class_type_info()
                0x0800dc14                __cxxabiv1::__si_class_type_info::~__si_class_type_info()
 .text._ZN10__cxxabiv120__si_class_type_infoD0Ev
                0x0800dc28       0x1c c:/program files (x86)/atollic/truestudio for arm 5.5.1/armtools/bin/../lib/gcc/arm-atollic-eabi/5.3.1/../../../../arm-atollic-eabi/lib/armv7e-m/fpu\libstdc++.a(si_class_type_info.o)
                0x0800dc28                __cxxabiv1::__si_class_type_info::~__si_class_type_info()
 .text._ZNK10__cxxabiv120__si_class_type_info12__do_dyncastEiNS_17__class_type_info10__sub_kindEPKS1_PKvS4_S6_RNS1_16__dyncast_resultE
                0x0800dc44       0x90 c:/program files (x86)/atollic/truestudio for arm 5.5.1/armtools/bin/../lib/gcc/arm-atollic-eabi/5.3.1/../../../../arm-atollic-eabi/lib/armv7e-m/fpu\libstdc++.a(si_class_type_info.o)
                0x0800dc44                __cxxabiv1::__si_class_type_info::__do_dyncast(int, __cxxabiv1::__class_type_info::__sub_kind, __cxxabiv1::__class_type_info const*, void const*, __cxxabiv1::__class_type_info const*, void const*, __cxxabiv1::__class_type_info::__dyncast_result&) const
 .text._ZNK10__cxxabiv120__si_class_type_info20__do_find_public_srcEiPKvPKNS_17__class_type_infoES2_
                0x0800dcd4       0x3c c:/program files (x86)/atollic/truestudio for arm 5.5.1/armtools/bin/../lib/gcc/arm-atollic-eabi/5.3.1/../../../../arm-atollic-eabi/lib/armv7e-m/fpu\libstdc++.a(si_class_type_info.o)
                0x0800dcd4                __cxxabiv1::__si_class_type_info::__do_find_public_src(int, void const*, __cxxabiv1::__class_type_info const*, void const*) const
 .text._ZNK10__cxxabiv120__si_class_type_info11__do_upcastEPKNS_17__class_type_infoEPKvRNS1_15__upcast_resultE
                0x0800dd10       0x2c c:/program files (x86)/atollic/truestudio for arm 5.5.1/armtools/bin/../lib/gcc/arm-atollic-eabi/5.3.1/../../../../arm-atollic-eabi/lib/armv7e-m/fpu\libstdc++.a(si_class_type_info.o)
                0x0800dd10                __cxxabiv1::__si_class_type_info::__do_upcast(__cxxabiv1::__class_type_info const*, void const*, __cxxabiv1::__class_type_info::__upcast_result&) const
 .text._ZdlPv   0x0800dd3c        0x4 c:/program files (x86)/atollic/truestudio for arm 5.5.1/armtools/bin/../lib/gcc/arm-atollic-eabi/5.3.1/../../../../arm-atollic-eabi/lib/armv7e-m/fpu\libstdc++.a(del_op.o)
                0x0800dd3c                operator delete(void*)
 .text.__cxa_end_cleanup
                0x0800dd40        0xc c:/program files (x86)/atollic/truestudio for arm 5.5.1/armtools/bin/../lib/gcc/arm-atollic-eabi/5.3.1/../../../../arm-atollic-eabi/lib/armv7e-m/fpu\libstdc++.a(eh_arm.o)
                0x0800dd40                __cxa_end_cleanup
 .text.__cxa_type_match
                0x0800dd4c       0xb0 c:/program files (x86)/atollic/truestudio for arm 5.5.1/armtools/bin/../lib/gcc/arm-atollic-eabi/5.3.1/../../../../arm-atollic-eabi/lib/armv7e-m/fpu\libstdc++.a(eh_arm.o)
                0x0800dd4c                __cxa_type_match
 .text.__cxa_begin_cleanup
                0x0800ddfc       0x64 c:/program files (x86)/atollic/truestudio for arm 5.5.1/armtools/bin/../lib/gcc/arm-atollic-eabi/5.3.1/../../../../arm-atollic-eabi/lib/armv7e-m/fpu\libstdc++.a(eh_arm.o)
                0x0800ddfc                __cxa_begin_cleanup
 .text.__gnu_end_cleanup
                0x0800de60       0x70 c:/program files (x86)/atollic/truestudio for arm 5.5.1/armtools/bin/../lib/gcc/arm-atollic-eabi/5.3.1/../../../../arm-atollic-eabi/lib/armv7e-m/fpu\libstdc++.a(eh_arm.o)
                0x0800de60                __gnu_end_cleanup
 .text._ZN10__cxxabiv1L24__is_gxx_exception_classEPc
                0x0800ded0       0x3c c:/program files (x86)/atollic/truestudio for arm 5.5.1/armtools/bin/../lib/gcc/arm-atollic-eabi/5.3.1/../../../../arm-atollic-eabi/lib/armv7e-m/fpu\libstdc++.a(eh_call.o)
 .text.__cxa_call_terminate
                0x0800df0c       0x20 c:/program files (x86)/atollic/truestudio for arm 5.5.1/armtools/bin/../lib/gcc/arm-atollic-eabi/5.3.1/../../../../arm-atollic-eabi/lib/armv7e-m/fpu\libstdc++.a(eh_call.o)
                0x0800df0c                __cxa_call_terminate
 .text.__cxa_call_unexpected
                0x0800df2c       0xe8 c:/program files (x86)/atollic/truestudio for arm 5.5.1/armtools/bin/../lib/gcc/arm-atollic-eabi/5.3.1/../../../../arm-atollic-eabi/lib/armv7e-m/fpu\libstdc++.a(eh_call.o)
                0x0800df2c                __cxa_call_unexpected
 .text._ZN9__gnu_cxx27__verbose_terminate_handlerEv
                0x0800e014      0x114 c:/program files (x86)/atollic/truestudio for arm 5.5.1/armtools/bin/../lib/gcc/arm-atollic-eabi/5.3.1/../../../../arm-atollic-eabi/lib/armv7e-m/fpu\libstdc++.a(vterminate.o)
                0x0800e014                __gnu_cxx::__verbose_terminate_handler()
 .text._ZL28read_encoded_value_with_basehjPKhPj
                0x0800e128       0xc0 c:/program files (x86)/atollic/truestudio for arm 5.5.1/armtools/bin/../lib/gcc/arm-atollic-eabi/5.3.1/../../../../arm-atollic-eabi/lib/armv7e-m/fpu\libstdc++.a(eh_personality.o)
 .text._ZL21base_of_encoded_valuehP15_Unwind_Context
                0x0800e1e8       0x4c c:/program files (x86)/atollic/truestudio for arm 5.5.1/armtools/bin/../lib/gcc/arm-atollic-eabi/5.3.1/../../../../arm-atollic-eabi/lib/armv7e-m/fpu\libstdc++.a(eh_personality.o)
 .text._ZL17parse_lsda_headerP15_Unwind_ContextPKhP16lsda_header_info
                0x0800e234       0x98 c:/program files (x86)/atollic/truestudio for arm 5.5.1/armtools/bin/../lib/gcc/arm-atollic-eabi/5.3.1/../../../../arm-atollic-eabi/lib/armv7e-m/fpu\libstdc++.a(eh_personality.o)
 .text.__gxx_personality_v0
                0x0800e2cc      0x4b4 c:/program files (x86)/atollic/truestudio for arm 5.5.1/armtools/bin/../lib/gcc/arm-atollic-eabi/5.3.1/../../../../arm-atollic-eabi/lib/armv7e-m/fpu\libstdc++.a(eh_personality.o)
                0x0800e2cc                __gxx_personality_v0
 .text._ZNK10__cxxabiv117__class_type_info11__do_upcastEPKS0_PPv
                0x0800e780       0x38 c:/program files (x86)/atollic/truestudio for arm 5.5.1/armtools/bin/../lib/gcc/arm-atollic-eabi/5.3.1/../../../../arm-atollic-eabi/lib/armv7e-m/fpu\libstdc++.a(class_type_info.o)
                0x0800e780                __cxxabiv1::__class_type_info::__do_upcast(__cxxabiv1::__class_type_info const*, void**) const
 .text._ZNK10__cxxabiv117__class_type_info20__do_find_public_srcEiPKvPKS0_S2_
                0x0800e7b8        0xc c:/program files (x86)/atollic/truestudio for arm 5.5.1/armtools/bin/../lib/gcc/arm-atollic-eabi/5.3.1/../../../../arm-atollic-eabi/lib/armv7e-m/fpu\libstdc++.a(class_type_info.o)
                0x0800e7b8                __cxxabiv1::__class_type_info::__do_find_public_src(int, void const*, __cxxabiv1::__class_type_info const*, void const*) const
 .text._ZN10__cxxabiv117__class_type_infoD2Ev
                0x0800e7c4       0x14 c:/program files (x86)/atollic/truestudio for arm 5.5.1/armtools/bin/../lib/gcc/arm-atollic-eabi/5.3.1/../../../../arm-atollic-eabi/lib/armv7e-m/fpu\libstdc++.a(class_type_info.o)
                0x0800e7c4                __cxxabiv1::__class_type_info::~__class_type_info()
                0x0800e7c4                __cxxabiv1::__class_type_info::~__class_type_info()
 .text._ZN10__cxxabiv117__class_type_infoD0Ev
                0x0800e7d8       0x1c c:/program files (x86)/atollic/truestudio for arm 5.5.1/armtools/bin/../lib/gcc/arm-atollic-eabi/5.3.1/../../../../arm-atollic-eabi/lib/armv7e-m/fpu\libstdc++.a(class_type_info.o)
                0x0800e7d8                __cxxabiv1::__class_type_info::~__class_type_info()
 .text._ZNK10__cxxabiv117__class_type_info11__do_upcastEPKS0_PKvRNS0_15__upcast_resultE
                0x0800e7f4       0x18 c:/program files (x86)/atollic/truestudio for arm 5.5.1/armtools/bin/../lib/gcc/arm-atollic-eabi/5.3.1/../../../../arm-atollic-eabi/lib/armv7e-m/fpu\libstdc++.a(class_type_info.o)
                0x0800e7f4                __cxxabiv1::__class_type_info::__do_upcast(__cxxabiv1::__class_type_info const*, void const*, __cxxabiv1::__class_type_info::__upcast_result&) const
 .text._ZNK10__cxxabiv117__class_type_info12__do_dyncastEiNS0_10__sub_kindEPKS0_PKvS3_S5_RNS0_16__dyncast_resultE
                0x0800e80c       0x40 c:/program files (x86)/atollic/truestudio for arm 5.5.1/armtools/bin/../lib/gcc/arm-atollic-eabi/5.3.1/../../../../arm-atollic-eabi/lib/armv7e-m/fpu\libstdc++.a(class_type_info.o)
                0x0800e80c                __cxxabiv1::__class_type_info::__do_dyncast(int, __cxxabiv1::__class_type_info::__sub_kind, __cxxabiv1::__class_type_info const*, void const*, __cxxabiv1::__class_type_info const*, void const*, __cxxabiv1::__class_type_info::__dyncast_result&) const
 .text._ZNK10__cxxabiv117__class_type_info10__do_catchEPKSt9type_infoPPvj
                0x0800e84c       0x2c c:/program files (x86)/atollic/truestudio for arm 5.5.1/armtools/bin/../lib/gcc/arm-atollic-eabi/5.3.1/../../../../arm-atollic-eabi/lib/armv7e-m/fpu\libstdc++.a(class_type_info.o)
                0x0800e84c                __cxxabiv1::__class_type_info::__do_catch(std::type_info const*, void**, unsigned int) const
 .text._ZNSt9type_infoD2Ev
                0x0800e878        0x4 c:/program files (x86)/atollic/truestudio for arm 5.5.1/armtools/bin/../lib/gcc/arm-atollic-eabi/5.3.1/../../../../arm-atollic-eabi/lib/armv7e-m/fpu\libstdc++.a(tinfo.o)
                0x0800e878                std::type_info::~type_info()
                0x0800e878                std::type_info::~type_info()
 .text._ZNKSt9type_info15__is_function_pEv
                0x0800e87c        0x4 c:/program files (x86)/atollic/truestudio for arm 5.5.1/armtools/bin/../lib/gcc/arm-atollic-eabi/5.3.1/../../../../arm-atollic-eabi/lib/armv7e-m/fpu\libstdc++.a(tinfo.o)
                0x0800e87c                std::type_info::__is_pointer_p() const
                0x0800e87c                std::type_info::__is_function_p() const
 .text._ZNKSt9type_infoeqERKS_
                0x0800e880       0x2c c:/program files (x86)/atollic/truestudio for arm 5.5.1/armtools/bin/../lib/gcc/arm-atollic-eabi/5.3.1/../../../../arm-atollic-eabi/lib/armv7e-m/fpu\libstdc++.a(tinfo.o)
                0x0800e880                std::type_info::operator==(std::type_info const&) const
 .text.__cxa_current_exception_type
                0x0800e8ac       0x1c c:/program files (x86)/atollic/truestudio for arm 5.5.1/armtools/bin/../lib/gcc/arm-atollic-eabi/5.3.1/../../../../arm-atollic-eabi/lib/armv7e-m/fpu\libstdc++.a(eh_type.o)
                0x0800e8ac                __cxa_current_exception_type
 .text.abort    0x0800e8c8        0xe c:/program files (x86)/atollic/truestudio for arm 5.5.1/armtools/bin/../lib/gcc/arm-atollic-eabi/5.3.1/../../../../arm-atollic-eabi/lib/armv7e-m/fpu\libc.a(lib_a-abort.o)
                0x0800e8c8                abort
 *fill*         0x0800e8d6        0x2 
 .text._fputc_r
                0x0800e8d8       0x48 c:/program files (x86)/atollic/truestudio for arm 5.5.1/armtools/bin/../lib/gcc/arm-atollic-eabi/5.3.1/../../../../arm-atollic-eabi/lib/armv7e-m/fpu\libc.a(lib_a-fputc.o)
                0x0800e8d8                _fputc_r
 .text.fputc    0x0800e920       0x10 c:/program files (x86)/atollic/truestudio for arm 5.5.1/armtools/bin/../lib/gcc/arm-atollic-eabi/5.3.1/../../../../arm-atollic-eabi/lib/armv7e-m/fpu\libc.a(lib_a-fputc.o)
                0x0800e920                fputc
 .text._fputs_r
                0x0800e930       0x74 c:/program files (x86)/atollic/truestudio for arm 5.5.1/armtools/bin/../lib/gcc/arm-atollic-eabi/5.3.1/../../../../arm-atollic-eabi/lib/armv7e-m/fpu\libc.a(lib_a-fputs.o)
                0x0800e930                _fputs_r
 .text.fputs    0x0800e9a4       0x10 c:/program files (x86)/atollic/truestudio for arm 5.5.1/armtools/bin/../lib/gcc/arm-atollic-eabi/5.3.1/../../../../arm-atollic-eabi/lib/armv7e-m/fpu\libc.a(lib_a-fputs.o)
                0x0800e9a4                fputs
 .text.__sfvwrite_r
                0x0800e9b4      0x294 c:/program files (x86)/atollic/truestudio for arm 5.5.1/armtools/bin/../lib/gcc/arm-atollic-eabi/5.3.1/../../../../arm-atollic-eabi/lib/armv7e-m/fpu\libc.a(lib_a-fvwrite.o)
                0x0800e9b4                __sfvwrite_r
 .text._fwrite_r
                0x0800ec48       0x88 c:/program files (x86)/atollic/truestudio for arm 5.5.1/armtools/bin/../lib/gcc/arm-atollic-eabi/5.3.1/../../../../arm-atollic-eabi/lib/armv7e-m/fpu\libc.a(lib_a-fwrite.o)
                0x0800ec48                _fwrite_r
 .text.fwrite   0x0800ecd0       0x1c c:/program files (x86)/atollic/truestudio for arm 5.5.1/armtools/bin/../lib/gcc/arm-atollic-eabi/5.3.1/../../../../arm-atollic-eabi/lib/armv7e-m/fpu\libc.a(lib_a-fwrite.o)
                0x0800ecd0                fwrite
 .text.__libc_init_array
                0x0800ecec       0x4c c:/program files (x86)/atollic/truestudio for arm 5.5.1/armtools/bin/../lib/gcc/arm-atollic-eabi/5.3.1/../../../../arm-atollic-eabi/lib/armv7e-m/fpu\libc.a(lib_a-init.o)
                0x0800ecec                __libc_init_array
 .text.malloc   0x0800ed38       0x10 c:/program files (x86)/atollic/truestudio for arm 5.5.1/armtools/bin/../lib/gcc/arm-atollic-eabi/5.3.1/../../../../arm-atollic-eabi/lib/armv7e-m/fpu\libc.a(lib_a-malloc.o)
                0x0800ed38                malloc
 .text.free     0x0800ed48       0x10 c:/program files (x86)/atollic/truestudio for arm 5.5.1/armtools/bin/../lib/gcc/arm-atollic-eabi/5.3.1/../../../../arm-atollic-eabi/lib/armv7e-m/fpu\libc.a(lib_a-malloc.o)
                0x0800ed48                free
 .text._malloc_r
                0x0800ed58      0x440 c:/program files (x86)/atollic/truestudio for arm 5.5.1/armtools/bin/../lib/gcc/arm-atollic-eabi/5.3.1/../../../../arm-atollic-eabi/lib/armv7e-m/fpu\libc.a(lib_a-mallocr.o)
                0x0800ed58                _malloc_r
 .text.memcmp   0x0800f198       0x1e c:/program files (x86)/atollic/truestudio for arm 5.5.1/armtools/bin/../lib/gcc/arm-atollic-eabi/5.3.1/../../../../arm-atollic-eabi/lib/armv7e-m/fpu\libc.a(lib_a-memcmp.o)
                0x0800f198                memcmp
 .text.memcpy   0x0800f1b6       0x16 c:/program files (x86)/atollic/truestudio for arm 5.5.1/armtools/bin/../lib/gcc/arm-atollic-eabi/5.3.1/../../../../arm-atollic-eabi/lib/armv7e-m/fpu\libc.a(lib_a-memcpy-stub.o)
                0x0800f1b6                memcpy
 .text.memmove  0x0800f1cc       0x36 c:/program files (x86)/atollic/truestudio for arm 5.5.1/armtools/bin/../lib/gcc/arm-atollic-eabi/5.3.1/../../../../arm-atollic-eabi/lib/armv7e-m/fpu\libc.a(lib_a-memmove.o)
                0x0800f1cc                memmove
 .text.memset   0x0800f202       0x10 c:/program files (x86)/atollic/truestudio for arm 5.5.1/armtools/bin/../lib/gcc/arm-atollic-eabi/5.3.1/../../../../arm-atollic-eabi/lib/armv7e-m/fpu\libc.a(lib_a-memset.o)
                0x0800f202                memset
 .text.__malloc_lock
                0x0800f212        0x2 c:/program files (x86)/atollic/truestudio for arm 5.5.1/armtools/bin/../lib/gcc/arm-atollic-eabi/5.3.1/../../../../arm-atollic-eabi/lib/armv7e-m/fpu\libc.a(lib_a-mlock.o)
                0x0800f212                __malloc_lock
 .text.__malloc_unlock
                0x0800f214        0x2 c:/program files (x86)/atollic/truestudio for arm 5.5.1/armtools/bin/../lib/gcc/arm-atollic-eabi/5.3.1/../../../../arm-atollic-eabi/lib/armv7e-m/fpu\libc.a(lib_a-mlock.o)
                0x0800f214                __malloc_unlock
 *fill*         0x0800f216        0x2 
 .text._putc_r  0x0800f218       0x6c c:/program files (x86)/atollic/truestudio for arm 5.5.1/armtools/bin/../lib/gcc/arm-atollic-eabi/5.3.1/../../../../arm-atollic-eabi/lib/armv7e-m/fpu\libc.a(lib_a-putc.o)
                0x0800f218                _putc_r
 .text.realloc  0x0800f284       0x10 c:/program files (x86)/atollic/truestudio for arm 5.5.1/armtools/bin/../lib/gcc/arm-atollic-eabi/5.3.1/../../../../arm-atollic-eabi/lib/armv7e-m/fpu\libc.a(lib_a-realloc.o)
                0x0800f284                realloc
 .text._realloc_r
                0x0800f294      0x350 c:/program files (x86)/atollic/truestudio for arm 5.5.1/armtools/bin/../lib/gcc/arm-atollic-eabi/5.3.1/../../../../arm-atollic-eabi/lib/armv7e-m/fpu\libc.a(lib_a-reallocr.o)
                0x0800f294                _realloc_r
 .text._sbrk_r  0x0800f5e4       0x20 c:/program files (x86)/atollic/truestudio for arm 5.5.1/armtools/bin/../lib/gcc/arm-atollic-eabi/5.3.1/../../../../arm-atollic-eabi/lib/armv7e-m/fpu\libc.a(lib_a-sbrkr.o)
                0x0800f5e4                _sbrk_r
 .text._raise_r
                0x0800f604       0x54 c:/program files (x86)/atollic/truestudio for arm 5.5.1/armtools/bin/../lib/gcc/arm-atollic-eabi/5.3.1/../../../../arm-atollic-eabi/lib/armv7e-m/fpu\libc.a(lib_a-signal.o)
                0x0800f604                _raise_r
 .text.raise    0x0800f658       0x10 c:/program files (x86)/atollic/truestudio for arm 5.5.1/armtools/bin/../lib/gcc/arm-atollic-eabi/5.3.1/../../../../arm-atollic-eabi/lib/armv7e-m/fpu\libc.a(lib_a-signal.o)
                0x0800f658                raise
 .text._kill_r  0x0800f668       0x24 c:/program files (x86)/atollic/truestudio for arm 5.5.1/armtools/bin/../lib/gcc/arm-atollic-eabi/5.3.1/../../../../arm-atollic-eabi/lib/armv7e-m/fpu\libc.a(lib_a-signalr.o)
                0x0800f668                _kill_r
 .text._getpid_r
                0x0800f68c        0x4 c:/program files (x86)/atollic/truestudio for arm 5.5.1/armtools/bin/../lib/gcc/arm-atollic-eabi/5.3.1/../../../../arm-atollic-eabi/lib/armv7e-m/fpu\libc.a(lib_a-signalr.o)
                0x0800f68c                _getpid_r
 .text.sprintf  0x0800f690       0x48 c:/program files (x86)/atollic/truestudio for arm 5.5.1/armtools/bin/../lib/gcc/arm-atollic-eabi/5.3.1/../../../../arm-atollic-eabi/lib/armv7e-m/fpu\libc.a(lib_a-sprintf.o)
                0x0800f690                sprintf
 .text.strncmp  0x0800f6d8       0x2a c:/program files (x86)/atollic/truestudio for arm 5.5.1/armtools/bin/../lib/gcc/arm-atollic-eabi/5.3.1/../../../../arm-atollic-eabi/lib/armv7e-m/fpu\libc.a(lib_a-strncmp.o)
                0x0800f6d8                strncmp
 *fill*         0x0800f702        0x6 
 .text._svfprintf_r
                0x0800f708      0xf84 c:/program files (x86)/atollic/truestudio for arm 5.5.1/armtools/bin/../lib/gcc/arm-atollic-eabi/5.3.1/../../../../arm-atollic-eabi/lib/armv7e-m/fpu\libc.a(lib_a-svfprintf.o)
                0x0800f708                _svfprintf_r
 .text.__swbuf_r
                0x0801068c       0xbc c:/program files (x86)/atollic/truestudio for arm 5.5.1/armtools/bin/../lib/gcc/arm-atollic-eabi/5.3.1/../../../../arm-atollic-eabi/lib/armv7e-m/fpu\libc.a(lib_a-wbuf.o)
                0x0801068c                __swbuf_r
 .text._write_r
                0x08010748       0x24 c:/program files (x86)/atollic/truestudio for arm 5.5.1/armtools/bin/../lib/gcc/arm-atollic-eabi/5.3.1/../../../../arm-atollic-eabi/lib/armv7e-m/fpu\libc.a(lib_a-writer.o)
                0x08010748                _write_r
 .text.__swsetup_r
                0x0801076c       0xdc c:/program files (x86)/atollic/truestudio for arm 5.5.1/armtools/bin/../lib/gcc/arm-atollic-eabi/5.3.1/../../../../arm-atollic-eabi/lib/armv7e-m/fpu\libc.a(lib_a-wsetup.o)
                0x0801076c                __swsetup_r
 .text.quorem   0x08010848      0x11e c:/program files (x86)/atollic/truestudio for arm 5.5.1/armtools/bin/../lib/gcc/arm-atollic-eabi/5.3.1/../../../../arm-atollic-eabi/lib/armv7e-m/fpu\libc.a(lib_a-dtoa.o)
 *fill*         0x08010966        0x2 
 .text._dtoa_r  0x08010968      0xb40 c:/program files (x86)/atollic/truestudio for arm 5.5.1/armtools/bin/../lib/gcc/arm-atollic-eabi/5.3.1/../../../../arm-atollic-eabi/lib/armv7e-m/fpu\libc.a(lib_a-dtoa.o)
                0x08010968                _dtoa_r
 .text.__sflush_r
                0x080114a8      0x120 c:/program files (x86)/atollic/truestudio for arm 5.5.1/armtools/bin/../lib/gcc/arm-atollic-eabi/5.3.1/../../../../arm-atollic-eabi/lib/armv7e-m/fpu\libc.a(lib_a-fflush.o)
                0x080114a8                __sflush_r
 .text._fflush_r
                0x080115c8       0x54 c:/program files (x86)/atollic/truestudio for arm 5.5.1/armtools/bin/../lib/gcc/arm-atollic-eabi/5.3.1/../../../../arm-atollic-eabi/lib/armv7e-m/fpu\libc.a(lib_a-fflush.o)
                0x080115c8                _fflush_r
 .text._cleanup_r
                0x0801161c        0xc c:/program files (x86)/atollic/truestudio for arm 5.5.1/armtools/bin/../lib/gcc/arm-atollic-eabi/5.3.1/../../../../arm-atollic-eabi/lib/armv7e-m/fpu\libc.a(lib_a-findfp.o)
                0x0801161c                _cleanup_r
 .text.std.isra.0
                0x08011628       0x48 c:/program files (x86)/atollic/truestudio for arm 5.5.1/armtools/bin/../lib/gcc/arm-atollic-eabi/5.3.1/../../../../arm-atollic-eabi/lib/armv7e-m/fpu\libc.a(lib_a-findfp.o)
 .text.__sfmoreglue
                0x08011670       0x2c c:/program files (x86)/atollic/truestudio for arm 5.5.1/armtools/bin/../lib/gcc/arm-atollic-eabi/5.3.1/../../../../arm-atollic-eabi/lib/armv7e-m/fpu\libc.a(lib_a-findfp.o)
                0x08011670                __sfmoreglue
 .text.__sinit  0x0801169c       0x68 c:/program files (x86)/atollic/truestudio for arm 5.5.1/armtools/bin/../lib/gcc/arm-atollic-eabi/5.3.1/../../../../arm-atollic-eabi/lib/armv7e-m/fpu\libc.a(lib_a-findfp.o)
                0x0801169c                __sinit
 .text.__sfp    0x08011704       0x78 c:/program files (x86)/atollic/truestudio for arm 5.5.1/armtools/bin/../lib/gcc/arm-atollic-eabi/5.3.1/../../../../arm-atollic-eabi/lib/armv7e-m/fpu\libc.a(lib_a-findfp.o)
                0x08011704                __sfp
 .text.__sfp_lock_acquire
                0x0801177c        0x2 c:/program files (x86)/atollic/truestudio for arm 5.5.1/armtools/bin/../lib/gcc/arm-atollic-eabi/5.3.1/../../../../arm-atollic-eabi/lib/armv7e-m/fpu\libc.a(lib_a-findfp.o)
                0x0801177c                __sfp_lock_acquire
 .text.__sfp_lock_release
                0x0801177e        0x2 c:/program files (x86)/atollic/truestudio for arm 5.5.1/armtools/bin/../lib/gcc/arm-atollic-eabi/5.3.1/../../../../arm-atollic-eabi/lib/armv7e-m/fpu\libc.a(lib_a-findfp.o)
                0x0801177e                __sfp_lock_release
 .text._malloc_trim_r
                0x08011780       0xac c:/program files (x86)/atollic/truestudio for arm 5.5.1/armtools/bin/../lib/gcc/arm-atollic-eabi/5.3.1/../../../../arm-atollic-eabi/lib/armv7e-m/fpu\libc.a(lib_a-freer.o)
                0x08011780                _malloc_trim_r
 .text._free_r  0x0801182c      0x17c c:/program files (x86)/atollic/truestudio for arm 5.5.1/armtools/bin/../lib/gcc/arm-atollic-eabi/5.3.1/../../../../arm-atollic-eabi/lib/armv7e-m/fpu\libc.a(lib_a-freer.o)
                0x0801182c                _free_r
 .text._fwalk_reent
                0x080119a8       0x3c c:/program files (x86)/atollic/truestudio for arm 5.5.1/armtools/bin/../lib/gcc/arm-atollic-eabi/5.3.1/../../../../arm-atollic-eabi/lib/armv7e-m/fpu\libc.a(lib_a-fwalk.o)
                0x080119a8                _fwalk_reent
 .text._localeconv_r
                0x080119e4        0x8 c:/program files (x86)/atollic/truestudio for arm 5.5.1/armtools/bin/../lib/gcc/arm-atollic-eabi/5.3.1/../../../../arm-atollic-eabi/lib/armv7e-m/fpu\libc.a(lib_a-locale.o)
                0x080119e4                _localeconv_r
 .text.__swhatbuf_r
                0x080119ec       0x58 c:/program files (x86)/atollic/truestudio for arm 5.5.1/armtools/bin/../lib/gcc/arm-atollic-eabi/5.3.1/../../../../arm-atollic-eabi/lib/armv7e-m/fpu\libc.a(lib_a-makebuf.o)
                0x080119ec                __swhatbuf_r
 .text.__smakebuf_r
                0x08011a44       0x78 c:/program files (x86)/atollic/truestudio for arm 5.5.1/armtools/bin/../lib/gcc/arm-atollic-eabi/5.3.1/../../../../arm-atollic-eabi/lib/armv7e-m/fpu\libc.a(lib_a-makebuf.o)
                0x08011a44                __smakebuf_r
 .text._Balloc  0x08011abc       0x6a c:/program files (x86)/atollic/truestudio for arm 5.5.1/armtools/bin/../lib/gcc/arm-atollic-eabi/5.3.1/../../../../arm-atollic-eabi/lib/armv7e-m/fpu\libc.a(lib_a-mprec.o)
                0x08011abc                _Balloc
 .text._Bfree   0x08011b26       0x2e c:/program files (x86)/atollic/truestudio for arm 5.5.1/armtools/bin/../lib/gcc/arm-atollic-eabi/5.3.1/../../../../arm-atollic-eabi/lib/armv7e-m/fpu\libc.a(lib_a-mprec.o)
                0x08011b26                _Bfree
 .text.__multadd
                0x08011b54       0x76 c:/program files (x86)/atollic/truestudio for arm 5.5.1/armtools/bin/../lib/gcc/arm-atollic-eabi/5.3.1/../../../../arm-atollic-eabi/lib/armv7e-m/fpu\libc.a(lib_a-mprec.o)
                0x08011b54                __multadd
 .text.__hi0bits
                0x08011bca       0x40 c:/program files (x86)/atollic/truestudio for arm 5.5.1/armtools/bin/../lib/gcc/arm-atollic-eabi/5.3.1/../../../../arm-atollic-eabi/lib/armv7e-m/fpu\libc.a(lib_a-mprec.o)
                0x08011bca                __hi0bits
 .text.__lo0bits
                0x08011c0a       0x5a c:/program files (x86)/atollic/truestudio for arm 5.5.1/armtools/bin/../lib/gcc/arm-atollic-eabi/5.3.1/../../../../arm-atollic-eabi/lib/armv7e-m/fpu\libc.a(lib_a-mprec.o)
                0x08011c0a                __lo0bits
 .text.__i2b    0x08011c64       0x12 c:/program files (x86)/atollic/truestudio for arm 5.5.1/armtools/bin/../lib/gcc/arm-atollic-eabi/5.3.1/../../../../arm-atollic-eabi/lib/armv7e-m/fpu\libc.a(lib_a-mprec.o)
                0x08011c64                __i2b
 .text.__multiply
                0x08011c76      0x122 c:/program files (x86)/atollic/truestudio for arm 5.5.1/armtools/bin/../lib/gcc/arm-atollic-eabi/5.3.1/../../../../arm-atollic-eabi/lib/armv7e-m/fpu\libc.a(lib_a-mprec.o)
                0x08011c76                __multiply
 .text.__pow5mult
                0x08011d98       0x9c c:/program files (x86)/atollic/truestudio for arm 5.5.1/armtools/bin/../lib/gcc/arm-atollic-eabi/5.3.1/../../../../arm-atollic-eabi/lib/armv7e-m/fpu\libc.a(lib_a-mprec.o)
                0x08011d98                __pow5mult
 .text.__lshift
                0x08011e34       0xa2 c:/program files (x86)/atollic/truestudio for arm 5.5.1/armtools/bin/../lib/gcc/arm-atollic-eabi/5.3.1/../../../../arm-atollic-eabi/lib/armv7e-m/fpu\libc.a(lib_a-mprec.o)
                0x08011e34                __lshift
 .text.__mcmp   0x08011ed6       0x38 c:/program files (x86)/atollic/truestudio for arm 5.5.1/armtools/bin/../lib/gcc/arm-atollic-eabi/5.3.1/../../../../arm-atollic-eabi/lib/armv7e-m/fpu\libc.a(lib_a-mprec.o)
                0x08011ed6                __mcmp
 .text.__mdiff  0x08011f0e       0xbe c:/program files (x86)/atollic/truestudio for arm 5.5.1/armtools/bin/../lib/gcc/arm-atollic-eabi/5.3.1/../../../../arm-atollic-eabi/lib/armv7e-m/fpu\libc.a(lib_a-mprec.o)
                0x08011f0e                __mdiff
 .text.__d2b    0x08011fcc       0x9c c:/program files (x86)/atollic/truestudio for arm 5.5.1/armtools/bin/../lib/gcc/arm-atollic-eabi/5.3.1/../../../../arm-atollic-eabi/lib/armv7e-m/fpu\libc.a(lib_a-mprec.o)
                0x08011fcc                __d2b
 .text.__sread  0x08012068       0x22 c:/program files (x86)/atollic/truestudio for arm 5.5.1/armtools/bin/../lib/gcc/arm-atollic-eabi/5.3.1/../../../../arm-atollic-eabi/lib/armv7e-m/fpu\libc.a(lib_a-stdio.o)
                0x08012068                __sread
 .text.__swrite
                0x0801208a       0x38 c:/program files (x86)/atollic/truestudio for arm 5.5.1/armtools/bin/../lib/gcc/arm-atollic-eabi/5.3.1/../../../../arm-atollic-eabi/lib/armv7e-m/fpu\libc.a(lib_a-stdio.o)
                0x0801208a                __swrite
 .text.__sseek  0x080120c2       0x24 c:/program files (x86)/atollic/truestudio for arm 5.5.1/armtools/bin/../lib/gcc/arm-atollic-eabi/5.3.1/../../../../arm-atollic-eabi/lib/armv7e-m/fpu\libc.a(lib_a-stdio.o)
                0x080120c2                __sseek
 .text.__sclose
                0x080120e6        0x8 c:/program files (x86)/atollic/truestudio for arm 5.5.1/armtools/bin/../lib/gcc/arm-atollic-eabi/5.3.1/../../../../arm-atollic-eabi/lib/armv7e-m/fpu\libc.a(lib_a-stdio.o)
                0x080120e6                __sclose
 .text.__ssprint_r
                0x080120ee       0xfe c:/program files (x86)/atollic/truestudio for arm 5.5.1/armtools/bin/../lib/gcc/arm-atollic-eabi/5.3.1/../../../../arm-atollic-eabi/lib/armv7e-m/fpu\libc.a(lib_a-svfiprintf.o)
                0x080120ee                __ssprint_r
 .text._calloc_r
                0x080121ec       0x5a c:/program files (x86)/atollic/truestudio for arm 5.5.1/armtools/bin/../lib/gcc/arm-atollic-eabi/5.3.1/../../../../arm-atollic-eabi/lib/armv7e-m/fpu\libc.a(lib_a-callocr.o)
                0x080121ec                _calloc_r
 *fill*         0x08012246        0x2 
 .text._close_r
                0x08012248       0x20 c:/program files (x86)/atollic/truestudio for arm 5.5.1/armtools/bin/../lib/gcc/arm-atollic-eabi/5.3.1/../../../../arm-atollic-eabi/lib/armv7e-m/fpu\libc.a(lib_a-closer.o)
                0x08012248                _close_r
 .text._fclose_r
                0x08012268       0xa4 c:/program files (x86)/atollic/truestudio for arm 5.5.1/armtools/bin/../lib/gcc/arm-atollic-eabi/5.3.1/../../../../arm-atollic-eabi/lib/armv7e-m/fpu\libc.a(lib_a-fclose.o)
                0x08012268                _fclose_r
 .text._fstat_r
                0x0801230c       0x24 c:/program files (x86)/atollic/truestudio for arm 5.5.1/armtools/bin/../lib/gcc/arm-atollic-eabi/5.3.1/../../../../arm-atollic-eabi/lib/armv7e-m/fpu\libc.a(lib_a-fstatr.o)
                0x0801230c                _fstat_r
 .text._isatty_r
                0x08012330       0x20 c:/program files (x86)/atollic/truestudio for arm 5.5.1/armtools/bin/../lib/gcc/arm-atollic-eabi/5.3.1/../../../../arm-atollic-eabi/lib/armv7e-m/fpu\libc.a(lib_a-isattyr.o)
                0x08012330                _isatty_r
 .text._lseek_r
                0x08012350       0x24 c:/program files (x86)/atollic/truestudio for arm 5.5.1/armtools/bin/../lib/gcc/arm-atollic-eabi/5.3.1/../../../../arm-atollic-eabi/lib/armv7e-m/fpu\libc.a(lib_a-lseekr.o)
                0x08012350                _lseek_r
 .text._read_r  0x08012374       0x24 c:/program files (x86)/atollic/truestudio for arm 5.5.1/armtools/bin/../lib/gcc/arm-atollic-eabi/5.3.1/../../../../arm-atollic-eabi/lib/armv7e-m/fpu\libc.a(lib_a-readr.o)
                0x08012374                _read_r
 .text._close   0x08012398       0x10 c:/program files (x86)/atollic/truestudio for arm 5.5.1/armtools/bin/../lib/gcc/arm-atollic-eabi/5.3.1/../../../../arm-atollic-eabi/lib/armv7e-m/fpu\libnosys.a(close.o)
                0x08012398                _close
 .text._fstat   0x080123a8       0x10 c:/program files (x86)/atollic/truestudio for arm 5.5.1/armtools/bin/../lib/gcc/arm-atollic-eabi/5.3.1/../../../../arm-atollic-eabi/lib/armv7e-m/fpu\libnosys.a(fstat.o)
                0x080123a8                _fstat
 .text._getpid  0x080123b8       0x10 c:/program files (x86)/atollic/truestudio for arm 5.5.1/armtools/bin/../lib/gcc/arm-atollic-eabi/5.3.1/../../../../arm-atollic-eabi/lib/armv7e-m/fpu\libnosys.a(getpid.o)
                0x080123b8                _getpid
 .text._isatty  0x080123c8       0x10 c:/program files (x86)/atollic/truestudio for arm 5.5.1/armtools/bin/../lib/gcc/arm-atollic-eabi/5.3.1/../../../../arm-atollic-eabi/lib/armv7e-m/fpu\libnosys.a(isatty.o)
                0x080123c8                _isatty
 .text._kill    0x080123d8       0x10 c:/program files (x86)/atollic/truestudio for arm 5.5.1/armtools/bin/../lib/gcc/arm-atollic-eabi/5.3.1/../../../../arm-atollic-eabi/lib/armv7e-m/fpu\libnosys.a(kill.o)
                0x080123d8                _kill
 .text._lseek   0x080123e8       0x10 c:/program files (x86)/atollic/truestudio for arm 5.5.1/armtools/bin/../lib/gcc/arm-atollic-eabi/5.3.1/../../../../arm-atollic-eabi/lib/armv7e-m/fpu\libnosys.a(lseek.o)
                0x080123e8                _lseek
 .text._read    0x080123f8       0x10 c:/program files (x86)/atollic/truestudio for arm 5.5.1/armtools/bin/../lib/gcc/arm-atollic-eabi/5.3.1/../../../../arm-atollic-eabi/lib/armv7e-m/fpu\libnosys.a(read.o)
                0x080123f8                _read
 .text._sbrk    0x08012408       0x1c c:/program files (x86)/atollic/truestudio for arm 5.5.1/armtools/bin/../lib/gcc/arm-atollic-eabi/5.3.1/../../../../arm-atollic-eabi/lib/armv7e-m/fpu\libnosys.a(sbrk.o)
                0x08012408                _sbrk
 .text._write   0x08012424       0x10 c:/program files (x86)/atollic/truestudio for arm 5.5.1/armtools/bin/../lib/gcc/arm-atollic-eabi/5.3.1/../../../../arm-atollic-eabi/lib/armv7e-m/fpu\libnosys.a(write.o)
                0x08012424                _write
 .text._exit    0x08012434        0x2 c:/program files (x86)/atollic/truestudio for arm 5.5.1/armtools/bin/../lib/gcc/arm-atollic-eabi/5.3.1/../../../../arm-atollic-eabi/lib/armv7e-m/fpu\libnosys.a(_exit.o)
                0x08012434                _exit
 *(.glue_7)
 .glue_7        0x08012436        0x0 linker stubs
 *(.glue_7t)
 .glue_7t       0x08012436        0x0 linker stubs
 *(.eh_frame)
 *fill*         0x08012436        0x2 
 .eh_frame      0x08012438        0x0 c:/program files (x86)/atollic/truestudio for arm 5.5.1/armtools/bin/../lib/gcc/arm-atollic-eabi/5.3.1/armv7e-m/fpu/crtbegin.o
 *(.init)
 .init          0x08012438        0x4 c:/program files (x86)/atollic/truestudio for arm 5.5.1/armtools/bin/../lib/gcc/arm-atollic-eabi/5.3.1/armv7e-m/fpu/crti.o
                0x08012438                _init
 .init          0x0801243c        0x8 c:/program files (x86)/atollic/truestudio for arm 5.5.1/armtools/bin/../lib/gcc/arm-atollic-eabi/5.3.1/armv7e-m/fpu/crtn.o
 *(.fini)
 .fini          0x08012444        0x4 c:/program files (x86)/atollic/truestudio for arm 5.5.1/armtools/bin/../lib/gcc/arm-atollic-eabi/5.3.1/armv7e-m/fpu/crti.o
                0x08012444                _fini
 .fini          0x08012448        0x8 c:/program files (x86)/atollic/truestudio for arm 5.5.1/armtools/bin/../lib/gcc/arm-atollic-eabi/5.3.1/armv7e-m/fpu/crtn.o
                0x08012450                . = ALIGN (0x4)
                0x08012450                _etext = .

.vfp11_veneer   0x08012450        0x0
 .vfp11_veneer  0x08012450        0x0 linker stubs

.v4_bx          0x08012450        0x0
 .v4_bx         0x08012450        0x0 linker stubs

.iplt           0x08012450        0x0
 .iplt          0x08012450        0x0 c:/program files (x86)/atollic/truestudio for arm 5.5.1/armtools/bin/../lib/gcc/arm-atollic-eabi/5.3.1/armv7e-m/fpu/crtbegin.o

.rodata         0x08012450     0x136c
                0x08012450                . = ALIGN (0x4)
 *(.rodata)
 .rodata        0x08012450      0x738 c:/program files (x86)/atollic/truestudio for arm 5.5.1/armtools/bin/../lib/gcc/arm-atollic-eabi/5.3.1/../../../../arm-atollic-eabi/lib/armv7e-m/fpu\libstdc++.a(cp-demangle.o)
 *(.rodata*)
 .rodata._ZTVSt9bad_alloc
                0x08012b88       0x14 c:/program files (x86)/atollic/truestudio for arm 5.5.1/armtools/bin/../lib/gcc/arm-atollic-eabi/5.3.1/../../../../arm-atollic-eabi/lib/armv7e-m/fpu\libstdc++.a(bad_alloc.o)
                0x08012b88                vtable for std::bad_alloc
 .rodata._ZTISt9bad_alloc
                0x08012b9c        0xc c:/program files (x86)/atollic/truestudio for arm 5.5.1/armtools/bin/../lib/gcc/arm-atollic-eabi/5.3.1/../../../../arm-atollic-eabi/lib/armv7e-m/fpu\libstdc++.a(bad_alloc.o)
                0x08012b9c                typeinfo for std::bad_alloc
 .rodata.str1.4
                0x08012ba8        0xf c:/program files (x86)/atollic/truestudio for arm 5.5.1/armtools/bin/../lib/gcc/arm-atollic-eabi/5.3.1/../../../../arm-atollic-eabi/lib/armv7e-m/fpu\libstdc++.a(bad_alloc.o)
 *fill*         0x08012bb7        0x1 
 .rodata._ZTSSt9bad_alloc
                0x08012bb8        0xd c:/program files (x86)/atollic/truestudio for arm 5.5.1/armtools/bin/../lib/gcc/arm-atollic-eabi/5.3.1/../../../../arm-atollic-eabi/lib/armv7e-m/fpu\libstdc++.a(bad_alloc.o)
                0x08012bb8                typeinfo name for std::bad_alloc
 *fill*         0x08012bc5        0x3 
 .rodata._ZTSN10__cxxabiv115__forced_unwindE
                0x08012bc8       0x20 c:/program files (x86)/atollic/truestudio for arm 5.5.1/armtools/bin/../lib/gcc/arm-atollic-eabi/5.3.1/../../../../arm-atollic-eabi/lib/armv7e-m/fpu\libstdc++.a(eh_exception.o)
                0x08012bc8                typeinfo name for __cxxabiv1::__forced_unwind
 .rodata._ZTIN10__cxxabiv115__forced_unwindE
                0x08012be8        0x8 c:/program files (x86)/atollic/truestudio for arm 5.5.1/armtools/bin/../lib/gcc/arm-atollic-eabi/5.3.1/../../../../arm-atollic-eabi/lib/armv7e-m/fpu\libstdc++.a(eh_exception.o)
                0x08012be8                typeinfo for __cxxabiv1::__forced_unwind
 .rodata._ZTISt9exception
                0x08012bf0        0x8 c:/program files (x86)/atollic/truestudio for arm 5.5.1/armtools/bin/../lib/gcc/arm-atollic-eabi/5.3.1/../../../../arm-atollic-eabi/lib/armv7e-m/fpu\libstdc++.a(eh_exception.o)
                0x08012bf0                typeinfo for std::exception
 .rodata._ZTSN10__cxxabiv119__foreign_exceptionE
                0x08012bf8       0x24 c:/program files (x86)/atollic/truestudio for arm 5.5.1/armtools/bin/../lib/gcc/arm-atollic-eabi/5.3.1/../../../../arm-atollic-eabi/lib/armv7e-m/fpu\libstdc++.a(eh_exception.o)
                0x08012bf8                typeinfo name for __cxxabiv1::__foreign_exception
 .rodata.str1.4
                0x08012c1c       0x23 c:/program files (x86)/atollic/truestudio for arm 5.5.1/armtools/bin/../lib/gcc/arm-atollic-eabi/5.3.1/../../../../arm-atollic-eabi/lib/armv7e-m/fpu\libstdc++.a(eh_exception.o)
 *fill*         0x08012c3f        0x1 
 .rodata._ZTIN10__cxxabiv119__foreign_exceptionE
                0x08012c40        0x8 c:/program files (x86)/atollic/truestudio for arm 5.5.1/armtools/bin/../lib/gcc/arm-atollic-eabi/5.3.1/../../../../arm-atollic-eabi/lib/armv7e-m/fpu\libstdc++.a(eh_exception.o)
                0x08012c40                typeinfo for __cxxabiv1::__foreign_exception
 .rodata._ZTVSt13bad_exception
                0x08012c48       0x14 c:/program files (x86)/atollic/truestudio for arm 5.5.1/armtools/bin/../lib/gcc/arm-atollic-eabi/5.3.1/../../../../arm-atollic-eabi/lib/armv7e-m/fpu\libstdc++.a(eh_exception.o)
                0x08012c48                vtable for std::bad_exception
 .rodata._ZTSSt9exception
                0x08012c5c        0xd c:/program files (x86)/atollic/truestudio for arm 5.5.1/armtools/bin/../lib/gcc/arm-atollic-eabi/5.3.1/../../../../arm-atollic-eabi/lib/armv7e-m/fpu\libstdc++.a(eh_exception.o)
                0x08012c5c                typeinfo name for std::exception
 *fill*         0x08012c69        0x3 
 .rodata._ZTSSt13bad_exception
                0x08012c6c       0x12 c:/program files (x86)/atollic/truestudio for arm 5.5.1/armtools/bin/../lib/gcc/arm-atollic-eabi/5.3.1/../../../../arm-atollic-eabi/lib/armv7e-m/fpu\libstdc++.a(eh_exception.o)
                0x08012c6c                typeinfo name for std::bad_exception
 *fill*         0x08012c7e        0x2 
 .rodata._ZTISt13bad_exception
                0x08012c80        0xc c:/program files (x86)/atollic/truestudio for arm 5.5.1/armtools/bin/../lib/gcc/arm-atollic-eabi/5.3.1/../../../../arm-atollic-eabi/lib/armv7e-m/fpu\libstdc++.a(eh_exception.o)
                0x08012c80                typeinfo for std::bad_exception
 .rodata._ZTVN10__cxxabiv120__si_class_type_infoE
                0x08012c8c       0x2c c:/program files (x86)/atollic/truestudio for arm 5.5.1/armtools/bin/../lib/gcc/arm-atollic-eabi/5.3.1/../../../../arm-atollic-eabi/lib/armv7e-m/fpu\libstdc++.a(si_class_type_info.o)
                0x08012c8c                vtable for __cxxabiv1::__si_class_type_info
 .rodata._ZTIN10__cxxabiv120__si_class_type_infoE
                0x08012cb8        0xc c:/program files (x86)/atollic/truestudio for arm 5.5.1/armtools/bin/../lib/gcc/arm-atollic-eabi/5.3.1/../../../../arm-atollic-eabi/lib/armv7e-m/fpu\libstdc++.a(si_class_type_info.o)
                0x08012cb8                typeinfo for __cxxabiv1::__si_class_type_info
 .rodata._ZTSN10__cxxabiv120__si_class_type_infoE
                0x08012cc4       0x25 c:/program files (x86)/atollic/truestudio for arm 5.5.1/armtools/bin/../lib/gcc/arm-atollic-eabi/5.3.1/../../../../arm-atollic-eabi/lib/armv7e-m/fpu\libstdc++.a(si_class_type_info.o)
                0x08012cc4                typeinfo name for __cxxabiv1::__si_class_type_info
 *fill*         0x08012ce9        0x3 
 .rodata.str1.4
                0x08012cec       0x94 c:/program files (x86)/atollic/truestudio for arm 5.5.1/armtools/bin/../lib/gcc/arm-atollic-eabi/5.3.1/../../../../arm-atollic-eabi/lib/armv7e-m/fpu\libstdc++.a(vterminate.o)
 .rodata._ZTVN10__cxxabiv117__class_type_infoE
                0x08012d80       0x2c c:/program files (x86)/atollic/truestudio for arm 5.5.1/armtools/bin/../lib/gcc/arm-atollic-eabi/5.3.1/../../../../arm-atollic-eabi/lib/armv7e-m/fpu\libstdc++.a(class_type_info.o)
                0x08012d80                vtable for __cxxabiv1::__class_type_info
 .rodata._ZTIN10__cxxabiv117__class_type_infoE
                0x08012dac        0xc c:/program files (x86)/atollic/truestudio for arm 5.5.1/armtools/bin/../lib/gcc/arm-atollic-eabi/5.3.1/../../../../arm-atollic-eabi/lib/armv7e-m/fpu\libstdc++.a(class_type_info.o)
                0x08012dac                typeinfo for __cxxabiv1::__class_type_info
 .rodata._ZTSN10__cxxabiv117__class_type_infoE
                0x08012db8       0x22 c:/program files (x86)/atollic/truestudio for arm 5.5.1/armtools/bin/../lib/gcc/arm-atollic-eabi/5.3.1/../../../../arm-atollic-eabi/lib/armv7e-m/fpu\libstdc++.a(class_type_info.o)
                0x08012db8                typeinfo name for __cxxabiv1::__class_type_info
 *fill*         0x08012dda        0x2 
 .rodata._ZTISt9type_info
                0x08012ddc        0x8 c:/program files (x86)/atollic/truestudio for arm 5.5.1/armtools/bin/../lib/gcc/arm-atollic-eabi/5.3.1/../../../../arm-atollic-eabi/lib/armv7e-m/fpu\libstdc++.a(tinfo.o)
                0x08012ddc                typeinfo for std::type_info
 .rodata._ZTSSt9type_info
                0x08012de4        0xd c:/program files (x86)/atollic/truestudio for arm 5.5.1/armtools/bin/../lib/gcc/arm-atollic-eabi/5.3.1/../../../../arm-atollic-eabi/lib/armv7e-m/fpu\libstdc++.a(tinfo.o)
                0x08012de4                typeinfo name for std::type_info
 *fill*         0x08012df1        0x3 
 .rodata.str1.4
                0x08012df4      0x7f4 c:/program files (x86)/atollic/truestudio for arm 5.5.1/armtools/bin/../lib/gcc/arm-atollic-eabi/5.3.1/../../../../arm-atollic-eabi/lib/armv7e-m/fpu\libstdc++.a(cp-demangle.o)
                                0x83e (size before relaxing)
 .rodata.str1.1
                0x080135e8        0x2 c:/program files (x86)/atollic/truestudio for arm 5.5.1/armtools/bin/../lib/gcc/arm-atollic-eabi/5.3.1/../../../../arm-atollic-eabi/lib/armv7e-m/fpu\libc.a(lib_a-impure.o)
 *fill*         0x080135ea        0x2 
 .rodata._global_impure_ptr
                0x080135ec        0x4 c:/program files (x86)/atollic/truestudio for arm 5.5.1/armtools/bin/../lib/gcc/arm-atollic-eabi/5.3.1/../../../../arm-atollic-eabi/lib/armv7e-m/fpu\libc.a(lib_a-impure.o)
                0x080135ec                _global_impure_ptr
 .rodata.zeroes.7045
                0x080135f0       0x10 c:/program files (x86)/atollic/truestudio for arm 5.5.1/armtools/bin/../lib/gcc/arm-atollic-eabi/5.3.1/../../../../arm-atollic-eabi/lib/armv7e-m/fpu\libc.a(lib_a-svfprintf.o)
 .rodata.str1.1
                0x08013600       0x34 c:/program files (x86)/atollic/truestudio for arm 5.5.1/armtools/bin/../lib/gcc/arm-atollic-eabi/5.3.1/../../../../arm-atollic-eabi/lib/armv7e-m/fpu\libc.a(lib_a-svfprintf.o)
 .rodata.blanks.7044
                0x08013634       0x10 c:/program files (x86)/atollic/truestudio for arm 5.5.1/armtools/bin/../lib/gcc/arm-atollic-eabi/5.3.1/../../../../arm-atollic-eabi/lib/armv7e-m/fpu\libc.a(lib_a-svfprintf.o)
 .rodata.str1.1
                0x08013644        0xd c:/program files (x86)/atollic/truestudio for arm 5.5.1/armtools/bin/../lib/gcc/arm-atollic-eabi/5.3.1/../../../../arm-atollic-eabi/lib/armv7e-m/fpu\libc.a(lib_a-dtoa.o)
                                  0xf (size before relaxing)
 *fill*         0x08013651        0x3 
 .rodata.__sf_fake_stdin
                0x08013654       0x20 c:/program files (x86)/atollic/truestudio for arm 5.5.1/armtools/bin/../lib/gcc/arm-atollic-eabi/5.3.1/../../../../arm-atollic-eabi/lib/armv7e-m/fpu\libc.a(lib_a-findfp.o)
                0x08013654                __sf_fake_stdin
 .rodata.__sf_fake_stdout
                0x08013674       0x20 c:/program files (x86)/atollic/truestudio for arm 5.5.1/armtools/bin/../lib/gcc/arm-atollic-eabi/5.3.1/../../../../arm-atollic-eabi/lib/armv7e-m/fpu\libc.a(lib_a-findfp.o)
                0x08013674                __sf_fake_stdout
 .rodata.__sf_fake_stderr
                0x08013694       0x20 c:/program files (x86)/atollic/truestudio for arm 5.5.1/armtools/bin/../lib/gcc/arm-atollic-eabi/5.3.1/../../../../arm-atollic-eabi/lib/armv7e-m/fpu\libc.a(lib_a-findfp.o)
                0x08013694                __sf_fake_stderr
 .rodata.str1.1
                0x080136b4        0x8 c:/program files (x86)/atollic/truestudio for arm 5.5.1/armtools/bin/../lib/gcc/arm-atollic-eabi/5.3.1/../../../../arm-atollic-eabi/lib/armv7e-m/fpu\libc.a(lib_a-locale.o)
                                  0xb (size before relaxing)
 *fill*         0x080136bc        0x4 
 .rodata.__mprec_tens
                0x080136c0       0xc8 c:/program files (x86)/atollic/truestudio for arm 5.5.1/armtools/bin/../lib/gcc/arm-atollic-eabi/5.3.1/../../../../arm-atollic-eabi/lib/armv7e-m/fpu\libc.a(lib_a-mprec.o)
                0x080136c0                __mprec_tens
 .rodata.__mprec_bigtens
                0x08013788       0x28 c:/program files (x86)/atollic/truestudio for arm 5.5.1/armtools/bin/../lib/gcc/arm-atollic-eabi/5.3.1/../../../../arm-atollic-eabi/lib/armv7e-m/fpu\libc.a(lib_a-mprec.o)