Archive member included to satisfy reference by file (symbol)

c:/program files (x86)/atollic/truestudio for arm 5.5.1/armtools/bin/../lib/gcc/arm-atollic-eabi/5.3.1/../../../../arm-atollic-eabi/lib/armv7e-m/fpu\libstdc++_nano.a(pure.o)
                              src\own_libraries\NRF_REGISTER_MAP.o (__cxa_pure_virtual)
c:/program files (x86)/atollic/truestudio for arm 5.5.1/armtools/bin/../lib/gcc/arm-atollic-eabi/5.3.1/../../../../arm-atollic-eabi/lib/armv7e-m/fpu\libstdc++_nano.a(eh_terminate.o)
                              c:/program files (x86)/atollic/truestudio for arm 5.5.1/armtools/bin/../lib/gcc/arm-atollic-eabi/5.3.1/../../../../arm-atollic-eabi/lib/armv7e-m/fpu\libstdc++_nano.a(pure.o) (std::terminate())
c:/program files (x86)/atollic/truestudio for arm 5.5.1/armtools/bin/../lib/gcc/arm-atollic-eabi/5.3.1/../../../../arm-atollic-eabi/lib/armv7e-m/fpu\libstdc++_nano.a(eh_term_handler.o)
                              c:/program files (x86)/atollic/truestudio for arm 5.5.1/armtools/bin/../lib/gcc/arm-atollic-eabi/5.3.1/../../../../arm-atollic-eabi/lib/armv7e-m/fpu\libstdc++_nano.a(eh_terminate.o) (__cxxabiv1::__terminate_handler)
c:/program files (x86)/atollic/truestudio for arm 5.5.1/armtools/bin/../lib/gcc/arm-atollic-eabi/5.3.1/../../../../arm-atollic-eabi/lib/armv7e-m/fpu\libstdc++_nano.a(eh_unex_handler.o)
                              c:/program files (x86)/atollic/truestudio for arm 5.5.1/armtools/bin/../lib/gcc/arm-atollic-eabi/5.3.1/../../../../arm-atollic-eabi/lib/armv7e-m/fpu\libstdc++_nano.a(eh_terminate.o) (__cxxabiv1::__unexpected_handler)
c:/program files (x86)/atollic/truestudio for arm 5.5.1/armtools/bin/../lib/gcc/arm-atollic-eabi/5.3.1/../../../../arm-atollic-eabi/lib/armv7e-m/fpu\libc_nano.a(lib_a-abort.o)
                              c:/program files (x86)/atollic/truestudio for arm 5.5.1/armtools/bin/../lib/gcc/arm-atollic-eabi/5.3.1/../../../../arm-atollic-eabi/lib/armv7e-m/fpu\libstdc++_nano.a(eh_terminate.o) (abort)
c:/program files (x86)/atollic/truestudio for arm 5.5.1/armtools/bin/../lib/gcc/arm-atollic-eabi/5.3.1/../../../../arm-atollic-eabi/lib/armv7e-m/fpu\libc_nano.a(lib_a-init.o)
                              src\startup_stm32f40xx.o (__libc_init_array)
c:/program files (x86)/atollic/truestudio for arm 5.5.1/armtools/bin/../lib/gcc/arm-atollic-eabi/5.3.1/../../../../arm-atollic-eabi/lib/armv7e-m/fpu\libc_nano.a(lib_a-signal.o)
                              c:/program files (x86)/atollic/truestudio for arm 5.5.1/armtools/bin/../lib/gcc/arm-atollic-eabi/5.3.1/../../../../arm-atollic-eabi/lib/armv7e-m/fpu\libc_nano.a(lib_a-abort.o) (raise)
c:/program files (x86)/atollic/truestudio for arm 5.5.1/armtools/bin/../lib/gcc/arm-atollic-eabi/5.3.1/../../../../arm-atollic-eabi/lib/armv7e-m/fpu\libc_nano.a(lib_a-signalr.o)
                              c:/program files (x86)/atollic/truestudio for arm 5.5.1/armtools/bin/../lib/gcc/arm-atollic-eabi/5.3.1/../../../../arm-atollic-eabi/lib/armv7e-m/fpu\libc_nano.a(lib_a-signal.o) (_kill_r)
c:/program files (x86)/atollic/truestudio for arm 5.5.1/armtools/bin/../lib/gcc/arm-atollic-eabi/5.3.1/../../../../arm-atollic-eabi/lib/armv7e-m/fpu\libc_nano.a(lib_a-strlen.o)
                              src\tiny_printf.o (strlen)
c:/program files (x86)/atollic/truestudio for arm 5.5.1/armtools/bin/../lib/gcc/arm-atollic-eabi/5.3.1/../../../../arm-atollic-eabi/lib/armv7e-m/fpu\libc_nano.a(lib_a-impure.o)
                              c:/program files (x86)/atollic/truestudio for arm 5.5.1/armtools/bin/../lib/gcc/arm-atollic-eabi/5.3.1/../../../../arm-atollic-eabi/lib/armv7e-m/fpu\libc_nano.a(lib_a-signal.o) (_impure_ptr)
c:/program files (x86)/atollic/truestudio for arm 5.5.1/armtools/bin/../lib/gcc/arm-atollic-eabi/5.3.1/../../../../arm-atollic-eabi/lib/armv7e-m/fpu\libc_nano.a(lib_a-nano-mallocr.o)
                              c:/program files (x86)/atollic/truestudio for arm 5.5.1/armtools/bin/../lib/gcc/arm-atollic-eabi/5.3.1/../../../../arm-atollic-eabi/lib/armv7e-m/fpu\libc_nano.a(lib_a-signal.o) (_malloc_r)
c:/program files (x86)/atollic/truestudio for arm 5.5.1/armtools/bin/../lib/gcc/arm-atollic-eabi/5.3.1/../../../../arm-atollic-eabi/lib/armv7e-m/fpu\libc_nano.a(lib_a-reent.o)
                              c:/program files (x86)/atollic/truestudio for arm 5.5.1/armtools/bin/../lib/gcc/arm-atollic-eabi/5.3.1/../../../../arm-atollic-eabi/lib/armv7e-m/fpu\libc_nano.a(lib_a-signalr.o) (errno)
c:/program files (x86)/atollic/truestudio for arm 5.5.1/armtools/bin/../lib/gcc/arm-atollic-eabi/5.3.1/../../../../arm-atollic-eabi/lib/armv7e-m/fpu\libc_nano.a(lib_a-sbrkr.o)
                              c:/program files (x86)/atollic/truestudio for arm 5.5.1/armtools/bin/../lib/gcc/arm-atollic-eabi/5.3.1/../../../../arm-atollic-eabi/lib/armv7e-m/fpu\libc_nano.a(lib_a-nano-mallocr.o) (_sbrk_r)
[...]
Memory Configuration

Name             Origin             Length             Attributes
FLASH            0x08000000         0x00100000         xr
RAM              0x20000000         0x00020000         xrw
MEMORY_B1        0x60000000         0x00000000         xr
CCMRAM           0x10000000         0x00010000         rw
*default*        0x00000000         0xffffffff

Linker script and memory map

LOAD c:/program files (x86)/atollic/truestudio for arm 5.5.1/armtools/bin/../lib/gcc/arm-atollic-eabi/5.3.1/armv7e-m/fpu/crti.o
LOAD c:/program files (x86)/atollic/truestudio for arm 5.5.1/armtools/bin/../lib/gcc/arm-atollic-eabi/5.3.1/armv7e-m/fpu/crtbegin.o
LOAD src\tiny_printf.o
LOAD src\system_stm32f4xx.o
LOAD src\stm32f4xx_it.o
LOAD src\startup_stm32f40xx.o
LOAD src\own_libraries\SPI_interface.o
LOAD src\own_libraries\REGISTER.o
LOAD src\own_libraries\NRF_REGISTER_MAP.o
LOAD src\own_libraries\NRF24.o
LOAD src\own_libraries\CONFIG.o
LOAD src\main.o
LOAD Utilities\STM32F4-Discovery\stm32f4_discovery_lis302dl.o
LOAD Utilities\STM32F4-Discovery\stm32f4_discovery_audio_codec.o
LOAD Utilities\STM32F4-Discovery\stm32f4_discovery.o
LOAD Libraries\usb_lib\otg\usb_dcd_int.o
LOAD Libraries\usb_lib\otg\usb_dcd.o
LOAD Libraries\usb_lib\otg\usb_core.o
LOAD Libraries\usb_lib\core\usbd_req.o
LOAD Libraries\usb_lib\core\usbd_ioreq.o
LOAD Libraries\usb_lib\core\usbd_core.o
LOAD Libraries\usb_lib\cdc\usbd_cdc_vcp.o
LOAD Libraries\usb_lib\cdc\usbd_cdc_core.o
LOAD Libraries\usb_conf\usbd_usr.o
LOAD Libraries\usb_conf\usbd_desc.o
LOAD Libraries\usb_conf\usb_bsp.o
LOAD Libraries\STM32F4xx_StdPeriph_Driver\src\stm32f4xx_wwdg.o
LOAD Libraries\STM32F4xx_StdPeriph_Driver\src\stm32f4xx_usart.o
LOAD Libraries\STM32F4xx_StdPeriph_Driver\src\stm32f4xx_tim.o
LOAD Libraries\STM32F4xx_StdPeriph_Driver\src\stm32f4xx_syscfg.o
LOAD Libraries\STM32F4xx_StdPeriph_Driver\src\stm32f4xx_spi.o
LOAD Libraries\STM32F4xx_StdPeriph_Driver\src\stm32f4xx_sdio.o
LOAD Libraries\STM32F4xx_StdPeriph_Driver\src\stm32f4xx_rtc.o
LOAD Libraries\STM32F4xx_StdPeriph_Driver\src\stm32f4xx_rng.o
LOAD Libraries\STM32F4xx_StdPeriph_Driver\src\stm32f4xx_rcc.o
LOAD Libraries\STM32F4xx_StdPeriph_Driver\src\stm32f4xx_pwr.o
LOAD Libraries\STM32F4xx_StdPeriph_Driver\src\stm32f4xx_iwdg.o
LOAD Libraries\STM32F4xx_StdPeriph_Driver\src\stm32f4xx_i2c.o
LOAD Libraries\STM32F4xx_StdPeriph_Driver\src\stm32f4xx_hash_sha1.o
LOAD Libraries\STM32F4xx_StdPeriph_Driver\src\stm32f4xx_hash_md5.o
LOAD Libraries\STM32F4xx_StdPeriph_Driver\src\stm32f4xx_hash.o
LOAD Libraries\STM32F4xx_StdPeriph_Driver\src\stm32f4xx_gpio.o
LOAD Libraries\STM32F4xx_StdPeriph_Driver\src\stm32f4xx_fsmc.o
LOAD Libraries\STM32F4xx_StdPeriph_Driver\src\stm32f4xx_flash.o
LOAD Libraries\STM32F4xx_StdPeriph_Driver\src\stm32f4xx_exti.o
LOAD Libraries\STM32F4xx_StdPeriph_Driver\src\stm32f4xx_dma.o
LOAD Libraries\STM32F4xx_StdPeriph_Driver\src\stm32f4xx_dcmi.o
LOAD Libraries\STM32F4xx_StdPeriph_Driver\src\stm32f4xx_dbgmcu.o
LOAD Libraries\STM32F4xx_StdPeriph_Driver\src\stm32f4xx_dac.o
LOAD Libraries\STM32F4xx_StdPeriph_Driver\src\stm32f4xx_cryp_tdes.o
LOAD Libraries\STM32F4xx_StdPeriph_Driver\src\stm32f4xx_cryp_des.o
LOAD Libraries\STM32F4xx_StdPeriph_Driver\src\stm32f4xx_cryp_aes.o
LOAD Libraries\STM32F4xx_StdPeriph_Driver\src\stm32f4xx_cryp.o
LOAD Libraries\STM32F4xx_StdPeriph_Driver\src\stm32f4xx_crc.o
LOAD Libraries\STM32F4xx_StdPeriph_Driver\src\stm32f4xx_can.o
LOAD Libraries\STM32F4xx_StdPeriph_Driver\src\stm32f4xx_adc.o
LOAD Libraries\STM32F4xx_StdPeriph_Driver\src\misc.o
START GROUP
LOAD c:/program files (x86)/atollic/truestudio for arm 5.5.1/armtools/bin/../lib/gcc/arm-atollic-eabi/5.3.1/../../../../arm-atollic-eabi/lib/armv7e-m/fpu\libstdc++_nano.a
LOAD c:/program files (x86)/atollic/truestudio for arm 5.5.1/armtools/bin/../lib/gcc/arm-atollic-eabi/5.3.1/../../../../arm-atollic-eabi/lib/armv7e-m/fpu\libsupc++_nano.a
END GROUP
                0x00001000                malloc_getpagesize_P = 0x1000
LOAD c:/program files (x86)/atollic/truestudio for arm 5.5.1/armtools/bin/../lib/gcc/arm-atollic-eabi/5.3.1/../../../../arm-atollic-eabi/lib/armv7e-m/fpu\libstdc++_nano.a
LOAD c:/program files (x86)/atollic/truestudio for arm 5.5.1/armtools/bin/../lib/gcc/arm-atollic-eabi/5.3.1/../../../../arm-atollic-eabi/lib/armv7e-m/fpu\libm.a
LOAD c:/program files (x86)/atollic/truestudio for arm 5.5.1/armtools/bin/../lib/gcc/arm-atollic-eabi/5.3.1/../../../../arm-atollic-eabi/lib/armv7e-m/fpu\libc_nano.a
START GROUP
LOAD c:/program files (x86)/atollic/truestudio for arm 5.5.1/armtools/bin/../lib/gcc/arm-atollic-eabi/5.3.1/armv7e-m/fpu\libgcc.a
LOAD c:/program files (x86)/atollic/truestudio for arm 5.5.1/armtools/bin/../lib/gcc/arm-atollic-eabi/5.3.1/../../../../arm-atollic-eabi/lib/armv7e-m/fpu\libc_nano.a
END GROUP
START GROUP
LOAD c:/program files (x86)/atollic/truestudio for arm 5.5.1/armtools/bin/../lib/gcc/arm-atollic-eabi/5.3.1/armv7e-m/fpu\libgcc.a
LOAD c:/program files (x86)/atollic/truestudio for arm 5.5.1/armtools/bin/../lib/gcc/arm-atollic-eabi/5.3.1/../../../../arm-atollic-eabi/lib/armv7e-m/fpu\libc_nano.a
LOAD c:/program files (x86)/atollic/truestudio for arm 5.5.1/armtools/bin/../lib/gcc/arm-atollic-eabi/5.3.1/../../../../arm-atollic-eabi/lib/armv7e-m/fpu\libnosys.a
END GROUP
START GROUP
LOAD c:/program files (x86)/atollic/truestudio for arm 5.5.1/armtools/bin/../lib/gcc/arm-atollic-eabi/5.3.1/armv7e-m/fpu\libgcc.a
LOAD c:/program files (x86)/atollic/truestudio for arm 5.5.1/armtools/bin/../lib/gcc/arm-atollic-eabi/5.3.1/../../../../arm-atollic-eabi/lib/armv7e-m/fpu\libc_nano.a
LOAD c:/program files (x86)/atollic/truestudio for arm 5.5.1/armtools/bin/../lib/gcc/arm-atollic-eabi/5.3.1/../../../../arm-atollic-eabi/lib/armv7e-m/fpu\libnosys.a
END GROUP
LOAD c:/program files (x86)/atollic/truestudio for arm 5.5.1/armtools/bin/../lib/gcc/arm-atollic-eabi/5.3.1/armv7e-m/fpu/crtend.o
LOAD c:/program files (x86)/atollic/truestudio for arm 5.5.1/armtools/bin/../lib/gcc/arm-atollic-eabi/5.3.1/armv7e-m/fpu/crtn.o
                0x20020000                _estack = 0x20020000
                0x00000000                _Min_Heap_Size = 0x0
                0x00000400                _Min_Stack_Size = 0x400

.isr_vector     0x08000000      0x188
                0x08000000                . = ALIGN (0x4)
 *(.isr_vector)
 .isr_vector    0x08000000      0x188 src\startup_stm32f40xx.o
                0x08000000                g_pfnVectors
                0x08000188                . = ALIGN (0x4)

.text           0x08000188     0x6480
                0x08000188                . = ALIGN (0x4)
 *(.text)
 .text          0x08000188       0x40 c:/program files (x86)/atollic/truestudio for arm 5.5.1/armtools/bin/../lib/gcc/arm-atollic-eabi/5.3.1/armv7e-m/fpu/crtbegin.o
 *(.text*)
 .text.SystemInit
                0x080001c8       0x6c src\system_stm32f4xx.o
                0x080001c8                SystemInit
 .text.SetSysClock
                0x08000234       0xf8 src\system_stm32f4xx.o
 .text.NMI_Handler
                0x0800032c       0x10 src\stm32f4xx_it.o
                0x0800032c                NMI_Handler
 .text.HardFault_Handler
                0x0800033c        0x8 src\stm32f4xx_it.o
                0x0800033c                HardFault_Handler
 .text.MemManage_Handler
                0x08000344        0x8 src\stm32f4xx_it.o
                0x08000344                MemManage_Handler
 .text.BusFault_Handler
                0x0800034c        0x8 src\stm32f4xx_it.o
                0x0800034c                BusFault_Handler
 .text.UsageFault_Handler
                0x08000354        0x8 src\stm32f4xx_it.o
                0x08000354                UsageFault_Handler
 .text.SVC_Handler
                0x0800035c       0x10 src\stm32f4xx_it.o
                0x0800035c                SVC_Handler
 .text.DebugMon_Handler
                0x0800036c       0x10 src\stm32f4xx_it.o
                0x0800036c                DebugMon_Handler
 .text.PendSV_Handler
                0x0800037c       0x10 src\stm32f4xx_it.o
                0x0800037c                PendSV_Handler
 .text.Reset_Handler
                0x0800038c       0x50 src\startup_stm32f40xx.o
                0x0800038c                Reset_Handler
 .text.Default_Handler
                0x080003dc        0x2 src\startup_stm32f40xx.o
                0x080003dc                RTC_Alarm_IRQHandler
                0x080003dc                HASH_RNG_IRQHandler
                0x080003dc                TIM8_CC_IRQHandler
                0x080003dc                TIM1_CC_IRQHandler
                0x080003dc                DMA2_Stream5_IRQHandler
                0x080003dc                DMA1_Stream5_IRQHandler
                0x080003dc                PVD_IRQHandler
                0x080003dc                SDIO_IRQHandler
                0x080003dc                TAMP_STAMP_IRQHandler
                0x080003dc                CAN2_RX1_IRQHandler
                0x080003dc                TIM8_TRG_COM_TIM14_IRQHandler
                0x080003dc                TIM1_UP_TIM10_IRQHandler
                0x080003dc                TIM8_UP_TIM13_IRQHandler
                0x080003dc                I2C3_ER_IRQHandler
                0x080003dc                I2C2_EV_IRQHandler
                0x080003dc                DMA1_Stream2_IRQHandler
                0x080003dc                CAN1_RX0_IRQHandler
                0x080003dc                FPU_IRQHandler
                0x080003dc                OTG_HS_WKUP_IRQHandler
                0x080003dc                CAN2_SCE_IRQHandler
                0x080003dc                DMA2_Stream2_IRQHandler
                0x080003dc                SPI1_IRQHandler
                0x080003dc                TIM6_DAC_IRQHandler
                0x080003dc                TIM1_BRK_TIM9_IRQHandler
                0x080003dc                DCMI_IRQHandler
                0x080003dc                CAN2_RX0_IRQHandler
                0x080003dc                DMA2_Stream3_IRQHandler
                0x080003dc                USART6_IRQHandler
                0x080003dc                USART3_IRQHandler
                0x080003dc                CRYP_IRQHandler
                0x080003dc                CAN1_RX1_IRQHandler
                0x080003dc                UART5_IRQHandler
                0x080003dc                DMA2_Stream0_IRQHandler
                0x080003dc                TIM4_IRQHandler
                0x080003dc                I2C1_EV_IRQHandler
                0x080003dc                DMA1_Stream6_IRQHandler
                0x080003dc                DMA1_Stream1_IRQHandler
                0x080003dc                UART4_IRQHandler
                0x080003dc                TIM3_IRQHandler
                0x080003dc                RCC_IRQHandler
                0x080003dc                TIM8_BRK_TIM12_IRQHandler
                0x080003dc                Default_Handler
                0x080003dc                ADC_IRQHandler
                0x080003dc                TIM7_IRQHandler
                0x080003dc                CAN2_TX_IRQHandler
                0x080003dc                TIM5_IRQHandler
                0x080003dc                DMA2_Stream7_IRQHandler
                0x080003dc                I2C3_EV_IRQHandler
                0x080003dc                RTC_WKUP_IRQHandler
                0x080003dc                ETH_WKUP_IRQHandler
                0x080003dc                SPI2_IRQHandler
                0x080003dc                OTG_HS_EP1_IN_IRQHandler
                0x080003dc                CAN1_TX_IRQHandler
                0x080003dc                FSMC_IRQHandler
                0x080003dc                ETH_IRQHandler
                0x080003dc                OTG_HS_EP1_OUT_IRQHandler
                0x080003dc                WWDG_IRQHandler
                0x080003dc                TIM2_IRQHandler
                0x080003dc                TIM1_TRG_COM_TIM11_IRQHandler
                0x080003dc                OTG_HS_IRQHandler
                0x080003dc                USART2_IRQHandler
                0x080003dc                I2C2_ER_IRQHandler
                0x080003dc                DMA2_Stream1_IRQHandler
                0x080003dc                CAN1_SCE_IRQHandler
                0x080003dc                FLASH_IRQHandler
                0x080003dc                DMA2_Stream4_IRQHandler
                0x080003dc                USART1_IRQHandler
                0x080003dc                DMA1_Stream4_IRQHandler
                0x080003dc                I2C1_ER_IRQHandler
                0x080003dc                DMA2_Stream6_IRQHandler
                0x080003dc                DMA1_Stream3_IRQHandler
 *fill*         0x080003de        0x2 
 .text._ZN3SPIC2EP11SPI_TypeDefP12GPIO_TypeDeft
                0x080003e0       0xc0 src\own_libraries\SPI_interface.o
                0x080003e0                SPI::SPI(SPI_TypeDef*, GPIO_TypeDef*, unsigned short)
                0x080003e0                SPI::SPI(SPI_TypeDef*, GPIO_TypeDef*, unsigned short)
 .text._ZN3SPI9ASSERT_CSEi
                0x080004a0       0x40 src\own_libraries\SPI_interface.o
                0x080004a0                SPI::ASSERT_CS(int)
 .text._ZN3SPI3CMDEhhPhS0_
                0x080004e0      0x17c src\own_libraries\SPI_interface.o
                0x080004e0                SPI::CMD(unsigned char, unsigned char, unsigned char*, unsigned char*)
 .text._ZN3SPI10W_REGISTEREhhPh
                0x0800065c       0x44 src\own_libraries\SPI_interface.o
                0x0800065c                SPI::W_REGISTER(unsigned char, unsigned char, unsigned char*)
 .text._ZN3SPI10R_REGISTEREhhPh
                0x080006a0       0x38 src\own_libraries\SPI_interface.o
                0x080006a0                SPI::R_REGISTER(unsigned char, unsigned char, unsigned char*)
 .text._ZN3SPI3NOPEv
                0x080006d8       0x24 src\own_libraries\SPI_interface.o
                0x080006d8                SPI::NOP()
 .text._ZN8REGISTERC2Ev
                0x080006fc       0x40 src\own_libraries\REGISTER.o
                0x080006fc                REGISTER::REGISTER()
                0x080006fc                REGISTER::REGISTER()
 .text._ZN8REGISTER8set_sizeEh
                0x0800073c       0x20 src\own_libraries\REGISTER.o
                0x0800073c                REGISTER::set_size(unsigned char)
 .text._ZN8REGISTER11set_addressEh
                0x0800075c       0x20 src\own_libraries\REGISTER.o
                0x0800075c                REGISTER::set_address(unsigned char)
 .text._ZN16NRF_REGISTER_MAPC2Ev
                0x0800077c      0x320 src\own_libraries\NRF_REGISTER_MAP.o
                0x0800077c                NRF_REGISTER_MAP::NRF_REGISTER_MAP()
                0x0800077c                NRF_REGISTER_MAP::NRF_REGISTER_MAP()
 .text._ZN3NRF10W_REGISTEREhhPh
                0x08000a9c       0x2c src\own_libraries\NRF24.o
                0x08000a9c                NRF::W_REGISTER(unsigned char, unsigned char, unsigned char*)
 .text._ZN3NRF10R_REGISTEREhhPh
                0x08000ac8       0x2c src\own_libraries\NRF24.o
                0x08000ac8                NRF::R_REGISTER(unsigned char, unsigned char, unsigned char*)
 .text._ZN3NRFC2EP12GPIO_TypeDeftS1_tP11SPI_TypeDefS1_tS1_tS1_tS1_t
                0x08000af4      0x228 src\own_libraries\NRF24.o
                0x08000af4                NRF::NRF(GPIO_TypeDef*, unsigned short, GPIO_TypeDef*, unsigned short, SPI_TypeDef*, GPIO_TypeDef*, unsigned short, GPIO_TypeDef*, unsigned short, GPIO_TypeDef*, unsigned short, GPIO_TypeDef*, unsigned short)
                0x08000af4                NRF::NRF(GPIO_TypeDef*, unsigned short, GPIO_TypeDef*, unsigned short, SPI_TypeDef*, GPIO_TypeDef*, unsigned short, GPIO_TypeDef*, unsigned short, GPIO_TypeDef*, unsigned short, GPIO_TypeDef*, unsigned short)
 .text._ZN3NRF9ASSERT_CEEi
                0x08000d1c       0x48 src\own_libraries\NRF24.o
                0x08000d1c                NRF::ASSERT_CE(int)
 .text._ZN3NRF5beginEv
                0x08000d64       0x94 src\own_libraries\NRF24.o
                0x08000d64                NRF::begin()
 .text._ZN3NRF12stdbyI_to_RXEh
                0x08000df8       0x7c src\own_libraries\NRF24.o
                0x08000df8                NRF::stdbyI_to_RX(unsigned char)
 .text._ZN3NRF11EN_AA_setupEh
                0x08000e74       0x40 src\own_libraries\NRF24.o
                0x08000e74                NRF::EN_AA_setup(unsigned char)
 .text._ZN3NRF15EN_RXADDR_setupEh
                0x08000eb4       0x40 src\own_libraries\NRF24.o
                0x08000eb4                NRF::EN_RXADDR_setup(unsigned char)
 .text._ZN3NRF14SETUP_AW_setupEh
                0x08000ef4       0x40 src\own_libraries\NRF24.o
                0x08000ef4                NRF::SETUP_AW_setup(unsigned char)
 .text._ZN3NRF16SETUP_RETR_setupEh
                0x08000f34       0x40 src\own_libraries\NRF24.o
                0x08000f34                NRF::SETUP_RETR_setup(unsigned char)
 .text._ZN3NRF11RF_CH_setupEh
                0x08000f74       0x40 src\own_libraries\NRF24.o
                0x08000f74                NRF::RF_CH_setup(unsigned char)
 .text._ZN3NRF14RF_SETUP_setupEh
                0x08000fb4       0x40 src\own_libraries\NRF24.o
                0x08000fb4                NRF::RF_SETUP_setup(unsigned char)
 .text._ZN3NRF16RX_ADDR_Px_setupEhPh
                0x08000ff4       0x60 src\own_libraries\NRF24.o
                0x08000ff4                NRF::RX_ADDR_Px_setup(unsigned char, unsigned char*)
 .text._ZN3NRF16RX_ADDR_P0_setupEPh
                0x08001054       0x6c src\own_libraries\NRF24.o
                0x08001054                NRF::RX_ADDR_P0_setup(unsigned char*)
 .text._ZN3NRF16RX_ADDR_P1_setupEPh
                0x080010c0       0x6c src\own_libraries\NRF24.o
                0x080010c0                NRF::RX_ADDR_P1_setup(unsigned char*)
 .text._ZN3NRF14RX_PW_Px_setupEhh
                0x0800112c       0x48 src\own_libraries\NRF24.o
                0x0800112c                NRF::RX_PW_Px_setup(unsigned char, unsigned char)
 .text._ZN3NRF10DATA_READYEv
                0x08001174       0x44 src\own_libraries\NRF24.o
                0x08001174                NRF::DATA_READY()
 .text._ZN3NRF12start_listenEv
                0x080011b8       0x18 src\own_libraries\NRF24.o
                0x080011b8                NRF::start_listen()
 .text._ZN3NRF11stop_listenEv
                0x080011d0       0x18 src\own_libraries\NRF24.o
                0x080011d0                NRF::stop_listen()
 .text._ZN3NRF7RECEIVEEPh
                0x080011e8       0x48 src\own_libraries\NRF24.o
                0x080011e8                NRF::RECEIVE(unsigned char*)
 .text._ZN3NRF12READ_RX_FIFOEPh
                0x08001230       0xd0 src\own_libraries\NRF24.o
                0x08001230                NRF::READ_RX_FIFO(unsigned char*)
 .text._ZN3NRF20GET_PIPE_FOR_READINGEv
                0x08001300       0x24 src\own_libraries\NRF24.o
                0x08001300                NRF::GET_PIPE_FOR_READING()
 .text._ZN3NRF12RX_configureEv
                0x08001324       0x50 src\own_libraries\NRF24.o
                0x08001324                NRF::RX_configure()
 .text._ZN3NRF12RX_configureEP13config_Struct
                0x08001374       0xe0 src\own_libraries\NRF24.o
                0x08001374                NRF::RX_configure(config_Struct*)
 .text._Z21TimingDelay_Decrementv
                0x08001454       0x30 src\own_libraries\CONFIG.o
                0x08001454                TimingDelay_Decrement()
 .text.SysTick_Handler
                0x08001484        0xc src\own_libraries\CONFIG.o
                0x08001484                SysTick_Handler
 .text._Z8Delay_msm
                0x08001490       0x34 src\own_libraries\CONFIG.o
                0x08001490                Delay_ms(unsigned long)
 .text._Z14GPIO_Clock_CmdP12GPIO_TypeDef15FunctionalState
                0x080014c4      0x13c src\own_libraries\CONFIG.o
                0x080014c4                GPIO_Clock_Cmd(GPIO_TypeDef*, FunctionalState)
 .text._Z13SPI_Clock_CmdP11SPI_TypeDef15FunctionalState
                0x08001600       0xe8 src\own_libraries\CONFIG.o
                0x08001600                SPI_Clock_Cmd(SPI_TypeDef*, FunctionalState)
 .text._Z14GPIO_PinSourcet
                0x080016e8       0xd4 src\own_libraries\CONFIG.o
                0x080016e8                GPIO_PinSource(unsigned short)
 .text._Z12GPIO_AF_SPIxP11SPI_TypeDef
                0x080017bc       0xa8 src\own_libraries\CONFIG.o
                0x080017bc                GPIO_AF_SPIx(SPI_TypeDef*)
 .text._Z10EXTIx_IRQnt
                0x08001864       0xd4 src\own_libraries\CONFIG.o
                0x08001864                EXTIx_IRQn(unsigned short)
 .text._Z9EXTI_Linet
                0x08001938       0xe0 src\own_libraries\CONFIG.o
                0x08001938                EXTI_Line(unsigned short)
 .text._Z15EXTI_PortSourceP12GPIO_TypeDef
                0x08001a18       0xf0 src\own_libraries\CONFIG.o
                0x08001a18                EXTI_PortSource(GPIO_TypeDef*)
 .text._Z14EXTI_PinSourcet
                0x08001b08       0xd0 src\own_libraries\CONFIG.o
                0x08001b08                EXTI_PinSource(unsigned short)
 .text.NVIC_SetPriority
                0x08001bd8       0x54 src\main.o
 .text.SysTick_Config
                0x08001c2c       0x44 src\main.o
 .text._ZN3NRF7IRQ_PinEv
                0x08001c70       0x1c src\main.o
                0x08001c70                NRF::IRQ_Pin()
 .text.main     0x08001c8c       0xdc src\main.o
                0x08001c8c                main
 .text._Z19USB_receive_and_putP3NRF
                0x08001d68       0x3c src\main.o
                0x08001d68                USB_receive_and_put(NRF*)
 .text.EXTI0_IRQHandler
                0x08001da4       0x24 src\main.o
                0x08001da4                EXTI0_IRQHandler
 .text.EXTI1_IRQHandler
                0x08001dc8       0x24 src\main.o
                0x08001dc8                EXTI1_IRQHandler
 .text.EXTI2_IRQHandler
                0x08001dec       0x24 src\main.o
                0x08001dec                EXTI2_IRQHandler
 .text.EXTI3_IRQHandler
                0x08001e10       0x24 src\main.o
                0x08001e10                EXTI3_IRQHandler
 .text.EXTI4_IRQHandler
                0x08001e34       0x24 src\main.o
                0x08001e34                EXTI4_IRQHandler
 .text.EXTI9_5_IRQHandler
                0x08001e58       0x38 src\main.o
                0x08001e58                EXTI9_5_IRQHandler
 .text.EXTI15_10_IRQHandler
                0x08001e90       0x38 src\main.o
                0x08001e90                EXTI15_10_IRQHandler
 .text.OTG_FS_IRQHandler
                0x08001ec8       0x14 src\main.o
                0x08001ec8                OTG_FS_IRQHandler
 .text.OTG_FS_WKUP_IRQHandler
                0x08001edc       0x38 src\main.o
                0x08001edc                OTG_FS_WKUP_IRQHandler
 .text.EVAL_AUDIO_TransferComplete_CallBack
                0x08001f14       0x18 src\main.o
                0x08001f14                EVAL_AUDIO_TransferComplete_CallBack
 .text.EVAL_AUDIO_GetSampleCallBack
                0x08001f2c       0x14 src\main.o
                0x08001f2c                EVAL_AUDIO_GetSampleCallBack
 .text.Audio_MAL_IRQHandler
                0x08001f40       0xf8 Utilities\STM32F4-Discovery\stm32f4_discovery_audio_codec.o
 .text.DMA1_Stream7_IRQHandler
                0x08002038        0xc Utilities\STM32F4-Discovery\stm32f4_discovery_audio_codec.o
                0x08002038                DMA1_Stream7_IRQHandler
 .text.DMA1_Stream0_IRQHandler
                0x08002044        0xc Utilities\STM32F4-Discovery\stm32f4_discovery_audio_codec.o
                0x08002044                DMA1_Stream0_IRQHandler
 .text.SPI3_IRQHandler
                0x08002050       0x44 Utilities\STM32F4-Discovery\stm32f4_discovery_audio_codec.o
                0x08002050                SPI3_IRQHandler
 .text.STM_EVAL_LEDInit
                0x08002094       0x5c Utilities\STM32F4-Discovery\stm32f4_discovery.o
                0x08002094                STM_EVAL_LEDInit
 .text.STM_EVAL_LEDOn
                0x080020f0       0x30 Utilities\STM32F4-Discovery\stm32f4_discovery.o
                0x080020f0                STM_EVAL_LEDOn
 .text.STM_EVAL_LEDOff
                0x08002120       0x30 Utilities\STM32F4-Discovery\stm32f4_discovery.o
                0x08002120                STM_EVAL_LEDOff
 .text.STM_EVAL_LEDToggle
                0x08002150       0x3c Utilities\STM32F4-Discovery\stm32f4_discovery.o
                0x08002150                STM_EVAL_LEDToggle
 .text.USBD_OTG_ISR_Handler
                0x0800218c      0x15c Libraries\usb_lib\otg\usb_dcd_int.o
                0x0800218c                USBD_OTG_ISR_Handler
 .text.DCD_HandleResume_ISR
                0x080022e8       0x80 Libraries\usb_lib\otg\usb_dcd_int.o
 .text.DCD_HandleUSBSuspend_ISR
                0x08002368       0x9c Libraries\usb_lib\otg\usb_dcd_int.o
 .text.DCD_HandleInEP_ISR
                0x08002404      0x1ec Libraries\usb_lib\otg\usb_dcd_int.o
 .text.DCD_HandleOutEP_ISR
                0x080025f0      0x178 Libraries\usb_lib\otg\usb_dcd_int.o
 .text.DCD_HandleSof_ISR
                0x08002768       0x34 Libraries\usb_lib\otg\usb_dcd_int.o
 .text.DCD_HandleRxStatusQueueLevel_ISR
                0x0800279c      0x104 Libraries\usb_lib\otg\usb_dcd_int.o
 .text.DCD_WriteEmptyTxFifo
                0x080028a0       0xe4 Libraries\usb_lib\otg\usb_dcd_int.o
 .text.DCD_HandleUsbReset_ISR
                0x08002984      0x138 Libraries\usb_lib\otg\usb_dcd_int.o
 .text.DCD_HandleEnumDone_ISR
                0x08002abc       0x78 Libraries\usb_lib\otg\usb_dcd_int.o
 .text.DCD_IsoINIncomplete_ISR
                0x08002b34       0x34 Libraries\usb_lib\otg\usb_dcd_int.o
 .text.DCD_IsoOUTIncomplete_ISR
                0x08002b68       0x34 Libraries\usb_lib\otg\usb_dcd_int.o
 .text.DCD_ReadDevInEP
                0x08002b9c       0x50 Libraries\usb_lib\otg\usb_dcd_int.o
 .text.DCD_Init
                0x08002bec      0x104 Libraries\usb_lib\otg\usb_dcd.o
                0x08002bec                DCD_Init
 .text.DCD_EP_Open
                0x08002cf0       0xac Libraries\usb_lib\otg\usb_dcd.o
                0x08002cf0                DCD_EP_Open
 .text.DCD_EP_Close
                0x08002d9c       0x74 Libraries\usb_lib\otg\usb_dcd.o
                0x08002d9c                DCD_EP_Close
 .text.DCD_EP_PrepareRx
                0x08002e10       0x84 Libraries\usb_lib\otg\usb_dcd.o
                0x08002e10                DCD_EP_PrepareRx
 .text.DCD_EP_Tx
                0x08002e94       0x78 Libraries\usb_lib\otg\usb_dcd.o
                0x08002e94                DCD_EP_Tx
 .text.DCD_EP_Stall
                0x08002f0c       0x78 Libraries\usb_lib\otg\usb_dcd.o
                0x08002f0c                DCD_EP_Stall
 .text.DCD_EP_ClrStall
                0x08002f84       0x78 Libraries\usb_lib\otg\usb_dcd.o
                0x08002f84                DCD_EP_ClrStall
 .text.DCD_EP_SetAddress
                0x08002ffc       0x3c Libraries\usb_lib\otg\usb_dcd.o
                0x08002ffc                DCD_EP_SetAddress
 .text.USB_OTG_EnableCommonInt
                0x08003038       0x44 Libraries\usb_lib\otg\usb_core.o
 .text.USB_OTG_CoreReset
                0x0800307c       0x90 Libraries\usb_lib\otg\usb_core.o
 .text.USB_OTG_WritePacket
                0x0800310c       0x78 Libraries\usb_lib\otg\usb_core.o
                0x0800310c                USB_OTG_WritePacket
 .text.USB_OTG_ReadPacket
                0x08003184       0x58 Libraries\usb_lib\otg\usb_core.o
                0x08003184                USB_OTG_ReadPacket
 .text.USB_OTG_SelectCore
                0x080031dc      0x174 Libraries\usb_lib\otg\usb_core.o
                0x080031dc                USB_OTG_SelectCore
 .text.USB_OTG_CoreInit
                0x08003350      0x1dc Libraries\usb_lib\otg\usb_core.o
                0x08003350                USB_OTG_CoreInit
 .text.USB_OTG_EnableGlobalInt
                0x0800352c       0x38 Libraries\usb_lib\otg\usb_core.o
                0x0800352c                USB_OTG_EnableGlobalInt
 .text.USB_OTG_DisableGlobalInt
                0x08003564       0x38 Libraries\usb_lib\otg\usb_core.o
                0x08003564                USB_OTG_DisableGlobalInt
 .text.USB_OTG_FlushTxFifo
                0x0800359c       0x74 Libraries\usb_lib\otg\usb_core.o
                0x0800359c                USB_OTG_FlushTxFifo
 .text.USB_OTG_FlushRxFifo
                0x08003610       0x60 Libraries\usb_lib\otg\usb_core.o
                0x08003610                USB_OTG_FlushRxFifo
 .text.USB_OTG_SetCurrentMode
                0x08003670       0x60 Libraries\usb_lib\otg\usb_core.o
                0x08003670                USB_OTG_SetCurrentMode
 .text.USB_OTG_GetMode
                0x080036d0       0x20 Libraries\usb_lib\otg\usb_core.o
                0x080036d0                USB_OTG_GetMode
 .text.USB_OTG_IsDeviceMode
                0x080036f0       0x24 Libraries\usb_lib\otg\usb_core.o
                0x080036f0                USB_OTG_IsDeviceMode
 .text.USB_OTG_ReadCoreItr
                0x08003714       0x30 Libraries\usb_lib\otg\usb_core.o
                0x08003714                USB_OTG_ReadCoreItr
 .text.USB_OTG_InitDevSpeed
                0x08003744       0x38 Libraries\usb_lib\otg\usb_core.o
                0x08003744                USB_OTG_InitDevSpeed
 .text.USB_OTG_CoreInitDev
                0x0800377c      0x264 Libraries\usb_lib\otg\usb_core.o
                0x0800377c                USB_OTG_CoreInitDev
 .text.USB_OTG_EnableDevInt
                0x080039e0       0x98 Libraries\usb_lib\otg\usb_core.o
                0x080039e0                USB_OTG_EnableDevInt
 .text.USB_OTG_GetDeviceSpeed
                0x08003a78       0x48 Libraries\usb_lib\otg\usb_core.o
                0x08003a78                USB_OTG_GetDeviceSpeed
 .text.USB_OTG_EP0Activate
                0x08003ac0       0x78 Libraries\usb_lib\otg\usb_core.o
                0x08003ac0                USB_OTG_EP0Activate
 .text.USB_OTG_EPActivate
                0x08003b38       0xdc Libraries\usb_lib\otg\usb_core.o
                0x08003b38                USB_OTG_EPActivate
 .text.USB_OTG_EPDeactivate
                0x08003c14       0x8c Libraries\usb_lib\otg\usb_core.o
                0x08003c14                USB_OTG_EPDeactivate
 .text.USB_OTG_EPStartXfer
                0x08003ca0      0x280 Libraries\usb_lib\otg\usb_core.o
                0x08003ca0                USB_OTG_EPStartXfer
 .text.USB_OTG_EP0StartXfer
                0x08003f20      0x1d4 Libraries\usb_lib\otg\usb_core.o
                0x08003f20                USB_OTG_EP0StartXfer
 .text.USB_OTG_EPSetStall
                0x080040f4       0x88 Libraries\usb_lib\otg\usb_core.o
                0x080040f4                USB_OTG_EPSetStall
 .text.USB_OTG_EPClearStall
                0x0800417c       0x78 Libraries\usb_lib\otg\usb_core.o
                0x0800417c                USB_OTG_EPClearStall
 .text.USB_OTG_ReadDevAllOutEp_itr
                0x080041f4       0x2c Libraries\usb_lib\otg\usb_core.o
                0x080041f4                USB_OTG_ReadDevAllOutEp_itr
 .text.USB_OTG_ReadDevOutEP_itr
                0x08004220       0x38 Libraries\usb_lib\otg\usb_core.o
                0x08004220                USB_OTG_ReadDevOutEP_itr
 .text.USB_OTG_ReadDevAllInEPItr
                0x08004258       0x2c Libraries\usb_lib\otg\usb_core.o
                0x08004258                USB_OTG_ReadDevAllInEPItr
 .text.USB_OTG_EP0_OutStart
                0x08004284       0x74 Libraries\usb_lib\otg\usb_core.o
                0x08004284                USB_OTG_EP0_OutStart
 .text.USB_OTG_UngateClock
                0x080042f8       0x54 Libraries\usb_lib\otg\usb_core.o
                0x080042f8                USB_OTG_UngateClock
 .text.USBD_StdDevReq
                0x0800434c       0xa0 Libraries\usb_lib\core\usbd_req.o
                0x0800434c                USBD_StdDevReq
 .text.USBD_StdItfReq
                0x080043ec       0x68 Libraries\usb_lib\core\usbd_req.o
                0x080043ec                USBD_StdItfReq
 .text.USBD_StdEPReq
                0x08004454      0x1b0 Libraries\usb_lib\core\usbd_req.o
                0x08004454                USBD_StdEPReq
 .text.USBD_GetDescriptor
                0x08004604      0x1a8 Libraries\usb_lib\core\usbd_req.o
 .text.USBD_SetAddress
                0x080047ac       0x7c Libraries\usb_lib\core\usbd_req.o
 .text.USBD_SetConfig
                0x08004828       0xf4 Libraries\usb_lib\core\usbd_req.o
 .text.USBD_GetConfig
                0x0800491c       0x60 Libraries\usb_lib\core\usbd_req.o
 .text.USBD_GetStatus
                0x0800497c       0x50 Libraries\usb_lib\core\usbd_req.o
 .text.USBD_SetFeature
                0x080049cc       0xd0 Libraries\usb_lib\core\usbd_req.o
 .text.USBD_ClrFeature
                0x08004a9c       0x50 Libraries\usb_lib\core\usbd_req.o
 .text.USBD_ParseSetupRequest
                0x08004aec       0x94 Libraries\usb_lib\core\usbd_req.o
                0x08004aec                USBD_ParseSetupRequest
 .text.USBD_CtlError
                0x08004b80       0x48 Libraries\usb_lib\core\usbd_req.o
                0x08004b80                USBD_CtlError
 .text.USBD_GetString
                0x08004bc8       0x88 Libraries\usb_lib\core\usbd_req.o
                0x08004bc8                USBD_GetString
 .text.USBD_GetLen
                0x08004c50       0x30 Libraries\usb_lib\core\usbd_req.o
 .text.USBD_CtlSendData
                0x08004c80       0x40 Libraries\usb_lib\core\usbd_ioreq.o
                0x08004c80                USBD_CtlSendData
 .text.USBD_CtlContinueSendData
                0x08004cc0       0x28 Libraries\usb_lib\core\usbd_ioreq.o
                0x08004cc0                USBD_CtlContinueSendData
 .text.USBD_CtlPrepareRx
                0x08004ce8       0x40 Libraries\usb_lib\core\usbd_ioreq.o
                0x08004ce8                USBD_CtlPrepareRx
 .text.USBD_CtlContinueRx
                0x08004d28       0x28 Libraries\usb_lib\core\usbd_ioreq.o
                0x08004d28                USBD_CtlContinueRx
 .text.USBD_CtlSendStatus
                0x08004d50       0x30 Libraries\usb_lib\core\usbd_ioreq.o
                0x08004d50                USBD_CtlSendStatus
 .text.USBD_CtlReceiveStatus
                0x08004d80       0x30 Libraries\usb_lib\core\usbd_ioreq.o
                0x08004d80                USBD_CtlReceiveStatus
 .text.USBD_Init
                0x08004db0       0x58 Libraries\usb_lib\core\usbd_core.o
                0x08004db0                USBD_Init
 .text.USBD_DeInit
                0x08004e08       0x18 Libraries\usb_lib\core\usbd_core.o
                0x08004e08                USBD_DeInit
 .text.USBD_SetupStage
                0x08004e20       0x6c Libraries\usb_lib\core\usbd_core.o
 .text.USBD_DataOutStage
                0x08004e8c       0xcc Libraries\usb_lib\core\usbd_core.o
 .text.USBD_DataInStage
                0x08004f58      0x104 Libraries\usb_lib\core\usbd_core.o
 .text.USBD_Reset
                0x0800505c       0x44 Libraries\usb_lib\core\usbd_core.o
 .text.USBD_Resume
                0x080050a0       0x24 Libraries\usb_lib\core\usbd_core.o
 .text.USBD_Suspend
                0x080050c4       0x24 Libraries\usb_lib\core\usbd_core.o
 .text.USBD_SOF
                0x080050e8       0x2c Libraries\usb_lib\core\usbd_core.o
 .text.USBD_SetCfg
                0x08005114       0x30 Libraries\usb_lib\core\usbd_core.o
                0x08005114                USBD_SetCfg
 .text.USBD_ClrCfg
                0x08005144       0x28 Libraries\usb_lib\core\usbd_core.o
                0x08005144                USBD_ClrCfg
 .text.USBD_IsoINIncomplete
                0x0800516c       0x20 Libraries\usb_lib\core\usbd_core.o
 .text.USBD_IsoOUTIncomplete
                0x0800518c       0x20 Libraries\usb_lib\core\usbd_core.o
 .text.VCP_Init
                0x080051ac       0x10 Libraries\usb_lib\cdc\usbd_cdc_vcp.o
 .text.VCP_DeInit
                0x080051bc       0x10 Libraries\usb_lib\cdc\usbd_cdc_vcp.o
 .text.VCP_Ctrl
                0x080051cc      0x110 Libraries\usb_lib\cdc\usbd_cdc_vcp.o
 .text.VCP_send_buffer
                0x080052dc       0x1c Libraries\usb_lib\cdc\usbd_cdc_vcp.o
                0x080052dc                VCP_send_buffer
 .text.VCP_DataTx
                0x080052f8       0x60 Libraries\usb_lib\cdc\usbd_cdc_vcp.o
 .text.VCP_DataRx
                0x08005358       0x70 Libraries\usb_lib\cdc\usbd_cdc_vcp.o
 .text.usbd_cdc_Init
                0x080053c8       0x84 Libraries\usb_lib\cdc\usbd_cdc_core.o
 .text.usbd_cdc_DeInit
                0x0800544c       0x38 Libraries\usb_lib\cdc\usbd_cdc_core.o
 .text.usbd_cdc_Setup
                0x08005484      0x11c Libraries\usb_lib\cdc\usbd_cdc_core.o
 .text.usbd_cdc_EP0_RxReady
                0x080055a0       0x40 Libraries\usb_lib\cdc\usbd_cdc_core.o
 .text.usbd_cdc_DataIn
                0x080055e0       0xc0 Libraries\usb_lib\cdc\usbd_cdc_core.o
 .text.usbd_cdc_DataOut
                0x080056a0       0x54 Libraries\usb_lib\cdc\usbd_cdc_core.o
 .text.usbd_cdc_SOF
                0x080056f4       0x30 Libraries\usb_lib\cdc\usbd_cdc_core.o
 .text.Handle_USBAsynchXfer
                0x08005724      0x100 Libraries\usb_lib\cdc\usbd_cdc_core.o
 .text.USBD_cdc_GetCfgDesc
                0x08005824       0x24 Libraries\usb_lib\cdc\usbd_cdc_core.o
 .text.USBD_USR_Init
                0x08005848       0x10 Libraries\usb_conf\usbd_usr.o
                0x08005848                USBD_USR_Init
 .text.USBD_USR_DeviceReset
                0x08005858       0x28 Libraries\usb_conf\usbd_usr.o
                0x08005858                USBD_USR_DeviceReset
 .text.USBD_USR_DeviceConfigured
                0x08005880       0x10 Libraries\usb_conf\usbd_usr.o
                0x08005880                USBD_USR_DeviceConfigured
 .text.USBD_USR_DeviceConnected
                0x08005890       0x10 Libraries\usb_conf\usbd_usr.o
                0x08005890                USBD_USR_DeviceConnected
 .text.USBD_USR_DeviceDisconnected
                0x080058a0       0x10 Libraries\usb_conf\usbd_usr.o
                0x080058a0                USBD_USR_DeviceDisconnected
 .text.USBD_USR_DeviceSuspended
                0x080058b0       0x10 Libraries\usb_conf\usbd_usr.o
                0x080058b0                USBD_USR_DeviceSuspended
 .text.USBD_USR_DeviceResumed
                0x080058c0       0x10 Libraries\usb_conf\usbd_usr.o
                0x080058c0                USBD_USR_DeviceResumed
 .text.USBD_USR_DeviceDescriptor
                0x080058d0       0x24 Libraries\usb_conf\usbd_desc.o
                0x080058d0                USBD_USR_DeviceDescriptor
 .text.USBD_USR_LangIDStrDescriptor
                0x080058f4       0x24 Libraries\usb_conf\usbd_desc.o
                0x080058f4                USBD_USR_LangIDStrDescriptor
 .text.USBD_USR_ProductStrDescriptor
                0x08005918       0x40 Libraries\usb_conf\usbd_desc.o
                0x08005918                USBD_USR_ProductStrDescriptor
 .text.USBD_USR_ManufacturerStrDescriptor
                0x08005958       0x28 Libraries\usb_conf\usbd_desc.o
                0x08005958                USBD_USR_ManufacturerStrDescriptor
 .text.USBD_USR_SerialStrDescriptor
                0x08005980       0x40 Libraries\usb_conf\usbd_desc.o
                0x08005980                USBD_USR_SerialStrDescriptor
 .text.USBD_USR_ConfigStrDescriptor
                0x080059c0       0x3c Libraries\usb_conf\usbd_desc.o
                0x080059c0                USBD_USR_ConfigStrDescriptor
 .text.USBD_USR_InterfaceStrDescriptor
                0x080059fc       0x3c Libraries\usb_conf\usbd_desc.o
                0x080059fc                USBD_USR_InterfaceStrDescriptor
 .text.USB_OTG_BSP_Init
                0x08005a38       0xb0 Libraries\usb_conf\usb_bsp.o
                0x08005a38                USB_OTG_BSP_Init
 .text.USB_OTG_BSP_EnableInterrupt
                0x08005ae8       0x34 Libraries\usb_conf\usb_bsp.o
                0x08005ae8                USB_OTG_BSP_EnableInterrupt
 .text.USB_OTG_BSP_uDelay
                0x08005b1c       0x48 Libraries\usb_conf\usb_bsp.o
                0x08005b1c                USB_OTG_BSP_uDelay
 .text.USB_OTG_BSP_mDelay
                0x08005b64       0x20 Libraries\usb_conf\usb_bsp.o
                0x08005b64                USB_OTG_BSP_mDelay
 .text.SYSCFG_EXTILineConfig
                0x08005b84       0x84 Libraries\STM32F4xx_StdPeriph_Driver\src\stm32f4xx_syscfg.o
                0x08005b84                SYSCFG_EXTILineConfig
 .text.SPI_Init
                0x08005c08       0x88 Libraries\STM32F4xx_StdPeriph_Driver\src\stm32f4xx_spi.o
                0x08005c08                SPI_Init
 .text.SPI_Cmd  0x08005c90       0x40 Libraries\STM32F4xx_StdPeriph_Driver\src\stm32f4xx_spi.o
                0x08005c90                SPI_Cmd
 .text.SPI_I2S_ReceiveData
                0x08005cd0       0x1c Libraries\STM32F4xx_StdPeriph_Driver\src\stm32f4xx_spi.o
                0x08005cd0                SPI_I2S_ReceiveData
 .text.SPI_I2S_SendData
                0x08005cec       0x20 Libraries\STM32F4xx_StdPeriph_Driver\src\stm32f4xx_spi.o
                0x08005cec                SPI_I2S_SendData
 .text.SPI_I2S_GetFlagStatus
                0x08005d0c       0x38 Libraries\STM32F4xx_StdPeriph_Driver\src\stm32f4xx_spi.o
                0x08005d0c                SPI_I2S_GetFlagStatus
 .text.RCC_AHB1PeriphClockCmd
                0x08005d44       0x40 Libraries\STM32F4xx_StdPeriph_Driver\src\stm32f4xx_rcc.o
                0x08005d44                RCC_AHB1PeriphClockCmd
 .text.RCC_AHB2PeriphClockCmd
                0x08005d84       0x40 Libraries\STM32F4xx_StdPeriph_Driver\src\stm32f4xx_rcc.o
                0x08005d84                RCC_AHB2PeriphClockCmd
 .text.RCC_APB1PeriphClockCmd
                0x08005dc4       0x40 Libraries\STM32F4xx_StdPeriph_Driver\src\stm32f4xx_rcc.o
                0x08005dc4                RCC_APB1PeriphClockCmd
 .text.RCC_APB2PeriphClockCmd
                0x08005e04       0x40 Libraries\STM32F4xx_StdPeriph_Driver\src\stm32f4xx_rcc.o
                0x08005e04                RCC_APB2PeriphClockCmd
 .text.RCC_APB1PeriphResetCmd
                0x08005e44       0x40 Libraries\STM32F4xx_StdPeriph_Driver\src\stm32f4xx_rcc.o
                0x08005e44                RCC_APB1PeriphResetCmd
 .text.GPIO_Init
                0x08005e84      0x11c Libraries\STM32F4xx_StdPeriph_Driver\src\stm32f4xx_gpio.o
                0x08005e84                GPIO_Init
 .text.GPIO_ReadInputDataBit
                0x08005fa0       0x34 Libraries\STM32F4xx_StdPeriph_Driver\src\stm32f4xx_gpio.o
                0x08005fa0                GPIO_ReadInputDataBit
 .text.GPIO_SetBits
                0x08005fd4       0x20 Libraries\STM32F4xx_StdPeriph_Driver\src\stm32f4xx_gpio.o
                0x08005fd4                GPIO_SetBits
 .text.GPIO_ResetBits
                0x08005ff4       0x20 Libraries\STM32F4xx_StdPeriph_Driver\src\stm32f4xx_gpio.o
                0x08005ff4                GPIO_ResetBits
 .text.GPIO_PinAFConfig
                0x08006014       0x94 Libraries\STM32F4xx_StdPeriph_Driver\src\stm32f4xx_gpio.o
                0x08006014                GPIO_PinAFConfig
 .text.EXTI_Init
                0x080060a8       0xe4 Libraries\STM32F4xx_StdPeriph_Driver\src\stm32f4xx_exti.o
                0x080060a8                EXTI_Init
 .text.EXTI_ClearITPendingBit
                0x0800618c       0x20 Libraries\STM32F4xx_StdPeriph_Driver\src\stm32f4xx_exti.o
                0x0800618c                EXTI_ClearITPendingBit
 .text.DMA_Init
                0x080061ac       0xb0 Libraries\STM32F4xx_StdPeriph_Driver\src\stm32f4xx_dma.o
                0x080061ac                DMA_Init
 .text.DMA_Cmd  0x0800625c       0x38 Libraries\STM32F4xx_StdPeriph_Driver\src\stm32f4xx_dma.o
                0x0800625c                DMA_Cmd
 .text.DMA_GetCmdStatus
                0x08006294       0x30 Libraries\STM32F4xx_StdPeriph_Driver\src\stm32f4xx_dma.o
                0x08006294                DMA_GetCmdStatus
 .text.DMA_GetFlagStatus
                0x080062c4       0x78 Libraries\STM32F4xx_StdPeriph_Driver\src\stm32f4xx_dma.o
                0x080062c4                DMA_GetFlagStatus
 .text.DMA_ClearFlag
                0x0800633c       0x5c Libraries\STM32F4xx_StdPeriph_Driver\src\stm32f4xx_dma.o
                0x0800633c                DMA_ClearFlag
 .text.DAC_SetChannel1Data
                0x08006398       0x38 Libraries\STM32F4xx_StdPeriph_Driver\src\stm32f4xx_dac.o
                0x08006398                DAC_SetChannel1Data
 .text.NVIC_PriorityGroupConfig
                0x080063d0       0x28 Libraries\STM32F4xx_StdPeriph_Driver\src\misc.o
                0x080063d0                NVIC_PriorityGroupConfig
 .text.NVIC_Init
                0x080063f8       0xc4 Libraries\STM32F4xx_StdPeriph_Driver\src\misc.o
                0x080063f8                NVIC_Init
 .text.__cxa_pure_virtual
                0x080064bc        0x6 c:/program files (x86)/atollic/truestudio for arm 5.5.1/armtools/bin/../lib/gcc/arm-atollic-eabi/5.3.1/../../../../arm-atollic-eabi/lib/armv7e-m/fpu\libstdc++_nano.a(pure.o)
                0x080064bc                __cxa_pure_virtual
 .text._ZN10__cxxabiv111__terminateEPFvvE
                0x080064c2        0x8 c:/program files (x86)/atollic/truestudio for arm 5.5.1/armtools/bin/../lib/gcc/arm-atollic-eabi/5.3.1/../../../../arm-atollic-eabi/lib/armv7e-m/fpu\libstdc++_nano.a(eh_terminate.o)
                0x080064c2                __cxxabiv1::__terminate(void (*)())
 *fill*         0x080064ca        0x2 
 .text._ZSt13get_terminatev
                0x080064cc       0x10 c:/program files (x86)/atollic/truestudio for arm 5.5.1/armtools/bin/../lib/gcc/arm-atollic-eabi/5.3.1/../../../../arm-atollic-eabi/lib/armv7e-m/fpu\libstdc++_nano.a(eh_terminate.o)
                0x080064cc                std::get_terminate()
 .text._ZSt9terminatev
                0x080064dc        0xa c:/program files (x86)/atollic/truestudio for arm 5.5.1/armtools/bin/../lib/gcc/arm-atollic-eabi/5.3.1/../../../../arm-atollic-eabi/lib/armv7e-m/fpu\libstdc++_nano.a(eh_terminate.o)
                0x080064dc                std::terminate()
 .text.abort    0x080064e6        0xe c:/program files (x86)/atollic/truestudio for arm 5.5.1/armtools/bin/../lib/gcc/arm-atollic-eabi/5.3.1/../../../../arm-atollic-eabi/lib/armv7e-m/fpu\libc_nano.a(lib_a-abort.o)
                0x080064e6                abort
 .text.__libc_init_array
                0x080064f4       0x4c c:/program files (x86)/atollic/truestudio for arm 5.5.1/armtools/bin/../lib/gcc/arm-atollic-eabi/5.3.1/../../../../arm-atollic-eabi/lib/armv7e-m/fpu\libc_nano.a(lib_a-init.o)
                0x080064f4                __libc_init_array
 .text._raise_r
                0x08006540       0x54 c:/program files (x86)/atollic/truestudio for arm 5.5.1/armtools/bin/../lib/gcc/arm-atollic-eabi/5.3.1/../../../../arm-atollic-eabi/lib/armv7e-m/fpu\libc_nano.a(lib_a-signal.o)
                0x08006540                _raise_r
 .text.raise    0x08006594       0x10 c:/program files (x86)/atollic/truestudio for arm 5.5.1/armtools/bin/../lib/gcc/arm-atollic-eabi/5.3.1/../../../../arm-atollic-eabi/lib/armv7e-m/fpu\libc_nano.a(lib_a-signal.o)
                0x08006594                raise
 .text._kill_r  0x080065a4       0x24 c:/program files (x86)/atollic/truestudio for arm 5.5.1/armtools/bin/../lib/gcc/arm-atollic-eabi/5.3.1/../../../../arm-atollic-eabi/lib/armv7e-m/fpu\libc_nano.a(lib_a-signalr.o)
                0x080065a4                _kill_r
 .text._getpid_r
                0x080065c8        0x4 c:/program files (x86)/atollic/truestudio for arm 5.5.1/armtools/bin/../lib/gcc/arm-atollic-eabi/5.3.1/../../../../arm-atollic-eabi/lib/armv7e-m/fpu\libc_nano.a(lib_a-signalr.o)
                0x080065c8                _getpid_r
 .text._getpid  0x080065cc       0x10 c:/program files (x86)/atollic/truestudio for arm 5.5.1/armtools/bin/../lib/gcc/arm-atollic-eabi/5.3.1/../../../../arm-atollic-eabi/lib/armv7e-m/fpu\libnosys.a(getpid.o)
                0x080065cc                _getpid
 .text._kill    0x080065dc       0x10 c:/program files (x86)/atollic/truestudio for arm 5.5.1/armtools/bin/../lib/gcc/arm-atollic-eabi/5.3.1/../../../../arm-atollic-eabi/lib/armv7e-m/fpu\libnosys.a(kill.o)
                0x080065dc                _kill
 .text._exit    0x080065ec        0x2 c:/program files (x86)/atollic/truestudio for arm 5.5.1/armtools/bin/../lib/gcc/arm-atollic-eabi/5.3.1/../../../../arm-atollic-eabi/lib/armv7e-m/fpu\libnosys.a(_exit.o)
                0x080065ec                _exit
 *(.glue_7)
 .glue_7        0x080065ee        0x0 linker stubs
 *(.glue_7t)
 .glue_7t       0x080065ee        0x0 linker stubs
 *(.eh_frame)
 *fill*         0x080065ee        0x2 
 .eh_frame      0x080065f0        0x0 c:/program files (x86)/atollic/truestudio for arm 5.5.1/armtools/bin/../lib/gcc/arm-atollic-eabi/5.3.1/armv7e-m/fpu/crtbegin.o
 *(.init)
 .init          0x080065f0        0x4 c:/program files (x86)/atollic/truestudio for arm 5.5.1/armtools/bin/../lib/gcc/arm-atollic-eabi/5.3.1/armv7e-m/fpu/crti.o
                0x080065f0                _init
 .init          0x080065f4        0x8 c:/program files (x86)/atollic/truestudio for arm 5.5.1/armtools/bin/../lib/gcc/arm-atollic-eabi/5.3.1/armv7e-m/fpu/crtn.o
 *(.fini)
 .fini          0x080065fc        0x4 c:/program files (x86)/atollic/truestudio for arm 5.5.1/armtools/bin/../lib/gcc/arm-atollic-eabi/5.3.1/armv7e-m/fpu/crti.o
                0x080065fc                _fini
 .fini          0x08006600        0x8 c:/program files (x86)/atollic/truestudio for arm 5.5.1/armtools/bin/../lib/gcc/arm-atollic-eabi/5.3.1/armv7e-m/fpu/crtn.o
                0x08006608                . = ALIGN (0x4)
                0x08006608                _etext = .

.vfp11_veneer   0x08006608        0x0
 .vfp11_veneer  0x08006608        0x0 linker stubs

.v4_bx          0x08006608        0x0
 .v4_bx         0x08006608        0x0 linker stubs

.iplt           0x08006608        0x0
 .iplt          0x08006608        0x0 c:/program files (x86)/atollic/truestudio for arm 5.5.1/armtools/bin/../lib/gcc/arm-atollic-eabi/5.3.1/armv7e-m/fpu/crtbegin.o

.rodata         0x08006608       0xdc
                0x08006608                . = ALIGN (0x4)
 *(.rodata)
 .rodata        0x08006608        0x5 src\own_libraries\NRF24.o
 *fill*         0x0800660d        0x3 
 .rodata        0x08006610       0x96 Libraries\usb_conf\usbd_desc.o
 *(.rodata*)
 *fill*         0x080066a6        0x2 
 .rodata._ZTV16NRF_REGISTER_MAP
                0x080066a8       0x10 src\own_libraries\NRF_REGISTER_MAP.o
                0x080066a8                vtable for NRF_REGISTER_MAP
 .rodata._ZTV3NRF
                0x080066b8       0x10 src\own_libraries\NRF24.o
                0x080066b8                vtable for NRF
 .rodata.GPIO_PIN
                0x080066c8        0x8 Utilities\STM32F4-Discovery\stm32f4_discovery.o
                0x080066c8                GPIO_PIN
 .rodata.GPIO_CLK
                0x080066d0       0x10 Utilities\STM32F4-Discovery\stm32f4_discovery.o
                0x080066d0                GPIO_CLK
 .rodata.str1.1
                0x080066e0        0x2 c:/program files (x86)/atollic/truestudio for arm 5.5.1/armtools/bin/../lib/gcc/arm-atollic-eabi/5.3.1/../../../../arm-atollic-eabi/lib/armv7e-m/fpu\libc_nano.a(lib_a-impure.o)
                0x080066e4                . = ALIGN (0x4)
 *fill*         0x080066e2        0x2 

.rel.dyn        0x080066e4        0x0
 .rel.iplt      0x080066e4        0x0 c:/program files (x86)/atollic/truestudio for arm 5.5.1/armtools/bin/../lib/gcc/arm-atollic-eabi/5.3.1/armv7e-m/fpu/crtbegin.o

.ARM.extab
 *(.ARM.extab* .gnu.linkonce.armextab.*)

.ARM            0x080066e4        0x0
                0x080066e4                __exidx_start = .
 *(.ARM.exidx*)
                0x080066e4                __exidx_end = .

.preinit_array  0x080066e4        0x0
                0x080066e4                PROVIDE (__preinit_array_start, .)
 *(.preinit_array*)
                0x080066e4                PROVIDE (__preinit_array_end, .)

.init_array     0x080066e4        0x4
                0x080066e4                PROVIDE (__init_array_start, .)
 *(SORT(.init_array.*))
 *(.init_array*)
 .init_array    0x080066e4        0x4 c:/program files (x86)/atollic/truestudio for arm 5.5.1/armtools/bin/../lib/gcc/arm-atollic-eabi/5.3.1/armv7e-m/fpu/crtbegin.o
                0x080066e8                PROVIDE (__init_array_end, .)

.fini_array     0x080066e8        0x4
                [!provide]                PROVIDE (__fini_array_start, .)
 *(SORT(.fini_array.*))
 *(.fini_array*)
 .fini_array    0x080066e8        0x4 c:/program files (x86)/atollic/truestudio for arm 5.5.1/armtools/bin/../lib/gcc/arm-atollic-eabi/5.3.1/armv7e-m/fpu/crtbegin.o
                [!provide]                PROVIDE (__fini_array_end, .)
                0x080066ec                _sidata = LOADADDR (.data)

.data           0x20000000      0x19c load address 0x080066ec
                0x20000000                . = ALIGN (0x4)
                0x20000000                _sdata = .
 *(.data)
 *(.data*)
 .data.SystemCoreClock
                0x20000000        0x4 src\system_stm32f4xx.o
                0x20000000                SystemCoreClock
 .data.AudioRemSize
                0x20000004        0x4 Utilities\STM32F4-Discovery\stm32f4_discovery_audio_codec.o
                0x20000004                AudioRemSize
 .data.CurrAudioInterface
                0x20000008        0x4 Utilities\STM32F4-Discovery\stm32f4_discovery_audio_codec.o
                0x20000008                CurrAudioInterface
 .data.AUDIO_MAL_DMA_STREAM
                0x2000000c        0x4 Utilities\STM32F4-Discovery\stm32f4_discovery_audio_codec.o
                0x2000000c                AUDIO_MAL_DMA_STREAM
 .data.AUDIO_MAL_DMA_FLAG_TC
                0x20000010        0x4 Utilities\STM32F4-Discovery\stm32f4_discovery_audio_codec.o
                0x20000010                AUDIO_MAL_DMA_FLAG_TC
 .data.GPIO_PORT
                0x20000014       0x10 Utilities\STM32F4-Discovery\stm32f4_discovery.o
                0x20000014                GPIO_PORT
 .data.USBD_DCD_INT_cb
                0x20000024       0x2c Libraries\usb_lib\core\usbd_core.o
                0x20000024                USBD_DCD_INT_cb
 .data.USBD_DCD_INT_fops
                0x20000050        0x4 Libraries\usb_lib\core\usbd_core.o
                0x20000050                USBD_DCD_INT_fops
 .data.linecoding
                0x20000054        0x8 Libraries\usb_lib\cdc\usbd_cdc_vcp.o
                0x20000054                linecoding
 .data.VCP_fops
                0x2000005c       0x14 Libraries\usb_lib\cdc\usbd_cdc_vcp.o
                0x2000005c                VCP_fops
 .data.usbd_cdc_CfgDesc
                0x20000070       0x43 Libraries\usb_lib\cdc\usbd_cdc_core.o
                0x20000070                usbd_cdc_CfgDesc
 *fill*         0x200000b3        0x1 
 .data.cdcCmd   0x200000b4        0x4 Libraries\usb_lib\cdc\usbd_cdc_core.o
 .data.USBD_CDC_cb
                0x200000b8       0x2c Libraries\usb_lib\cdc\usbd_cdc_core.o
                0x200000b8                USBD_CDC_cb
 .data.USR_cb   0x200000e4       0x1c Libraries\usb_conf\usbd_usr.o
                0x200000e4                USR_cb
 .data.USR_desc
                0x20000100       0x1c Libraries\usb_conf\usbd_desc.o
                0x20000100                USR_desc
 .data.USBD_DeviceDesc
                0x2000011c       0x12 Libraries\usb_conf\usbd_desc.o
                0x2000011c                USBD_DeviceDesc
 *fill*         0x2000012e        0x2 
 .data.USBD_LangIDDesc
                0x20000130        0x4 Libraries\usb_conf\usbd_desc.o
                0x20000130                USBD_LangIDDesc
 .data._ZN10__cxxabiv119__terminate_handlerE
                0x20000134        0x4 c:/program files (x86)/atollic/truestudio for arm 5.5.1/armtools/bin/../lib/gcc/arm-atollic-eabi/5.3.1/../../../../arm-atollic-eabi/lib/armv7e-m/fpu\libstdc++_nano.a(eh_term_handler.o)
                0x20000134                __cxxabiv1::__terminate_handler
 .data.impure_data
                0x20000138       0x60 c:/program files (x86)/atollic/truestudio for arm 5.5.1/armtools/bin/../lib/gcc/arm-atollic-eabi/5.3.1/../../../../arm-atollic-eabi/lib/armv7e-m/fpu\libc_nano.a(lib_a-impure.o)
 .data._impure_ptr
                0x20000198        0x4 c:/program files (x86)/atollic/truestudio for arm 5.5.1/armtools/bin/../lib/gcc/arm-atollic-eabi/5.3.1/../../../../arm-atollic-eabi/lib/armv7e-m/fpu\libc_nano.a(lib_a-impure.o)
                0x20000198                _impure_ptr
                0x2000019c                . = ALIGN (0x4)
                0x2000019c                _edata = .
                0x08006888                _siccmram = LOADADDR (.ccmram)

.igot.plt       0x2000019c        0x0 load address 0x08006888
 .igot.plt      0x2000019c        0x0 c:/program files (x86)/atollic/truestudio for arm 5.5.1/armtools/bin/../lib/gcc/arm-atollic-eabi/5.3.1/armv7e-m/fpu/crtbegin.o

.ccmram         0x10000000        0x0 load address 0x08006888
                0x10000000                . = ALIGN (0x4)
                0x10000000                _sccmram = .
 *(.ccmram)
 *(.ccmram*)
                0x10000000                . = ALIGN (0x4)
                0x10000000                _eccmram = .
                0x10000000                . = ALIGN (0x4)

.bss            0x2000019c     0x1020
                0x2000019c                _sbss = .
                0x2000019c                __bss_start__ = _sbss
 *(.bss)
 .bss           0x2000019c       0x1c c:/program files (x86)/atollic/truestudio for arm 5.5.1/armtools/bin/../lib/gcc/arm-atollic-eabi/5.3.1/armv7e-m/fpu/crtbegin.o
 *(.bss*)
 .bss._ZL11TimingDelay
                0x200001b8        0x4 src\own_libraries\CONFIG.o
 .bss.USB_OTG_dev
                0x200001bc      0x5f0 src\main.o
                0x200001bc                USB_OTG_dev
 .bss.radio_ptr
                0x200007ac        0x4 src\main.o
                0x200007ac                radio_ptr
 .bss._ZZ19USB_receive_and_putP3NRFE4data
                0x200007b0        0x5 src\main.o
 *fill*         0x200007b5        0x3 
 .bss.USBD_ep_status
                0x200007b8        0x4 Libraries\usb_lib\core\usbd_req.o
                0x200007b8                USBD_ep_status
 .bss.USBD_default_cfg
                0x200007bc        0x4 Libraries\usb_lib\core\usbd_req.o
                0x200007bc                USBD_default_cfg
 .bss.USBD_cfg_status
                0x200007c0        0x4 Libraries\usb_lib\core\usbd_req.o
                0x200007c0                USBD_cfg_status
 .bss.cfgidx.8753
                0x200007c4        0x1 Libraries\usb_lib\core\usbd_req.o
 *fill*         0x200007c5        0x3 
 .bss.usbd_cdc_AltSet
                0x200007c8        0x4 Libraries\usb_lib\cdc\usbd_cdc_core.o
 .bss.APP_Rx_ptr_in
                0x200007cc        0x4 Libraries\usb_lib\cdc\usbd_cdc_core.o
                0x200007cc                APP_Rx_ptr_in
 .bss.APP_Rx_ptr_out
                0x200007d0        0x4 Libraries\usb_lib\cdc\usbd_cdc_core.o
                0x200007d0                APP_Rx_ptr_out
 .bss.APP_Rx_length
                0x200007d4        0x4 Libraries\usb_lib\cdc\usbd_cdc_core.o
                0x200007d4                APP_Rx_length
 .bss.USB_Tx_State
                0x200007d8        0x1 Libraries\usb_lib\cdc\usbd_cdc_core.o
                0x200007d8                USB_Tx_State
 *fill*         0x200007d9        0x3 
 .bss.cdcLen    0x200007dc        0x4 Libraries\usb_lib\cdc\usbd_cdc_core.o
 .bss.FrameCount.8747
                0x200007e0        0x4 Libraries\usb_lib\cdc\usbd_cdc_core.o
 *(COMMON)
 COMMON         0x200007e4       0x7c Utilities\STM32F4-Discovery\stm32f4_discovery_audio_codec.o
                0x200007e4                CurrentPos
                0x200007e8                AUDIO_MAL_DMA_InitStructure
                0x20000824                DMA_InitStructure
 COMMON         0x20000860       0x32 Libraries\usb_lib\core\usbd_req.o
                0x20000860                USBD_StrDesc
 *fill*         0x20000892        0x2 
 COMMON         0x20000894       0x98 Libraries\usb_lib\cdc\usbd_cdc_vcp.o
                0x20000894                APP_Tx_Buffer
                0x20000914                APP_tx_ptr_tail
                0x20000918                USART_InitStructure
                0x20000928                APP_tx_ptr_head
 COMMON         0x2000092c      0x88c Libraries\usb_lib\cdc\usbd_cdc_core.o
                0x2000092c                usbd_cdc_OtherCfgDesc
                0x20000970                USB_Rx_Buffer
                0x200009b0                CmdBuff
                0x200009b8                APP_Rx_Buffer
 COMMON         0x200011b8        0x4 c:/program files (x86)/atollic/truestudio for arm 5.5.1/armtools/bin/../lib/gcc/arm-atollic-eabi/5.3.1/../../../../arm-atollic-eabi/lib/armv7e-m/fpu\libc_nano.a(lib_a-reent.o)
                0x200011b8                errno
                0x200011bc                . = ALIGN (0x4)
                0x200011bc                _ebss = .
                0x200011bc                __bss_end__ = _ebss

._user_heap_stack
                0x200011bc      0x400
                0x200011bc                . = ALIGN (0x4)
                0x200011bc                PROVIDE (end, .)
                [!provide]                PROVIDE (_end, .)
                0x200011bc                . = (. + _Min_Heap_Size)
                0x200015bc                . = (. + _Min_Stack_Size)
 *fill*         0x200011bc      0x400 
                0x200015bc                . = ALIGN (0x4)

.memory_b1_text
 *(.mb1text)
 *(.mb1text*)
 *(.mb1rodata)
 *(.mb1rodata*)

/DISCARD/
 libc.a(*)
 libm.a(*)
 libgcc.a(*)

.ARM.attributes
                0x00000000       0x30
 *(.ARM.attributes)
 .ARM.attributes
                0x00000000       0x22 c:/program files (x86)/atollic/truestudio for arm 5.5.1/armtools/bin/../lib/gcc/arm-atollic-eabi/5.3.1/armv7e-m/fpu/crti.o
 .ARM.attributes
                0x00000022       0x34 c:/program files (x86)/atollic/truestudio for arm 5.5.1/armtools/bin/../lib/gcc/arm-atollic-eabi/5.3.1/armv7e-m/fpu/crtbegin.o
 .ARM.attributes
                0x00000056       0x39 src\system_stm32f4xx.o
 .ARM.attributes
                0x0000008f       0x39 src\stm32f4xx_it.o
 .ARM.attributes
                0x000000c8       0x21 src\startup_stm32f40xx.o
 .ARM.attributes
                0x000000e9       0x39 src\own_libraries\SPI_interface.o
 .ARM.attributes
                0x00000122       0x39 src\own_libraries\REGISTER.o
 .ARM.attributes
                0x0000015b       0x39 src\own_libraries\NRF_REGISTER_MAP.o
 .ARM.attributes
                0x00000194       0x39 src\own_libraries\NRF24.o
 .ARM.attributes
                0x000001cd       0x39 src\own_libraries\CONFIG.o
 .ARM.attributes
                0x00000206       0x39 src\main.o
 .ARM.attributes
                0x0000023f       0x39 Utilities\STM32F4-Discovery\stm32f4_discovery_audio_codec.o
 .ARM.attributes
                0x00000278       0x39 Utilities\STM32F4-Discovery\stm32f4_discovery.o
 .ARM.attributes
                0x000002b1       0x39 Libraries\usb_lib\otg\usb_dcd_int.o
 .ARM.attributes
                0x000002ea       0x39 Libraries\usb_lib\otg\usb_dcd.o
 .ARM.attributes
                0x00000323       0x39 Libraries\usb_lib\otg\usb_core.o
 .ARM.attributes
                0x0000035c       0x39 Libraries\usb_lib\core\usbd_req.o
 .ARM.attributes
                0x00000395       0x39 Libraries\usb_lib\core\usbd_ioreq.o
 .ARM.attributes
                0x000003ce       0x39 Libraries\usb_lib\core\usbd_core.o
 .ARM.attributes
                0x00000407       0x39 Libraries\usb_lib\cdc\usbd_cdc_vcp.o
 .ARM.attributes
                0x00000440       0x39 Libraries\usb_lib\cdc\usbd_cdc_core.o
 .ARM.attributes
                0x00000479       0x39 Libraries\usb_conf\usbd_usr.o
 .ARM.attributes
                0x000004b2       0x39 Libraries\usb_conf\usbd_desc.o
 .ARM.attributes
                0x000004eb       0x39 Libraries\usb_conf\usb_bsp.o
 .ARM.attributes
                0x00000524       0x39 Libraries\STM32F4xx_StdPeriph_Driver\src\stm32f4xx_syscfg.o
 .ARM.attributes
                0x0000055d       0x39 Libraries\STM32F4xx_StdPeriph_Driver\src\stm32f4xx_spi.o
 .ARM.attributes
                0x00000596       0x39 Libraries\STM32F4xx_StdPeriph_Driver\src\stm32f4xx_rcc.o
 .ARM.attributes
                0x000005cf       0x39 Libraries\STM32F4xx_StdPeriph_Driver\src\stm32f4xx_gpio.o
 .ARM.attributes
                0x00000608       0x39 Libraries\STM32F4xx_StdPeriph_Driver\src\stm32f4xx_exti.o
 .ARM.attributes
                0x00000641       0x39 Libraries\STM32F4xx_StdPeriph_Driver\src\stm32f4xx_dma.o
 .ARM.attributes
                0x0000067a       0x39 Libraries\STM32F4xx_StdPeriph_Driver\src\stm32f4xx_dac.o
 .ARM.attributes
                0x000006b3       0x39 Libraries\STM32F4xx_StdPeriph_Driver\src\misc.o
 .ARM.attributes
                0x000006ec       0x34 c:/program files (x86)/atollic/truestudio for arm 5.5.1/armtools/bin/../lib/gcc/arm-atollic-eabi/5.3.1/../../../../arm-atollic-eabi/lib/armv7e-m/fpu\libstdc++_nano.a(pure.o)
 .ARM.attributes
                0x00000720       0x34 c:/program files (x86)/atollic/truestudio for arm 5.5.1/armtools/bin/../lib/gcc/arm-atollic-eabi/5.3.1/../../../../arm-atollic-eabi/lib/armv7e-m/fpu\libstdc++_nano.a(eh_terminate.o)
 .ARM.attributes
                0x00000754       0x34 c:/program files (x86)/atollic/truestudio for arm 5.5.1/armtools/bin/../lib/gcc/arm-atollic-eabi/5.3.1/../../../../arm-atollic-eabi/lib/armv7e-m/fpu\libstdc++_nano.a(eh_term_handler.o)
 .ARM.attributes
                0x00000788       0x34 c:/program files (x86)/atollic/truestudio for arm 5.5.1/armtools/bin/../lib/gcc/arm-atollic-eabi/5.3.1/../../../../arm-atollic-eabi/lib/armv7e-m/fpu\libc_nano.a(lib_a-abort.o)
 .ARM.attributes
                0x000007bc       0x34 c:/program files (x86)/atollic/truestudio for arm 5.5.1/armtools/bin/../lib/gcc/arm-atollic-eabi/5.3.1/../../../../arm-atollic-eabi/lib/armv7e-m/fpu\libc_nano.a(lib_a-init.o)
 .ARM.attributes
                0x000007f0       0x34 c:/program files (x86)/atollic/truestudio for arm 5.5.1/armtools/bin/../lib/gcc/arm-atollic-eabi/5.3.1/../../../../arm-atollic-eabi/lib/armv7e-m/fpu\libc_nano.a(lib_a-signal.o)
 .ARM.attributes
                0x00000824       0x34 c:/program files (x86)/atollic/truestudio for arm 5.5.1/armtools/bin/../lib/gcc/arm-atollic-eabi/5.3.1/../../../../arm-atollic-eabi/lib/armv7e-m/fpu\libc_nano.a(lib_a-signalr.o)
 .ARM.attributes
                0x00000858       0x34 c:/program files (x86)/atollic/truestudio for arm 5.5.1/armtools/bin/../lib/gcc/arm-atollic-eabi/5.3.1/../../../../arm-atollic-eabi/lib/armv7e-m/fpu\libc_nano.a(lib_a-impure.o)
 .ARM.attributes
                0x0000088c       0x34 c:/program files (x86)/atollic/truestudio for arm 5.5.1/armtools/bin/../lib/gcc/arm-atollic-eabi/5.3.1/../../../../arm-atollic-eabi/lib/armv7e-m/fpu\libc_nano.a(lib_a-reent.o)
 .ARM.attributes
                0x000008c0       0x34 c:/program files (x86)/atollic/truestudio for arm 5.5.1/armtools/bin/../lib/gcc/arm-atollic-eabi/5.3.1/../../../../arm-atollic-eabi/lib/armv7e-m/fpu\libnosys.a(getpid.o)
 .ARM.attributes
                0x000008f4       0x34 c:/program files (x86)/atollic/truestudio for arm 5.5.1/armtools/bin/../lib/gcc/arm-atollic-eabi/5.3.1/../../../../arm-atollic-eabi/lib/armv7e-m/fpu\libnosys.a(kill.o)
 .ARM.attributes
                0x00000928       0x34 c:/program files (x86)/atollic/truestudio for arm 5.5.1/armtools/bin/../lib/gcc/arm-atollic-eabi/5.3.1/../../../../arm-atollic-eabi/lib/armv7e-m/fpu\libnosys.a(_exit.o)
 .ARM.attributes
                0x0000095c       0x22 c:/program files (x86)/atollic/truestudio for arm 5.5.1/armtools/bin/../lib/gcc/arm-atollic-eabi/5.3.1/armv7e-m/fpu/crtn.o
OUTPUT(USB+RX_unif_functions.elf elf32-littlearm)

.debug_info     0x00000000    0x1498d
 .debug_info    0x00000000      0x5d6 src\system_stm32f4xx.o
 .debug_info    0x000005d6      0x122 src\stm32f4xx_it.o
 .debug_info    0x000006f8       0x90 src\startup_stm32f40xx.o
 .debug_info    0x00000788      0xa09 src\own_libraries\SPI_interface.o
 .debug_info    0x00001191      0x2a0 src\own_libraries\REGISTER.o
 .debug_info    0x00001431      0x4af src\own_libraries\NRF_REGISTER_MAP.o
 .debug_info    0x000018e0     0x1bb5 src\own_libraries\NRF24.o
 .debug_info    0x00003495      0x8a7 src\own_libraries\CONFIG.o
 .debug_info    0x00003d3c     0x14f6 src\main.o
 .debug_info    0x00005232     0x109e Utilities\STM32F4-Discovery\stm32f4_discovery_audio_codec.o
 .debug_info    0x000062d0      0x8b6 Utilities\STM32F4-Discovery\stm32f4_discovery.o
 .debug_info    0x00006b86     0x1dad Libraries\usb_lib\otg\usb_dcd_int.o
 .debug_info    0x00008933     0x103a Libraries\usb_lib\otg\usb_dcd.o
 .debug_info    0x0000996d     0x253e Libraries\usb_lib\otg\usb_core.o
 .debug_info    0x0000beab      0xfb6 Libraries\usb_lib\core\usbd_req.o
 .debug_info    0x0000ce61      0xcd2 Libraries\usb_lib\core\usbd_ioreq.o
 .debug_info    0x0000db33      0xeb4 Libraries\usb_lib\core\usbd_core.o
 .debug_info    0x0000e9e7      0x4b6 Libraries\usb_lib\cdc\usbd_cdc_vcp.o
 .debug_info    0x0000ee9d      0xf0d Libraries\usb_lib\cdc\usbd_cdc_core.o
 .debug_info    0x0000fdaa      0x1cf Libraries\usb_conf\usbd_usr.o
 .debug_info    0x0000ff79      0x367 Libraries\usb_conf\usbd_desc.o
 .debug_info    0x000102e0     0x1031 Libraries\usb_conf\usb_bsp.o
 .debug_info    0x00011311      0x278 Libraries\STM32F4xx_StdPeriph_Driver\src\stm32f4xx_syscfg.o
 .debug_info    0x00011589      0xb13 Libraries\STM32F4xx_StdPeriph_Driver\src\stm32f4xx_spi.o
 .debug_info    0x0001209c      0xc8d Libraries\STM32F4xx_StdPeriph_Driver\src\stm32f4xx_rcc.o
 .debug_info    0x00012d29      0x621 Libraries\STM32F4xx_StdPeriph_Driver\src\stm32f4xx_gpio.o
 .debug_info    0x0001334a      0x35b Libraries\STM32F4xx_StdPeriph_Driver\src\stm32f4xx_exti.o
 .debug_info    0x000136a5      0x745 Libraries\STM32F4xx_StdPeriph_Driver\src\stm32f4xx_dma.o
 .debug_info    0x00013dea      0x649 Libraries\STM32F4xx_StdPeriph_Driver\src\stm32f4xx_dac.o
 .debug_info    0x00014433      0x55a Libraries\STM32F4xx_StdPeriph_Driver\src\misc.o

.debug_abbrev   0x00000000     0x3700
 .debug_abbrev  0x00000000      0x13a src\system_stm32f4xx.o
 .debug_abbrev  0x0000013a       0x67 src\stm32f4xx_it.o
 .debug_abbrev  0x000001a1       0x12 src\startup_stm32f40xx.o
 .debug_abbrev  0x000001b3      0x256 src\own_libraries\SPI_interface.o
 .debug_abbrev  0x00000409      0x18a src\own_libraries\REGISTER.o
 .debug_abbrev  0x00000593      0x23c src\own_libraries\NRF_REGISTER_MAP.o
 .debug_abbrev  0x000007cf      0x434 src\own_libraries\NRF24.o
 .debug_abbrev  0x00000c03      0x211 src\own_libraries\CONFIG.o
 .debug_abbrev  0x00000e14      0x2f1 src\main.o
 .debug_abbrev  0x00001105      0x267 Utilities\STM32F4-Discovery\stm32f4_discovery_audio_codec.o
 .debug_abbrev  0x0000136c      0x194 Utilities\STM32F4-Discovery\stm32f4_discovery.o
 .debug_abbrev  0x00001500      0x25f Libraries\usb_lib\otg\usb_dcd_int.o
 .debug_abbrev  0x0000175f      0x25d Libraries\usb_lib\otg\usb_dcd.o
 .debug_abbrev  0x000019bc      0x2ed Libraries\usb_lib\otg\usb_core.o
 .debug_abbrev  0x00001ca9      0x297 Libraries\usb_lib\core\usbd_req.o
 .debug_abbrev  0x00001f40      0x1b3 Libraries\usb_lib\core\usbd_ioreq.o
 .debug_abbrev  0x000020f3      0x221 Libraries\usb_lib\core\usbd_core.o
 .debug_abbrev  0x00002314      0x18d Libraries\usb_lib\cdc\usbd_cdc_vcp.o
 .debug_abbrev  0x000024a1      0x219 Libraries\usb_lib\cdc\usbd_cdc_core.o
 .debug_abbrev  0x000026ba       0xdf Libraries\usb_conf\usbd_usr.o
 .debug_abbrev  0x00002799      0x12e Libraries\usb_conf\usbd_desc.o
 .debug_abbrev  0x000028c7      0x23c Libraries\usb_conf\usb_bsp.o
 .debug_abbrev  0x00002b03      0x135 Libraries\STM32F4xx_StdPeriph_Driver\src\stm32f4xx_syscfg.o
 .debug_abbrev  0x00002c38      0x16b Libraries\STM32F4xx_StdPeriph_Driver\src\stm32f4xx_spi.o
 .debug_abbrev  0x00002da3      0x1e7 Libraries\STM32F4xx_StdPeriph_Driver\src\stm32f4xx_rcc.o
 .debug_abbrev  0x00002f8a      0x1a9 Libraries\STM32F4xx_StdPeriph_Driver\src\stm32f4xx_gpio.o
 .debug_abbrev  0x00003133      0x1ab Libraries\STM32F4xx_StdPeriph_Driver\src\stm32f4xx_exti.o
 .debug_abbrev  0x000032de      0x159 Libraries\STM32F4xx_StdPeriph_Driver\src\stm32f4xx_dma.o
 .debug_abbrev  0x00003437      0x180 Libraries\STM32F4xx_StdPeriph_Driver\src\stm32f4xx_dac.o
 .debug_abbrev  0x000035b7      0x149 Libraries\STM32F4xx_StdPeriph_Driver\src\misc.o

.debug_aranges  0x00000000      0xf90
 .debug_aranges
                0x00000000       0x30 src\system_stm32f4xx.o
 .debug_aranges
                0x00000030       0x58 src\stm32f4xx_it.o
 .debug_aranges
                0x00000088       0x28 src\startup_stm32f40xx.o
 .debug_aranges
                0x000000b0       0x78 src\own_libraries\SPI_interface.o
 .debug_aranges
                0x00000128       0x40 src\own_libraries\REGISTER.o
 .debug_aranges
                0x00000168       0x28 src\own_libraries\NRF_REGISTER_MAP.o
 .debug_aranges
                0x00000190      0x110 src\own_libraries\NRF24.o
 .debug_aranges
                0x000002a0       0x80 src\own_libraries\CONFIG.o
 .debug_aranges
                0x00000320       0x98 src\main.o
 .debug_aranges
                0x000003b8      0x130 Utilities\STM32F4-Discovery\stm32f4_discovery_audio_codec.o
 .debug_aranges
                0x000004e8       0x48 Utilities\STM32F4-Discovery\stm32f4_discovery.o
 .debug_aranges
                0x00000530       0x80 Libraries\usb_lib\otg\usb_dcd_int.o
 .debug_aranges
                0x000005b0       0x80 Libraries\usb_lib\otg\usb_dcd.o
 .debug_aranges
                0x00000630      0x138 Libraries\usb_lib\otg\usb_core.o
 .debug_aranges
                0x00000768       0x88 Libraries\usb_lib\core\usbd_req.o
 .debug_aranges
                0x000007f0       0x50 Libraries\usb_lib\core\usbd_ioreq.o
 .debug_aranges
                0x00000840       0x80 Libraries\usb_lib\core\usbd_core.o
 .debug_aranges
                0x000008c0       0x70 Libraries\usb_lib\cdc\usbd_cdc_vcp.o
 .debug_aranges
                0x00000930       0x60 Libraries\usb_lib\cdc\usbd_cdc_core.o
 .debug_aranges
                0x00000990       0x50 Libraries\usb_conf\usbd_usr.o
 .debug_aranges
                0x000009e0       0x50 Libraries\usb_conf\usbd_desc.o
 .debug_aranges
                0x00000a30       0x48 Libraries\usb_conf\usb_bsp.o
 .debug_aranges
                0x00000a78       0x48 Libraries\STM32F4xx_StdPeriph_Driver\src\stm32f4xx_syscfg.o
 .debug_aranges
                0x00000ac0       0xe0 Libraries\STM32F4xx_StdPeriph_Driver\src\stm32f4xx_spi.o
 .debug_aranges
                0x00000ba0      0x180 Libraries\STM32F4xx_StdPeriph_Driver\src\stm32f4xx_rcc.o
 .debug_aranges
                0x00000d20       0x88 Libraries\STM32F4xx_StdPeriph_Driver\src\stm32f4xx_gpio.o
 .debug_aranges
                0x00000da8       0x58 Libraries\STM32F4xx_StdPeriph_Driver\src\stm32f4xx_exti.o
 .debug_aranges
                0x00000e00       0xb0 Libraries\STM32F4xx_StdPeriph_Driver\src\stm32f4xx_dma.o
 .debug_aranges
                0x00000eb0       0xa0 Libraries\STM32F4xx_StdPeriph_Driver\src\stm32f4xx_dac.o
 .debug_aranges
                0x00000f50       0x40 Libraries\STM32F4xx_StdPeriph_Driver\src\misc.o

.debug_ranges   0x00000000      0xdb8
 .debug_ranges  0x00000000       0x20 src\system_stm32f4xx.o
 .debug_ranges  0x00000020       0x48 src\stm32f4xx_it.o
 .debug_ranges  0x00000068       0x20 src\startup_stm32f40xx.o
 .debug_ranges  0x00000088       0x68 src\own_libraries\SPI_interface.o
 .debug_ranges  0x000000f0       0x30 src\own_libraries\REGISTER.o
 .debug_ranges  0x00000120       0x18 src\own_libraries\NRF_REGISTER_MAP.o
 .debug_ranges  0x00000138      0x100 src\own_libraries\NRF24.o
 .debug_ranges  0x00000238       0x70 src\own_libraries\CONFIG.o
 .debug_ranges  0x000002a8       0x88 src\main.o
 .debug_ranges  0x00000330      0x120 Utilities\STM32F4-Discovery\stm32f4_discovery_audio_codec.o
 .debug_ranges  0x00000450       0x38 Utilities\STM32F4-Discovery\stm32f4_discovery.o
 .debug_ranges  0x00000488       0x70 Libraries\usb_lib\otg\usb_dcd_int.o
 .debug_ranges  0x000004f8       0x70 Libraries\usb_lib\otg\usb_dcd.o
 .debug_ranges  0x00000568      0x128 Libraries\usb_lib\otg\usb_core.o
 .debug_ranges  0x00000690       0x78 Libraries\usb_lib\core\usbd_req.o
 .debug_ranges  0x00000708       0x40 Libraries\usb_lib\core\usbd_ioreq.o
 .debug_ranges  0x00000748       0x70 Libraries\usb_lib\core\usbd_core.o
 .debug_ranges  0x000007b8       0x60 Libraries\usb_lib\cdc\usbd_cdc_vcp.o
 .debug_ranges  0x00000818       0x50 Libraries\usb_lib\cdc\usbd_cdc_core.o
 .debug_ranges  0x00000868       0x40 Libraries\usb_conf\usbd_usr.o
 .debug_ranges  0x000008a8       0x40 Libraries\usb_conf\usbd_desc.o
 .debug_ranges  0x000008e8       0x38 Libraries\usb_conf\usb_bsp.o
 .debug_ranges  0x00000920       0x38 Libraries\STM32F4xx_StdPeriph_Driver\src\stm32f4xx_syscfg.o
 .debug_ranges  0x00000958       0xd0 Libraries\STM32F4xx_StdPeriph_Driver\src\stm32f4xx_spi.o
 .debug_ranges  0x00000a28      0x170 Libraries\STM32F4xx_StdPeriph_Driver\src\stm32f4xx_rcc.o
 .debug_ranges  0x00000b98       0x78 Libraries\STM32F4xx_StdPeriph_Driver\src\stm32f4xx_gpio.o
 .debug_ranges  0x00000c10       0x48 Libraries\STM32F4xx_StdPeriph_Driver\src\stm32f4xx_exti.o
 .debug_ranges  0x00000c58       0xa0 Libraries\STM32F4xx_StdPeriph_Driver\src\stm32f4xx_dma.o
 .debug_ranges  0x00000cf8       0x90 Libraries\STM32F4xx_StdPeriph_Driver\src\stm32f4xx_dac.o
 .debug_ranges  0x00000d88       0x30 Libraries\STM32F4xx_StdPeriph_Driver\src\misc.o

.debug_line     0x00000000     0x66ff
 .debug_line    0x00000000      0x1ff src\system_stm32f4xx.o
 .debug_line    0x000001ff      0x1d6 src\stm32f4xx_it.o
 .debug_line    0x000003d5       0x7a src\startup_stm32f40xx.o
 .debug_line    0x0000044f      0x342 src\own_libraries\SPI_interface.o
 .debug_line    0x00000791      0x1c2 src\own_libraries\REGISTER.o
 .debug_line    0x00000953      0x2b1 src\own_libraries\NRF_REGISTER_MAP.o
 .debug_line    0x00000c04      0x71d src\own_libraries\NRF24.o
 .debug_line    0x00001321      0x3fd src\own_libraries\CONFIG.o
 .debug_line    0x0000171e      0x52b src\main.o
 .debug_line    0x00001c49      0x6c7 Utilities\STM32F4-Discovery\stm32f4_discovery_audio_codec.o
 .debug_line    0x00002310      0x28a Utilities\STM32F4-Discovery\stm32f4_discovery.o
 .debug_line    0x0000259a      0x39a Libraries\usb_lib\otg\usb_dcd_int.o
 .debug_line    0x00002934      0x325 Libraries\usb_lib\otg\usb_dcd.o
 .debug_line    0x00002c59      0x6da Libraries\usb_lib\otg\usb_core.o
 .debug_line    0x00003333      0x444 Libraries\usb_lib\core\usbd_req.o
 .debug_line    0x00003777      0x270 Libraries\usb_lib\core\usbd_ioreq.o
 .debug_line    0x000039e7      0x35c Libraries\usb_lib\core\usbd_core.o
 .debug_line    0x00003d43      0x345 Libraries\usb_lib\cdc\usbd_cdc_vcp.o
 .debug_line    0x00004088      0x349 Libraries\usb_lib\cdc\usbd_cdc_core.o
 .debug_line    0x000043d1      0x232 Libraries\usb_conf\usbd_usr.o
 .debug_line    0x00004603      0x256 Libraries\usb_conf\usbd_desc.o
 .debug_line    0x00004859      0x2d2 Libraries\usb_conf\usb_bsp.o
 .debug_line    0x00004b2b      0x214 Libraries\STM32F4xx_StdPeriph_Driver\src\stm32f4xx_syscfg.o
 .debug_line    0x00004d3f      0x46b Libraries\STM32F4xx_StdPeriph_Driver\src\stm32f4xx_spi.o
 .debug_line    0x000051aa      0x5b3 Libraries\STM32F4xx_StdPeriph_Driver\src\stm32f4xx_rcc.o
 .debug_line    0x0000575d      0x35b Libraries\STM32F4xx_StdPeriph_Driver\src\stm32f4xx_gpio.o
 .debug_line    0x00005ab8      0x29c Libraries\STM32F4xx_StdPeriph_Driver\src\stm32f4xx_exti.o
 .debug_line    0x00005d54      0x425 Libraries\STM32F4xx_StdPeriph_Driver\src\stm32f4xx_dma.o
 .debug_line    0x00006179      0x34d Libraries\STM32F4xx_StdPeriph_Driver\src\stm32f4xx_dac.o
 .debug_line    0x000064c6      0x239 Libraries\STM32F4xx_StdPeriph_Driver\src\misc.o

.debug_str      0x00000000     0x592b
 .debug_str     0x00000000      0x396 src\system_stm32f4xx.o
                                0x413 (size before relaxing)
 .debug_str     0x00000396       0x96 src\stm32f4xx_it.o
                                0x24c (size before relaxing)
 .debug_str     0x0000042c      0x58c src\own_libraries\SPI_interface.o
                                0x7fe (size before relaxing)
 .debug_str     0x000009b8       0xde src\own_libraries\REGISTER.o
                                0x306 (size before relaxing)
 .debug_str     0x00000a96      0x214 src\own_libraries\NRF_REGISTER_MAP.o
                                0x506 (size before relaxing)
 .debug_str     0x00000caa      0xa84 src\own_libraries\NRF24.o
                               0x1485 (size before relaxing)
 .debug_str     0x0000172e      0x724 src\own_libraries\CONFIG.o
                                0xc60 (size before relaxing)
 .debug_str     0x00001e52      0x84c src\main.o
                               0x130c (size before relaxing)
 .debug_str     0x0000269e      0x719 Utilities\STM32F4-Discovery\stm32f4_discovery_audio_codec.o
                               0x10f4 (size before relaxing)
 .debug_str     0x00002db7      0x190 Utilities\STM32F4-Discovery\stm32f4_discovery.o
                                0xbaa (size before relaxing)
 .debug_str     0x00002f47      0x7c8 Libraries\usb_lib\otg\usb_dcd_int.o
                               0x12fc (size before relaxing)
 .debug_str     0x0000370f      0x101 Libraries\usb_lib\otg\usb_dcd.o
                                0xb9e (size before relaxing)
 .debug_str     0x00003810      0x693 Libraries\usb_lib\otg\usb_core.o
                               0x16fe (size before relaxing)
 .debug_str     0x00003ea3      0x188 Libraries\usb_lib\core\usbd_req.o
                                0xb6f (size before relaxing)
 .debug_str     0x0000402b       0xaf Libraries\usb_lib\core\usbd_ioreq.o
                                0xa2e (size before relaxing)
 .debug_str     0x000040da       0xef Libraries\usb_lib\core\usbd_core.o
                                0xb44 (size before relaxing)
 .debug_str     0x000041c9      0x21d Libraries\usb_lib\cdc\usbd_cdc_vcp.o
                                0x429 (size before relaxing)
 .debug_str     0x000043e6      0x186 Libraries\usb_lib\cdc\usbd_cdc_core.o
                                0xb8c (size before relaxing)
 .debug_str     0x0000456c       0xc3 Libraries\usb_conf\usbd_usr.o
                                0x31e (size before relaxing)
 .debug_str     0x0000462f      0x11d Libraries\usb_conf\usbd_desc.o
                                0x3f7 (size before relaxing)
 .debug_str     0x0000474c       0xb0 Libraries\usb_conf\usb_bsp.o
                               0x1145 (size before relaxing)
 .debug_str     0x000047fc      0x169 Libraries\STM32F4xx_StdPeriph_Driver\src\stm32f4xx_syscfg.o
                                0x375 (size before relaxing)
 .debug_str     0x00004965      0x295 Libraries\STM32F4xx_StdPeriph_Driver\src\stm32f4xx_spi.o
                                0x70b (size before relaxing)
 .debug_str     0x00004bfa      0x56b Libraries\STM32F4xx_StdPeriph_Driver\src\stm32f4xx_rcc.o
                                0x8fa (size before relaxing)
 .debug_str     0x00005165      0x159 Libraries\STM32F4xx_StdPeriph_Driver\src\stm32f4xx_gpio.o
                                0x524 (size before relaxing)
 .debug_str     0x000052be       0xf3 Libraries\STM32F4xx_StdPeriph_Driver\src\stm32f4xx_exti.o
                                0x3da (size before relaxing)
 .debug_str     0x000053b1      0x254 Libraries\STM32F4xx_StdPeriph_Driver\src\stm32f4xx_dma.o
                                0x5c3 (size before relaxing)
 .debug_str     0x00005605      0x220 Libraries\STM32F4xx_StdPeriph_Driver\src\stm32f4xx_dac.o
                                0x4d4 (size before relaxing)
 .debug_str     0x00005825      0x106 Libraries\STM32F4xx_StdPeriph_Driver\src\misc.o
                                0x44f (size before relaxing)

.comment        0x00000000       0x7e
 .comment       0x00000000       0x7e src\system_stm32f4xx.o
                                 0x7f (size before relaxing)
 .comment       0x0000007e       0x7f src\stm32f4xx_it.o
 .comment       0x0000007e       0x7f src\own_libraries\SPI_interface.o
 .comment       0x0000007e       0x7f src\own_libraries\REGISTER.o
 .comment       0x0000007e       0x7f src\own_libraries\NRF_REGISTER_MAP.o
 .comment       0x0000007e       0x7f src\own_libraries\NRF24.o
 .comment       0x0000007e       0x7f src\own_libraries\CONFIG.o
 .comment       0x0000007e       0x7f src\main.o
 .comment       0x0000007e       0x7f Utilities\STM32F4-Discovery\stm32f4_discovery_audio_codec.o
 .comment       0x0000007e       0x7f Utilities\STM32F4-Discovery\stm32f4_discovery.o
 .comment       0x0000007e       0x7f Libraries\usb_lib\otg\usb_dcd_int.o
 .comment       0x0000007e       0x7f Libraries\usb_lib\otg\usb_dcd.o
 .comment       0x0000007e       0x7f Libraries\usb_lib\otg\usb_core.o
 .comment       0x0000007e       0x7f Libraries\usb_lib\core\usbd_req.o
 .comment       0x0000007e       0x7f Libraries\usb_lib\core\usbd_ioreq.o
 .comment       0x0000007e       0x7f Libraries\usb_lib\core\usbd_core.o
 .comment       0x0000007e       0x7f Libraries\usb_lib\cdc\usbd_cdc_vcp.o
 .comment       0x0000007e       0x7f Libraries\usb_lib\cdc\usbd_cdc_core.o
 .comment       0x0000007e       0x7f Libraries\usb_conf\usbd_usr.o
 .comment       0x0000007e       0x7f Libraries\usb_conf\usbd_desc.o
 .comment       0x0000007e       0x7f Libraries\usb_conf\usb_bsp.o
 .comment       0x0000007e       0x7f Libraries\STM32F4xx_StdPeriph_Driver\src\stm32f4xx_syscfg.o
 .comment       0x0000007e       0x7f Libraries\STM32F4xx_StdPeriph_Driver\src\stm32f4xx_spi.o
 .comment       0x0000007e       0x7f Libraries\STM32F4xx_StdPeriph_Driver\src\stm32f4xx_rcc.o
 .comment       0x0000007e       0x7f Libraries\STM32F4xx_StdPeriph_Driver\src\stm32f4xx_gpio.o
 .comment       0x0000007e       0x7f Libraries\STM32F4xx_StdPeriph_Driver\src\stm32f4xx_exti.o
 .comment       0x0000007e       0x7f Libraries\STM32F4xx_StdPeriph_Driver\src\stm32f4xx_dma.o
 .comment       0x0000007e       0x7f Libraries\STM32F4xx_StdPeriph_Driver\src\stm32f4xx_dac.o
 .comment       0x0000007e       0x7f Libraries\STM32F4xx_StdPeriph_Driver\src\misc.o

.debug_frame    0x00000000     0x4024
 .debug_frame   0x00000000       0x7c src\system_stm32f4xx.o
 .debug_frame   0x0000007c       0xf0 src\stm32f4xx_it.o
 .debug_frame   0x0000016c      0x1c4 src\own_libraries\SPI_interface.o
 .debug_frame   0x00000330       0xd8 src\own_libraries\REGISTER.o
 .debug_frame   0x00000408       0x60 src\own_libraries\NRF_REGISTER_MAP.o
 .debug_frame   0x00000468      0x4b8 src\own_libraries\NRF24.o
 .debug_frame   0x00000920      0x1f4 src\own_libraries\CONFIG.o
 .debug_frame   0x00000b14      0x20c src\main.o
 .debug_frame   0x00000d20      0x4bc Utilities\STM32F4-Discovery\stm32f4_discovery_audio_codec.o
 .debug_frame   0x000011dc       0xf4 Utilities\STM32F4-Discovery\stm32f4_discovery.o
 .debug_frame   0x000012d0      0x1e8 Libraries\usb_lib\otg\usb_dcd_int.o
 .debug_frame   0x000014b8      0x1e8 Libraries\usb_lib\otg\usb_dcd.o
 .debug_frame   0x000016a0      0x584 Libraries\usb_lib\otg\usb_core.o
 .debug_frame   0x00001c24      0x210 Libraries\usb_lib\core\usbd_req.o
 .debug_frame   0x00001e34      0x110 Libraries\usb_lib\core\usbd_ioreq.o
 .debug_frame   0x00001f44      0x1e8 Libraries\usb_lib\core\usbd_core.o
 .debug_frame   0x0000212c      0x1a4 Libraries\usb_lib\cdc\usbd_cdc_vcp.o
 .debug_frame   0x000022d0      0x158 Libraries\usb_lib\cdc\usbd_cdc_core.o
 .debug_frame   0x00002428       0xf8 Libraries\usb_conf\usbd_usr.o
 .debug_frame   0x00002520      0x114 Libraries\usb_conf\usbd_desc.o
 .debug_frame   0x00002634       0xf4 Libraries\usb_conf\usb_bsp.o
 .debug_frame   0x00002728       0xf4 Libraries\STM32F4xx_StdPeriph_Driver\src\stm32f4xx_syscfg.o
 .debug_frame   0x0000281c      0x3f4 Libraries\STM32F4xx_StdPeriph_Driver\src\stm32f4xx_spi.o
 .debug_frame   0x00002c10      0x6fc Libraries\STM32F4xx_StdPeriph_Driver\src\stm32f4xx_rcc.o
 .debug_frame   0x0000330c      0x23c Libraries\STM32F4xx_StdPeriph_Driver\src\stm32f4xx_gpio.o
 .debug_frame   0x00003548      0x148 Libraries\STM32F4xx_StdPeriph_Driver\src\stm32f4xx_exti.o
 .debug_frame   0x00003690      0x308 Libraries\STM32F4xx_StdPeriph_Driver\src\stm32f4xx_dma.o
 .debug_frame   0x00003998      0x2ac Libraries\STM32F4xx_StdPeriph_Driver\src\stm32f4xx_dac.o
 .debug_frame   0x00003c44       0xd8 Libraries\STM32F4xx_StdPeriph_Driver\src\misc.o
 .debug_frame   0x00003d1c       0x40 c:/program files (x86)/atollic/truestudio for arm 5.5.1/armtools/bin/../lib/gcc/arm-atollic-eabi/5.3.1/../../../../arm-atollic-eabi/lib/armv7e-m/fpu\libstdc++_nano.a(pure.o)
 .debug_frame   0x00003d5c       0xb0 c:/program files (x86)/atollic/truestudio for arm 5.5.1/armtools/bin/../lib/gcc/arm-atollic-eabi/5.3.1/../../../../arm-atollic-eabi/lib/armv7e-m/fpu\libstdc++_nano.a(eh_terminate.o)
 .debug_frame   0x00003e0c       0x28 c:/program files (x86)/atollic/truestudio for arm 5.5.1/armtools/bin/../lib/gcc/arm-atollic-eabi/5.3.1/../../../../arm-atollic-eabi/lib/armv7e-m/fpu\libc_nano.a(lib_a-abort.o)
 .debug_frame   0x00003e34       0x2c c:/program files (x86)/atollic/truestudio for arm 5.5.1/armtools/bin/../lib/gcc/arm-atollic-eabi/5.3.1/../../../../arm-atollic-eabi/lib/armv7e-m/fpu\libc_nano.a(lib_a-init.o)
 .debug_frame   0x00003e60       0xcc c:/program files (x86)/atollic/truestudio for arm 5.5.1/armtools/bin/../lib/gcc/arm-atollic-eabi/5.3.1/../../../../arm-atollic-eabi/lib/armv7e-m/fpu\libc_nano.a(lib_a-signal.o)
 .debug_frame   0x00003f2c       0x3c c:/program files (x86)/atollic/truestudio for arm 5.5.1/armtools/bin/../lib/gcc/arm-atollic-eabi/5.3.1/../../../../arm-atollic-eabi/lib/armv7e-m/fpu\libc_nano.a(lib_a-signalr.o)
 .debug_frame   0x00003f68       0x5c c:/program files (x86)/atollic/truestudio for arm 5.5.1/armtools/bin/../lib/gcc/arm-atollic-eabi/5.3.1/../../../../arm-atollic-eabi/lib/armv7e-m/fpu\libc_nano.a(lib_a-reent.o)
 .debug_frame   0x00003fc4       0x20 c:/program files (x86)/atollic/truestudio for arm 5.5.1/armtools/bin/../lib/gcc/arm-atollic-eabi/5.3.1/../../../../arm-atollic-eabi/lib/armv7e-m/fpu\libnosys.a(getpid.o)
 .debug_frame   0x00003fe4       0x20 c:/program files (x86)/atollic/truestudio for arm 5.5.1/armtools/bin/../lib/gcc/arm-atollic-eabi/5.3.1/../../../../arm-atollic-eabi/lib/armv7e-m/fpu\libnosys.a(kill.o)
 .debug_frame   0x00004004       0x20 c:/program files (x86)/atollic/truestudio for arm 5.5.1/armtools/bin/../lib/gcc/arm-atollic-eabi/5.3.1/../../../../arm-atollic-eabi/lib/armv7e-m/fpu\libnosys.a(_exit.o)

.stab           0x00000000       0x3c
 .stab          0x00000000       0x24 c:/program files (x86)/atollic/truestudio for arm 5.5.1/armtools/bin/../lib/gcc/arm-atollic-eabi/5.3.1/../../../../arm-atollic-eabi/lib/armv7e-m/fpu\libnosys.a(getpid.o)
 .stab          0x00000024       0x18 c:/program files (x86)/atollic/truestudio for arm 5.5.1/armtools/bin/../lib/gcc/arm-atollic-eabi/5.3.1/../../../../arm-atollic-eabi/lib/armv7e-m/fpu\libnosys.a(kill.o)
                                 0x24 (size before relaxing)

.stabstr        0x00000000       0xac
 .stabstr       0x00000000       0xac c:/program files (x86)/atollic/truestudio for arm 5.5.1/armtools/bin/../lib/gcc/arm-atollic-eabi/5.3.1/../../../../arm-atollic-eabi/lib/armv7e-m/fpu\libnosys.a(getpid.o)

Cross Reference Table

Symbol                                            File
ADC_AnalogWatchdogCmd                             Libraries\STM32F4xx_StdPeriph_Driver\src\stm32f4xx_adc.o
ADC_AnalogWatchdogSingleChannelConfig             Libraries\STM32F4xx_StdPeriph_Driver\src\stm32f4xx_adc.o
ADC_AnalogWatchdogThresholdsConfig                Libraries\STM32F4xx_StdPeriph_Driver\src\stm32f4xx_adc.o
ADC_AutoInjectedConvCmd                           Libraries\STM32F4xx_StdPeriph_Driver\src\stm32f4xx_adc.o
ADC_ClearFlag                                     Libraries\STM32F4xx_StdPeriph_Driver\src\stm32f4xx_adc.o
ADC_ClearITPendingBit                             Libraries\STM32F4xx_StdPeriph_Driver\src\stm32f4xx_adc.o
ADC_Cmd                                           Libraries\STM32F4xx_StdPeriph_Driver\src\stm32f4xx_adc.o
ADC_CommonInit                                    Libraries\STM32F4xx_StdPeriph_Driver\src\stm32f4xx_adc.o
ADC_CommonStructInit                              Libraries\STM32F4xx_StdPeriph_Driver\src\stm32f4xx_adc.o
ADC_ContinuousModeCmd                             Libraries\STM32F4xx_StdPeriph_Driver\src\stm32f4xx_adc.o
ADC_DMACmd                                        Libraries\STM32F4xx_StdPeriph_Driver\src\stm32f4xx_adc.o
ADC_DMARequestAfterLastTransferCmd                Libraries\STM32F4xx_StdPeriph_Driver\src\stm32f4xx_adc.o
ADC_DeInit                                        Libraries\STM32F4xx_StdPeriph_Driver\src\stm32f4xx_adc.o
ADC_DiscModeChannelCountConfig                    Libraries\STM32F4xx_StdPeriph_Driver\src\stm32f4xx_adc.o
ADC_DiscModeCmd                                   Libraries\STM32F4xx_StdPeriph_Driver\src\stm32f4xx_adc.o
ADC_EOCOnEachRegularChannelCmd                    Libraries\STM32F4xx_StdPeriph_Driver\src\stm32f4xx_adc.o
ADC_ExternalTrigInjectedConvConfig                Libraries\STM32F4xx_StdPeriph_Driver\src\stm32f4xx_adc.o
ADC_ExternalTrigInjectedConvEdgeConfig            Libraries\STM32F4xx_StdPeriph_Driver\src\stm32f4xx_adc.o
ADC_GetConversionValue                            Libraries\STM32F4xx_StdPeriph_Driver\src\stm32f4xx_adc.o
ADC_GetFlagStatus                                 Libraries\STM32F4xx_StdPeriph_Driver\src\stm32f4xx_adc.o
ADC_GetITStatus                                   Libraries\STM32F4xx_StdPeriph_Driver\src\stm32f4xx_adc.o
ADC_GetInjectedConversionValue                    Libraries\STM32F4xx_StdPeriph_Driver\src\stm32f4xx_adc.o
ADC_GetMultiModeConversionValue                   Libraries\STM32F4xx_StdPeriph_Driver\src\stm32f4xx_adc.o
ADC_GetSoftwareStartConvStatus                    Libraries\STM32F4xx_StdPeriph_Driver\src\stm32f4xx_adc.o
ADC_GetSoftwareStartInjectedConvCmdStatus         Libraries\STM32F4xx_StdPeriph_Driver\src\stm32f4xx_adc.o