usb_device_class.h:19:18:virtual uint8_t USB_DEVICE_CLASS::Setup(USB::USB_SETUP_REQUEST*)	16	static
usb_device_class.h:20:18:virtual uint8_t USB_DEVICE_CLASS::EP0_TxSent()	16	static
usb_device_class.h:21:18:virtual uint8_t USB_DEVICE_CLASS::EP0_RxReady()	16	static
usb_device_class.h:25:18:virtual uint8_t USB_DEVICE_CLASS::ISO_IN()	16	static
usb_device_class.h:26:18:virtual uint8_t USB_DEVICE_CLASS::ISO_OUT()	16	static
usb_device_class.h:29:18:virtual uint8_t USB_DEVICE_CLASS::InterfaceRequest(USB::USB_SETUP_REQUEST*)	16	static
gthr-default.h:229:1:int __gthread_key_delete(__gthread_key_t)	16	static
usb_device_class_cdc_vcp.cpp:3:1:USB_DEVICE_CLASS_CDC_VCP::USB_DEVICE_CLASS_CDC_VCP(std::initializer_list<const char*>, uint8_t)	48	static
usb_device_class_cdc_vcp.cpp:19:9:virtual uint8_t USB_DEVICE_CLASS_CDC_VCP::Init(USB*)	24	static
usb_device_class_cdc_vcp.cpp:27:9:virtual uint8_t USB_DEVICE_CLASS_CDC_VCP::DeInit()	24	static
usb_device_class_cdc_vcp.cpp:34:9:virtual uint8_t USB_DEVICE_CLASS_CDC_VCP::SetupCmd(uint16_t, uint8_t, uint8_t*, uint16_t&)	32	static
usb_device_class_cdc_vcp.cpp:54:9:virtual uint8_t USB_DEVICE_CLASS_CDC_VCP::SOF()	32	static
usb_device_class_cdc_vcp.cpp:84:9:virtual uint8_t USB_DEVICE_CLASS_CDC_VCP::DataIn(uint8_t)	32	static
usb_device_class_cdc_vcp.cpp:102:9:virtual uint8_t USB_DEVICE_CLASS_CDC_VCP::DataOut(uint8_t, uint16_t)	24	static
usb_device_class_cdc_vcp.cpp:113:10:virtual uint16_t USB_DEVICE_CLASS_CDC_VCP::GetDescriptorSize()	16	static
usb_device_class_cdc_vcp.cpp:118:10:virtual uint8_t* USB_DEVICE_CLASS_CDC_VCP::GetDescriptor()	16	static
usb_device_class_cdc_vcp.cpp:224:10:uint16_t USB_DEVICE_CLASS_CDC_VCP::GetData(CircularBuffer<unsigned char>&, uint16_t)	24	static
usb_device_class_cdc_vcp.cpp:228:10:uint16_t USB_DEVICE_CLASS_CDC_VCP::GetData(uint8_t*, uint16_t)	24	static
usb_device_class_cdc_vcp.cpp:232:10:uint16_t USB_DEVICE_CLASS_CDC_VCP::SendData(uint8_t*, uint16_t)	24	static
usb_device_class_cdc_vcp.cpp:236:10:uint16_t USB_DEVICE_CLASS_CDC_VCP::SendData(CircularBuffer<unsigned char>&)	16	static
stl_vector.h:779:7:std::vector<_Tp, _Alloc>::reference std::vector<_Tp, _Alloc>::operator[](std::vector<_Tp, _Alloc>::size_type) [with _Tp = unsigned char; _Alloc = std::allocator<unsigned char>; std::vector<_Tp, _Alloc>::reference = unsigned char&; std::vector<_Tp, _Alloc>::size_type = unsigned int]	16	static
circularbuffer.h:7:2:CircularBuffer<T, accept_data_when_full>::CircularBuffer(T*, uint16_t, uint16_t) [with T = unsigned char; unsigned char accept_data_when_full = 0u; uint16_t = short unsigned int]	24	static
stl_algobase.h:460:5:_OI std::copy(_II, _II, _OI) [with _II = unsigned char*; _OI = unsigned char*]	32	static
circularbuffer.h:172:11:uint16_t CircularBuffer<T, accept_data_when_full>::Ocupied() [with T = unsigned char; unsigned char accept_data_when_full = 0u; uint16_t = short unsigned int]	16	static
circularbuffer.h:107:11:uint16_t CircularBuffer<T, accept_data_when_full>::Out(T*, uint16_t) [with T = unsigned char; unsigned char accept_data_when_full = 0u; uint16_t = short unsigned int]	32	static
circularbuffer.h:169:11:uint16_t CircularBuffer<T, accept_data_when_full>::Free() [with T = unsigned char; unsigned char accept_data_when_full = 0u; uint16_t = short unsigned int]	16	static
circularbuffer.h:32:11:uint16_t CircularBuffer<T, accept_data_when_full>::In(const T*, uint16_t) [with T = unsigned char; unsigned char accept_data_when_full = 0u; uint16_t = short unsigned int]	32	static
circularbuffer.h:97:11:uint16_t CircularBuffer<T, accept_data_when_full>::Out(CircularBuffer<T>&, uint16_t) [with T = unsigned char; unsigned char accept_data_when_full = 0u; uint16_t = short unsigned int]	48	dynamic
circularbuffer.h:56:11:uint16_t CircularBuffer<T, accept_data_when_full>::In(CircularBuffer<T>&) [with T = unsigned char; unsigned char accept_data_when_full = 0u; uint16_t = short unsigned int]	56	dynamic
stl_algobase.h:293:5:typename std::_Miter_base<_Iterator>::iterator_type std::__miter_base(_Iterator) [with _Iterator = unsigned char*; typename std::_Miter_base<_Iterator>::iterator_type = unsigned char*]	16	static
stl_algobase.h:434:5:_OI std::__copy_move_a2(_II, _II, _OI) [with bool _IsMove = false; _II = unsigned char*; _OI = unsigned char*]	32	static
circularbuffer.h:175:7:void CircularBuffer<T, accept_data_when_full>::Clear() [with T = unsigned char; unsigned char accept_data_when_full = 0u]	16	static
stl_algobase.h:460:5:_OI std::copy(_II, _II, _OI) [with _II = const unsigned char*; _OI = unsigned char*]	32	static
circularbuffer.h:32:11:uint16_t CircularBuffer<T, accept_data_when_full>::In(const T*, uint16_t) [with T = unsigned char; unsigned char accept_data_when_full = 1u; uint16_t = short unsigned int]	32	static
circularbuffer.h:172:11:uint16_t CircularBuffer<T, accept_data_when_full>::Ocupied() [with T = unsigned char; unsigned char accept_data_when_full = 1u; uint16_t = short unsigned int]	16	static
circularbuffer.h:107:11:uint16_t CircularBuffer<T, accept_data_when_full>::Out(T*, uint16_t) [with T = unsigned char; unsigned char accept_data_when_full = 1u; uint16_t = short unsigned int]	32	static
stl_iterator_base_types.h:215:28:static std::_Iter_base<_Iterator, _HasBase>::iterator_type std::_Iter_base<_Iterator, _HasBase>::_S_base(_Iterator) [with _Iterator = unsigned char*; bool _HasBase = false; std::_Iter_base<_Iterator, _HasBase>::iterator_type = unsigned char*]	16	static
stl_algobase.h:282:5:typename std::_Niter_base<_Iterator>::iterator_type std::__niter_base(_Iterator) [with _Iterator = unsigned char*; typename std::_Niter_base<_Iterator>::iterator_type = unsigned char*]	16	static
stl_algobase.h:389:5:_OI std::__copy_move_a(_II, _II, _OI) [with bool _IsMove = false; _II = unsigned char*; _OI = unsigned char*]	32	static
stl_algobase.h:293:5:typename std::_Miter_base<_Iterator>::iterator_type std::__miter_base(_Iterator) [with _Iterator = const unsigned char*; typename std::_Miter_base<_Iterator>::iterator_type = const unsigned char*]	16	static
stl_algobase.h:434:5:_OI std::__copy_move_a2(_II, _II, _OI) [with bool _IsMove = false; _II = const unsigned char*; _OI = unsigned char*]	32	static
circularbuffer.h:169:11:uint16_t CircularBuffer<T, accept_data_when_full>::Free() [with T = unsigned char; unsigned char accept_data_when_full = 1u; uint16_t = short unsigned int]	16	static
circularbuffer.h:175:7:void CircularBuffer<T, accept_data_when_full>::Clear() [with T = unsigned char; unsigned char accept_data_when_full = 1u]	16	static
stl_algobase.h:373:9:static _Tp* std::__copy_move<_IsMove, true, std::random_access_iterator_tag>::__copy_m(const _Tp*, const _Tp*, _Tp*) [with _Tp = unsigned char; bool _IsMove = false]	32	static
stl_iterator_base_types.h:215:28:static std::_Iter_base<_Iterator, _HasBase>::iterator_type std::_Iter_base<_Iterator, _HasBase>::_S_base(_Iterator) [with _Iterator = const unsigned char*; bool _HasBase = false; std::_Iter_base<_Iterator, _HasBase>::iterator_type = const unsigned char*]	16	static
stl_algobase.h:282:5:typename std::_Niter_base<_Iterator>::iterator_type std::__niter_base(_Iterator) [with _Iterator = const unsigned char*; typename std::_Niter_base<_Iterator>::iterator_type = const unsigned char*]	16	static
stl_algobase.h:389:5:_OI std::__copy_move_a(_II, _II, _OI) [with bool _IsMove = false; _II = const unsigned char*; _OI = unsigned char*]	32	static
