usbh_usr.c:172:6:USBH_USR_Init	4	static
usbh_usr.c:188:6:USBH_USR_DeviceAttached	4	static
usbh_usr.c:197:6:USBH_USR_UnrecoveredError	4	static
usbh_usr.c:207:6:USBH_USR_DeviceDisconnected	4	static
usbh_usr.c:218:6:USBH_USR_ResetDevice	4	static
usbh_usr.c:230:6:USBH_USR_DeviceSpeedDetected	16	static
usbh_usr.c:252:6:USBH_USR_Device_DescAvailable	16	static
usbh_usr.c:273:6:USBH_USR_DeviceAddressAssigned	4	static
usbh_usr.c:285:6:USBH_USR_Configuration_DescAvailable	32	static
usbh_usr.c:309:6:USBH_USR_Manufacturer_String	120	static
usbh_usr.c:323:6:USBH_USR_Product_String	120	static
usbh_usr.c:337:6:USBH_USR_SerialNum_String	120	static
usbh_usr.c:351:6:USBH_USR_EnumerationDone	4	static
usbh_usr.c:367:6:USBH_USR_DeviceNotSupported	4	static
usbh_usr.c:380:17:USBH_USR_UserInput	16	static
usbh_usr.c:406:6:USBH_USR_OverCurrentDetected	4	static
usbh_usr.c:418:6:USR_MOUSE_Init	4	static
usbh_usr.c:497:7:USR_KEYBRD_Init	4	static
usbh_usr.c:520:7:USR_KEYBRD_ProcessData	16	static
usbh_usr.c:581:6:USBH_USR_DeInit	4	static
