new:129:14:void* operator new(std::size_t, void*)	16	static
stl_deque.h:89:3:constexpr std::size_t std::__deque_buf_size(std::size_t)	16	static
buttons.cpp:13:1:Buttons::Buttons(uint8_t, void (*)(), void (*)(), void (*)())	72	static
buttons.cpp:29:6:void Buttons::SetTestMode(uint8_t)	16	static
buttons.cpp:43:6:void Buttons::Enqueue(Buttons::ButtonFunction)	24	static
buttons.cpp:49:25:Buttons::ButtonFunction Buttons::GetButtonFunctionFromQueue()	24	static
buttons.cpp:59:6:void Buttons::Poll(uint32_t, uint32_t)	40	static
stl_deque.h:883:7:std::deque<_Tp, _Alloc>::deque() [with _Tp = long unsigned int; _Alloc = std::allocator<long unsigned int>]	16	static
stl_deque.h:1038:7:std::deque<_Tp, _Alloc>::~deque() [with _Tp = long unsigned int; _Alloc = std::allocator<long unsigned int>]	48	static
move.h:101:5:constexpr typename std::remove_reference< <template-parameter-1-1> >::type&& std::move(_Tp&&) [with _Tp = std::deque<long unsigned int, std::allocator<long unsigned int> >&; typename std::remove_reference< <template-parameter-1-1> >::type = std::deque<long unsigned int, std::allocator<long unsigned int> >]	16	static
stl_queue.h:145:7:std::queue<_Tp, _Sequence>::queue(_Sequence&&) [with _Tp = long unsigned int; _Sequence = std::deque<long unsigned int, std::allocator<long unsigned int> >]	24	static
stl_queue.h:158:7:std::queue<_Tp, _Sequence>::size_type std::queue<_Tp, _Sequence>::size() const [with _Tp = long unsigned int; _Sequence = std::deque<long unsigned int, std::allocator<long unsigned int> >; std::queue<_Tp, _Sequence>::size_type = unsigned int]	16	static
move.h:101:5:constexpr typename std::remove_reference< <template-parameter-1-1> >::type&& std::move(_Tp&&) [with _Tp = long unsigned int&; typename std::remove_reference< <template-parameter-1-1> >::type = long unsigned int]	16	static
stl_queue.h:220:7:void std::queue<_Tp, _Sequence>::push(std::queue<_Tp, _Sequence>::value_type&&) [with _Tp = long unsigned int; _Sequence = std::deque<long unsigned int, std::allocator<long unsigned int> >; std::queue<_Tp, _Sequence>::value_type = long unsigned int]	24	static
stl_queue.h:166:7:std::queue<_Tp, _Sequence>::reference std::queue<_Tp, _Sequence>::front() [with _Tp = long unsigned int; _Sequence = std::deque<long unsigned int, std::allocator<long unsigned int> >; std::queue<_Tp, _Sequence>::reference = long unsigned int&]	16	static
stl_queue.h:241:7:void std::queue<_Tp, _Sequence>::pop() [with _Tp = long unsigned int; _Sequence = std::deque<long unsigned int, std::allocator<long unsigned int> >]	16	static
stl_deque.h:548:14:std::_Deque_base<long unsigned int, std::allocator<long unsigned int> >::_Deque_impl::~_Deque_impl()	16	static
stl_deque.h:488:7:std::_Deque_base<_Tp, _Alloc>::_Deque_base() [with _Tp = long unsigned int; _Alloc = std::allocator<long unsigned int>]	16	static
stl_deque.h:659:5:std::_Deque_base<_Tp, _Alloc>::~_Deque_base() [with _Tp = long unsigned int; _Alloc = std::allocator<long unsigned int>]	16	static
stl_deque.h:1158:7:std::deque<_Tp, _Alloc>::iterator std::deque<_Tp, _Alloc>::begin() [with _Tp = long unsigned int; _Alloc = std::allocator<long unsigned int>; std::deque<_Tp, _Alloc>::iterator = std::_Deque_iterator<long unsigned int, long unsigned int&, long unsigned int*>]	16	static
stl_deque.h:1175:7:std::deque<_Tp, _Alloc>::iterator std::deque<_Tp, _Alloc>::end() [with _Tp = long unsigned int; _Alloc = std::allocator<long unsigned int>; std::deque<_Tp, _Alloc>::iterator = std::_Deque_iterator<long unsigned int, long unsigned int&, long unsigned int*>]	16	static
stl_deque.h:586:7:std::_Deque_base<_Tp, _Alloc>::_Tp_alloc_type& std::_Deque_base<_Tp, _Alloc>::_M_get_Tp_allocator() [with _Tp = long unsigned int; _Alloc = std::allocator<long unsigned int>; std::_Deque_base<_Tp, _Alloc>::_Tp_alloc_type = std::allocator<long unsigned int>]	16	static
stl_deque.h:149:7:std::_Deque_iterator<_Tp, _Ref, _Ptr>::_Deque_iterator(const iterator&) [with _Tp = long unsigned int; _Ref = long unsigned int&; _Ptr = long unsigned int*; std::_Deque_iterator<_Tp, _Ref, _Ptr>::iterator = std::_Deque_iterator<long unsigned int, long unsigned int&, long unsigned int*>; typename std::pointer_traits<_Ptr>::rebind<_Tp> = long unsigned int*]	16	static
stl_deque.h:2033:7:void std::deque<_Tp, _Alloc>::_M_destroy_data(std::deque<_Tp, _Alloc>::iterator, std::deque<_Tp, _Alloc>::iterator, const std::allocator<_Tp1>&) [with _Tp = long unsigned int; _Alloc = std::allocator<long unsigned int>; std::deque<_Tp, _Alloc>::iterator = std::_Deque_iterator<long unsigned int, long unsigned int&, long unsigned int*>]	56	static
stl_deque.h:956:7:std::deque<_Tp, _Alloc>::deque(std::deque<_Tp, _Alloc>&&) [with _Tp = long unsigned int; _Alloc = std::allocator<long unsigned int>]	24	static
stl_deque.h:1263:7:std::deque<_Tp, _Alloc>::size_type std::deque<_Tp, _Alloc>::size() const [with _Tp = long unsigned int; _Alloc = std::allocator<long unsigned int>; std::deque<_Tp, _Alloc>::size_type = unsigned int]	16	static
stl_deque.h:1531:7:void std::deque<_Tp, _Alloc>::push_back(std::deque<_Tp, _Alloc>::value_type&&) [with _Tp = long unsigned int; _Alloc = std::allocator<long unsigned int>; std::deque<_Tp, _Alloc>::value_type = long unsigned int]	16	static
stl_deque.h:1437:7:std::deque<_Tp, _Alloc>::reference std::deque<_Tp, _Alloc>::front() [with _Tp = long unsigned int; _Alloc = std::allocator<long unsigned int>; std::deque<_Tp, _Alloc>::reference = long unsigned int&]	32	static
stl_deque.h:1548:7:void std::deque<_Tp, _Alloc>::pop_front() [with _Tp = long unsigned int; _Alloc = std::allocator<long unsigned int>]	16	static
stl_deque.h:556:2:std::_Deque_base<_Tp, _Alloc>::_Deque_impl::_Deque_impl() [with _Tp = long unsigned int; _Alloc = std::allocator<long unsigned int>]	16	static
allocator.h:121:7:std::allocator< <template-parameter-1-1> >::~allocator() [with _Tp = long unsigned int]	16	static
stl_deque.h:680:5:void std::_Deque_base<_Tp, _Alloc>::_M_initialize_map(std::size_t) [with _Tp = long unsigned int; _Alloc = std::allocator<long unsigned int>; std::size_t = unsigned int]	48	static
stl_deque.h:737:5:void std::_Deque_base<_Tp, _Alloc>::_M_destroy_nodes(std::_Deque_base<_Tp, _Alloc>::_Map_pointer, std::_Deque_base<_Tp, _Alloc>::_Map_pointer) [with _Tp = long unsigned int; _Alloc = std::allocator<long unsigned int>; std::_Deque_base<_Tp, _Alloc>::_Map_pointer = long unsigned int**]	32	static
stl_deque.h:619:7:void std::_Deque_base<_Tp, _Alloc>::_M_deallocate_map(std::_Deque_base<_Tp, _Alloc>::_Map_pointer, std::size_t) [with _Tp = long unsigned int; _Alloc = std::allocator<long unsigned int>; std::_Deque_base<_Tp, _Alloc>::_Map_pointer = long unsigned int**; std::size_t = unsigned int]	32	static
move.h:101:5:constexpr typename std::remove_reference< <template-parameter-1-1> >::type&& std::move(_Tp&&) [with _Tp = std::_Deque_base<long unsigned int, std::allocator<long unsigned int> >&; typename std::remove_reference< <template-parameter-1-1> >::type = std::_Deque_base<long unsigned int, std::allocator<long unsigned int> >]	16	static
stl_deque.h:517:7:std::_Deque_base<_Tp, _Alloc>::_Deque_base(std::_Deque_base<_Tp, _Alloc>&&) [with _Tp = long unsigned int; _Alloc = std::allocator<long unsigned int>]	32	static
stl_deque.h:349:5:typename std::_Deque_iterator<_Tp, _Ref, _Ptr>::difference_type std::operator-(const std::_Deque_iterator<_Tp, _Ref, _Ptr>&, const std::_Deque_iterator<_Tp, _Ref, _Ptr>&) [with _Tp = long unsigned int; _Ref = long unsigned int&; _Ptr = long unsigned int*; typename std::_Deque_iterator<_Tp, _Ref, _Ptr>::difference_type = int]	16	static
move.h:76:5:constexpr _Tp&& std::forward(typename std::remove_reference<_From>::type&) [with _Tp = long unsigned int; typename std::remove_reference<_From>::type = long unsigned int]	16	static
deque.tcc:149:7:) [with _Args = {long unsigned int}; _Tp = long unsigned int; _Alloc = std::allocator<long unsigned int>]	24	static
stl_deque.h:158:7:std::_Deque_iterator<_Tp, _Ref, _Ptr>::reference std::_Deque_iterator<_Tp, _Ref, _Ptr>::operator*() const [with _Tp = long unsigned int; _Ref = long unsigned int&; _Ptr = long unsigned int*; std::_Deque_iterator<_Tp, _Ref, _Ptr>::reference = long unsigned int&]	16	static
alloc_traits.h:541:2:static void std::allocator_traits<std::allocator<_Tp1> >::destroy(std::allocator_traits<std::allocator<_Tp1> >::allocator_type&, _Up*) [with _Up = long unsigned int; _Tp = long unsigned int; std::allocator_traits<std::allocator<_Tp1> >::allocator_type = std::allocator<long unsigned int>]	16	static
deque.tcc:546:10:void std::deque<_Tp, _Alloc>::_M_pop_front_aux() [with _Tp = long unsigned int; _Alloc = std::allocator<long unsigned int>]	16	static
allocator.h:113:7:std::allocator< <template-parameter-1-1> >::allocator() [with _Tp = long unsigned int]	16	static
stl_deque.h:146:7:std::_Deque_iterator<_Tp, _Ref, _Ptr>::_Deque_iterator() [with _Tp = long unsigned int; _Ref = long unsigned int&; _Ptr = long unsigned int*]	16	static
new_allocator.h:86:7:__gnu_cxx::new_allocator<_Tp>::~new_allocator() [with _Tp = long unsigned int]	16	static
stl_algobase.h:219:5:const _Tp& std::max(const _Tp&, const _Tp&) [with _Tp = unsigned int]	16	static
stl_deque.h:612:7:std::_Deque_base<_Tp, _Alloc>::_Map_pointer std::_Deque_base<_Tp, _Alloc>::_M_allocate_map(std::size_t) [with _Tp = long unsigned int; _Alloc = std::allocator<long unsigned int>; std::_Deque_base<_Tp, _Alloc>::_Map_pointer = long unsigned int**; std::size_t = unsigned int]	32	static
stl_deque.h:719:5:void std::_Deque_base<_Tp, _Alloc>::_M_create_nodes(std::_Deque_base<_Tp, _Alloc>::_Map_pointer, std::_Deque_base<_Tp, _Alloc>::_Map_pointer) [with _Tp = long unsigned int; _Alloc = std::allocator<long unsigned int>; std::_Deque_base<_Tp, _Alloc>::_Map_pointer = long unsigned int**]	32	static
stl_deque.h:252:7:void std::_Deque_iterator<_Tp, _Ref, _Ptr>::_M_set_node(std::_Deque_iterator<_Tp, _Ref, _Ptr>::_Map_pointer) [with _Tp = long unsigned int; _Ref = long unsigned int&; _Ptr = long unsigned int*; std::_Deque_iterator<_Tp, _Ref, _Ptr>::_Map_pointer = long unsigned int**]	24	static
stl_deque.h:605:7:void std::_Deque_base<_Tp, _Alloc>::_M_deallocate_node(std::_Deque_base<_Tp, _Alloc>::_Ptr) [with _Tp = long unsigned int; _Alloc = std::allocator<long unsigned int>; std::_Deque_base<_Tp, _Alloc>::_Ptr = long unsigned int*]	24	static
stl_deque.h:594:7:std::_Deque_base<_Tp, _Alloc>::_Map_alloc_type std::_Deque_base<_Tp, _Alloc>::_M_get_map_allocator() const [with _Tp = long unsigned int; _Alloc = std::allocator<long unsigned int>; std::_Deque_base<_Tp, _Alloc>::_Map_alloc_type = std::allocator<long unsigned int*>]	16	static
allocator.h:121:7:std::allocator< <template-parameter-1-1> >::~allocator() [with _Tp = long unsigned int*]	16	static
alloc_traits.h:516:7:static void std::allocator_traits<std::allocator<_Tp1> >::deallocate(std::allocator_traits<std::allocator<_Tp1> >::allocator_type&, std::allocator_traits<std::allocator<_Tp1> >::pointer, std::allocator_traits<std::allocator<_Tp1> >::size_type) [with _Tp = long unsigned int*; std::allocator_traits<std::allocator<_Tp1> >::allocator_type = std::allocator<long unsigned int*>; std::allocator_traits<std::allocator<_Tp1> >::pointer = long unsigned int**; std::allocator_traits<std::allocator<_Tp1> >::size_type = unsigned int]	24	static
move.h:101:5:constexpr typename std::remove_reference< <template-parameter-1-1> >::type&& std::move(_Tp&&) [with _Tp = std::allocator<long unsigned int>&; typename std::remove_reference< <template-parameter-1-1> >::type = std::allocator<long unsigned int>]	16	static
stl_deque.h:509:7:std::_Deque_base<_Tp, _Alloc>::_Deque_base(std::_Deque_base<_Tp, _Alloc>&&, std::true_type) [with _Tp = long unsigned int; _Alloc = std::allocator<long unsigned int>; std::true_type = std::integral_constant<bool, true>]	32	static
stl_deque.h:126:21:static std::size_t std::_Deque_iterator<_Tp, _Ref, _Ptr>::_S_buffer_size() [with _Tp = long unsigned int; _Ref = long unsigned int&; _Ptr = long unsigned int*; std::size_t = unsigned int]	8	static
alloc_traits.h:529:2:) [with _Up = long unsigned int; _Args = {long unsigned int}; _Tp = long unsigned int; std::allocator_traits<std::allocator<_Tp1> >::allocator_type = std::allocator<long unsigned int>]	24	static
deque.tcc:462:7:) [with _Args = {long unsigned int}; _Tp = long unsigned int; _Alloc = std::allocator<long unsigned int>]	24	static
new_allocator.h:124:9:void __gnu_cxx::new_allocator<_Tp>::destroy(_Up*) [with _Up = long unsigned int; _Tp = long unsigned int]	16	static
new_allocator.h:79:7:__gnu_cxx::new_allocator<_Tp>::new_allocator() [with _Tp = long unsigned int]	16	static
alloc_traits.h:490:7:static _Tp* std::allocator_traits<std::allocator<_Tp1> >::allocate(std::allocator_traits<std::allocator<_Tp1> >::allocator_type&, std::allocator_traits<std::allocator<_Tp1> >::size_type) [with _Tp = long unsigned int*; std::allocator_traits<std::allocator<_Tp1> >::pointer = long unsigned int**; std::allocator_traits<std::allocator<_Tp1> >::allocator_type = std::allocator<long unsigned int*>; std::allocator_traits<std::allocator<_Tp1> >::size_type = unsigned int]	16	static
stl_deque.h:598:7:std::_Deque_base<_Tp, _Alloc>::_Ptr std::_Deque_base<_Tp, _Alloc>::_M_allocate_node() [with _Tp = long unsigned int; _Alloc = std::allocator<long unsigned int>; std::_Deque_base<_Tp, _Alloc>::_Ptr = long unsigned int*]	24	static
alloc_traits.h:516:7:static void std::allocator_traits<std::allocator<_Tp1> >::deallocate(std::allocator_traits<std::allocator<_Tp1> >::allocator_type&, std::allocator_traits<std::allocator<_Tp1> >::pointer, std::allocator_traits<std::allocator<_Tp1> >::size_type) [with _Tp = long unsigned int; std::allocator_traits<std::allocator<_Tp1> >::allocator_type = std::allocator<long unsigned int>; std::allocator_traits<std::allocator<_Tp1> >::pointer = long unsigned int*; std::allocator_traits<std::allocator<_Tp1> >::size_type = unsigned int]	24	static
stl_deque.h:590:7:const _Tp_alloc_type& std::_Deque_base<_Tp, _Alloc>::_M_get_Tp_allocator() const [with _Tp = long unsigned int; _Alloc = std::allocator<long unsigned int>; std::_Deque_base<_Tp, _Alloc>::_Tp_alloc_type = std::allocator<long unsigned int>]	16	static
allocator.h:119:9:std::allocator< <template-parameter-1-1> >::allocator(const std::allocator<_Tp1>&) [with _Tp1 = long unsigned int; _Tp = long unsigned int*]	16	static
new_allocator.h:86:7:__gnu_cxx::new_allocator<_Tp>::~new_allocator() [with _Tp = long unsigned int*]	16	static
new_allocator.h:109:7:void __gnu_cxx::new_allocator<_Tp>::deallocate(__gnu_cxx::new_allocator<_Tp>::pointer, __gnu_cxx::new_allocator<_Tp>::size_type) [with _Tp = long unsigned int*; __gnu_cxx::new_allocator<_Tp>::pointer = long unsigned int**; __gnu_cxx::new_allocator<_Tp>::size_type = unsigned int]	24	static
stl_deque.h:569:2:std::_Deque_base<_Tp, _Alloc>::_Deque_impl::_Deque_impl(std::_Deque_base<_Tp, _Alloc>::_Tp_alloc_type&&) [with _Tp = long unsigned int; _Alloc = std::allocator<long unsigned int>; std::_Deque_base<_Tp, _Alloc>::_Tp_alloc_type = std::allocator<long unsigned int>]	16	static
stl_deque.h:575:7:void std::_Deque_base<_Tp, _Alloc>::_Deque_impl::_M_swap_data(std::_Deque_base<_Tp, _Alloc>::_Deque_impl&) [with _Tp = long unsigned int; _Alloc = std::allocator<long unsigned int>]	16	static
new_allocator.h:119:9:) [with _Up = long unsigned int; _Args = {long unsigned int}; _Tp = long unsigned int]	32	static
stl_deque.h:2114:7:void std::deque<_Tp, _Alloc>::_M_reserve_map_at_back(std::deque<_Tp, _Alloc>::size_type) [with _Tp = long unsigned int; _Alloc = std::allocator<long unsigned int>; std::deque<_Tp, _Alloc>::size_type = unsigned int]	16	static
new_allocator.h:99:7:_Tp* __gnu_cxx::new_allocator<_Tp>::allocate(__gnu_cxx::new_allocator<_Tp>::size_type, const void*) [with _Tp = long unsigned int*; __gnu_cxx::new_allocator<_Tp>::pointer = long unsigned int**; __gnu_cxx::new_allocator<_Tp>::size_type = unsigned int]	24	static
alloc_traits.h:490:7:static _Tp* std::allocator_traits<std::allocator<_Tp1> >::allocate(std::allocator_traits<std::allocator<_Tp1> >::allocator_type&, std::allocator_traits<std::allocator<_Tp1> >::size_type) [with _Tp = long unsigned int; std::allocator_traits<std::allocator<_Tp1> >::pointer = long unsigned int*; std::allocator_traits<std::allocator<_Tp1> >::allocator_type = std::allocator<long unsigned int>; std::allocator_traits<std::allocator<_Tp1> >::size_type = unsigned int]	16	static
new_allocator.h:109:7:void __gnu_cxx::new_allocator<_Tp>::deallocate(__gnu_cxx::new_allocator<_Tp>::pointer, __gnu_cxx::new_allocator<_Tp>::size_type) [with _Tp = long unsigned int; __gnu_cxx::new_allocator<_Tp>::pointer = long unsigned int*; __gnu_cxx::new_allocator<_Tp>::size_type = unsigned int]	24	static
new_allocator.h:79:7:__gnu_cxx::new_allocator<_Tp>::new_allocator() [with _Tp = long unsigned int*]	16	static
allocator.h:115:7:std::allocator< <template-parameter-1-1> >::allocator(const std::allocator< <template-parameter-1-1> >&) [with _Tp = long unsigned int]	16	static
move.h:101:5:constexpr typename std::remove_reference< <template-parameter-1-1> >::type&& std::move(_Tp&&) [with _Tp = std::_Deque_iterator<long unsigned int, long unsigned int&, long unsigned int*>&; typename std::remove_reference< <template-parameter-1-1> >::type = std::_Deque_iterator<long unsigned int, long unsigned int&, long unsigned int*>]	16	static
move.h:176:5:void std::swap(_Tp&, _Tp&) [with _Tp = std::_Deque_iterator<long unsigned int, long unsigned int&, long unsigned int*>]	40	static
move.h:101:5:constexpr typename std::remove_reference< <template-parameter-1-1> >::type&& std::move(_Tp&&) [with _Tp = long unsigned int**&; typename std::remove_reference< <template-parameter-1-1> >::type = long unsigned int**]	16	static
move.h:176:5:void std::swap(_Tp&, _Tp&) [with _Tp = long unsigned int**]	24	static
move.h:101:5:constexpr typename std::remove_reference< <template-parameter-1-1> >::type&& std::move(_Tp&&) [with _Tp = unsigned int&; typename std::remove_reference< <template-parameter-1-1> >::type = unsigned int]	16	static
move.h:176:5:void std::swap(_Tp&, _Tp&) [with _Tp = unsigned int]	24	static
deque.tcc:901:5:void std::deque<_Tp, _Alloc>::_M_reallocate_map(std::deque<_Tp, _Alloc>::size_type, bool) [with _Tp = long unsigned int; _Alloc = std::allocator<long unsigned int>; std::deque<_Tp, _Alloc>::size_type = unsigned int]	56	static
new_allocator.h:113:7:__gnu_cxx::new_allocator<_Tp>::size_type __gnu_cxx::new_allocator<_Tp>::max_size() const [with _Tp = long unsigned int*; __gnu_cxx::new_allocator<_Tp>::size_type = unsigned int]	16	static
new_allocator.h:99:7:_Tp* __gnu_cxx::new_allocator<_Tp>::allocate(__gnu_cxx::new_allocator<_Tp>::size_type, const void*) [with _Tp = long unsigned int; __gnu_cxx::new_allocator<_Tp>::pointer = long unsigned int*; __gnu_cxx::new_allocator<_Tp>::size_type = unsigned int]	24	static
new_allocator.h:81:7:__gnu_cxx::new_allocator<_Tp>::new_allocator(const __gnu_cxx::new_allocator<_Tp>&) [with _Tp = long unsigned int]	16	static
stl_algobase.h:460:5:_OI std::copy(_II, _II, _OI) [with _II = long unsigned int**; _OI = long unsigned int**]	32	static
stl_algobase.h:634:5:_BI2 std::copy_backward(_BI1, _BI1, _BI2) [with _BI1 = long unsigned int**; _BI2 = long unsigned int**]	32	static
new_allocator.h:113:7:__gnu_cxx::new_allocator<_Tp>::size_type __gnu_cxx::new_allocator<_Tp>::max_size() const [with _Tp = long unsigned int; __gnu_cxx::new_allocator<_Tp>::size_type = unsigned int]	16	static
stl_algobase.h:293:5:typename std::_Miter_base<_Iterator>::iterator_type std::__miter_base(_Iterator) [with _Iterator = long unsigned int**; typename std::_Miter_base<_Iterator>::iterator_type = long unsigned int**]	16	static
stl_algobase.h:434:5:_OI std::__copy_move_a2(_II, _II, _OI) [with bool _IsMove = false; _II = long unsigned int**; _OI = long unsigned int**]	32	static
stl_algobase.h:607:5:_BI2 std::__copy_move_backward_a2(_BI1, _BI1, _BI2) [with bool _IsMove = false; _BI1 = long unsigned int**; _BI2 = long unsigned int**]	32	static
stl_iterator_base_types.h:215:28:static std::_Iter_base<_Iterator, _HasBase>::iterator_type std::_Iter_base<_Iterator, _HasBase>::_S_base(_Iterator) [with _Iterator = long unsigned int**; bool _HasBase = false; std::_Iter_base<_Iterator, _HasBase>::iterator_type = long unsigned int**]	16	static
stl_algobase.h:282:5:typename std::_Niter_base<_Iterator>::iterator_type std::__niter_base(_Iterator) [with _Iterator = long unsigned int**; typename std::_Niter_base<_Iterator>::iterator_type = long unsigned int**]	16	static
stl_algobase.h:389:5:_OI std::__copy_move_a(_II, _II, _OI) [with bool _IsMove = false; _II = long unsigned int**; _OI = long unsigned int**]	32	static
stl_algobase.h:589:5:_BI2 std::__copy_move_backward_a(_BI1, _BI1, _BI2) [with bool _IsMove = false; _BI1 = long unsigned int**; _BI2 = long unsigned int**]	32	static
stl_algobase.h:373:9:static _Tp* std::__copy_move<_IsMove, true, std::random_access_iterator_tag>::__copy_m(const _Tp*, const _Tp*, _Tp*) [with _Tp = long unsigned int*; bool _IsMove = false]	32	static
stl_algobase.h:573:9:static _Tp* std::__copy_move_backward<_IsMove, true, std::random_access_iterator_tag>::__copy_move_b(const _Tp*, const _Tp*, _Tp*) [with _Tp = long unsigned int*; bool _IsMove = false]	32	static
