new:129:14:void* operator new(std::size_t, void*)	16	static
gthr-default.h:229:1:int __gthread_key_delete(__gthread_key_t)	16	static
commandline.h:13:18:static uint16_t CommandLine::cmd_echo(uint16_t, uint8_t**)	32	static
stl_list.h:507:11:std::__cxx11::list<const char*>::~list()	16	static
stl_list.h:507:11:std::__cxx11::list<short unsigned int (*)(short unsigned int, unsigned char**)>::~list()	16	static
initializer_list:75:7:constexpr const _E* std::initializer_list<_E>::begin() const [with _E = const char*; std::initializer_list<_E>::const_iterator = const char* const*]	16	static
initializer_list:75:7:constexpr const _E* std::initializer_list<_E>::begin() const [with _E = short unsigned int (*)(short unsigned int, unsigned char**); std::initializer_list<_E>::const_iterator = short unsigned int (* const*)(short unsigned int, unsigned char**)]	16	static
initializer_list:71:7:constexpr std::initializer_list<_E>::size_type std::initializer_list<_E>::size() const [with _E = const char*; std::initializer_list<_E>::size_type = unsigned int]	16	static
initializer_list:79:7:constexpr const _E* std::initializer_list<_E>::end() const [with _E = const char*; std::initializer_list<_E>::const_iterator = const char* const*]	24	static
initializer_list:71:7:constexpr std::initializer_list<_E>::size_type std::initializer_list<_E>::size() const [with _E = short unsigned int (*)(short unsigned int, unsigned char**); std::initializer_list<_E>::size_type = unsigned int]	16	static
initializer_list:79:7:constexpr const _E* std::initializer_list<_E>::end() const [with _E = short unsigned int (*)(short unsigned int, unsigned char**); std::initializer_list<_E>::const_iterator = short unsigned int (* const*)(short unsigned int, unsigned char**)]	24	static
commandline.h:26:2:CommandLine::CommandLine(std::initializer_list<const char*>, std::initializer_list<short unsigned int (*)(short unsigned int, unsigned char**)>)	40	static
commands.cpp:5:10:uint16_t cmd_idn(uint16_t, uint8_t**)	40	static
commands.cpp:18:10:uint16_t cmd_motv(uint16_t, uint8_t**)	56	static
circularbuffer.h:7:2:CircularBuffer<T, accept_data_when_full>::CircularBuffer(T*, uint16_t, uint16_t) [with T = unsigned char; unsigned char accept_data_when_full = 1u; uint16_t = short unsigned int]	24	static
circularbuffer.h:23:2:CircularBuffer<T, accept_data_when_full>::~CircularBuffer() [with T = unsigned char; unsigned char accept_data_when_full = 1u]	16	static
stl_list.h:593:7:std::__cxx11::list<_Tp, _Alloc>::list() [with _Tp = const char*; _Alloc = std::allocator<const char*>]	16	static
stl_list.h:332:14:std::__cxx11::_List_base<const char*, std::allocator<const char*> >::_List_impl::~_List_impl()	16	static
stl_list.h:445:7:std::__cxx11::_List_base<_Tp, _Alloc>::~_List_base() [with _Tp = const char*; _Alloc = std::allocator<const char*>]	16	static
stl_list.h:593:7:std::__cxx11::list<_Tp, _Alloc>::list() [with _Tp = short unsigned int (*)(short unsigned int, unsigned char**); _Alloc = std::allocator<short unsigned int (*)(short unsigned int, unsigned char**)>]	16	static
stl_list.h:332:14:std::__cxx11::_List_base<short unsigned int (*)(short unsigned int, unsigned char**), std::allocator<short unsigned int (*)(short unsigned int, unsigned char**)> >::_List_impl::~_List_impl()	16	static
stl_list.h:445:7:std::__cxx11::_List_base<_Tp, _Alloc>::~_List_base() [with _Tp = short unsigned int (*)(short unsigned int, unsigned char**); _Alloc = std::allocator<short unsigned int (*)(short unsigned int, unsigned char**)>]	16	static
stl_list.h:1047:7:void std::__cxx11::list<_Tp, _Alloc>::push_front(const value_type&) [with _Tp = const char*; _Alloc = std::allocator<const char*>; std::__cxx11::list<_Tp, _Alloc>::value_type = const char*]	16	static
stl_list.h:1047:7:void std::__cxx11::list<_Tp, _Alloc>::push_front(const value_type&) [with _Tp = short unsigned int (*)(short unsigned int, unsigned char**); _Alloc = std::allocator<short unsigned int (*)(short unsigned int, unsigned char**)>; std::__cxx11::list<_Tp, _Alloc>::value_type = short unsigned int (*)(short unsigned int, unsigned char**)]	16	static
move.h:101:5:constexpr typename std::remove_reference< <template-parameter-1-1> >::type&& std::move(_Tp&&) [with _Tp = const char*&; typename std::remove_reference< <template-parameter-1-1> >::type = const char*]	16	static
stl_list.h:1052:7:void std::__cxx11::list<_Tp, _Alloc>::push_front(std::__cxx11::list<_Tp, _Alloc>::value_type&&) [with _Tp = const char*; _Alloc = std::allocator<const char*>; std::__cxx11::list<_Tp, _Alloc>::value_type = const char*]	24	static
move.h:101:5:constexpr typename std::remove_reference< <template-parameter-1-1> >::type&& std::move(_Tp&&) [with _Tp = short unsigned int (*&)(short unsigned int, unsigned char**); typename std::remove_reference< <template-parameter-1-1> >::type = short unsigned int (*)(short unsigned int, unsigned char**)]	16	static
stl_list.h:1052:7:void std::__cxx11::list<_Tp, _Alloc>::push_front(std::__cxx11::list<_Tp, _Alloc>::value_type&&) [with _Tp = short unsigned int (*)(short unsigned int, unsigned char**); _Alloc = std::allocator<short unsigned int (*)(short unsigned int, unsigned char**)>; std::__cxx11::list<_Tp, _Alloc>::value_type = short unsigned int (*)(short unsigned int, unsigned char**)]	24	static
stl_list.h:831:7:std::__cxx11::list<_Tp, _Alloc>::iterator std::__cxx11::list<_Tp, _Alloc>::begin() [with _Tp = const char*; _Alloc = std::allocator<const char*>; std::__cxx11::list<_Tp, _Alloc>::iterator = std::_List_iterator<const char*>]	24	static
stl_list.h:831:7:std::__cxx11::list<_Tp, _Alloc>::iterator std::__cxx11::list<_Tp, _Alloc>::begin() [with _Tp = short unsigned int (*)(short unsigned int, unsigned char**); _Alloc = std::allocator<short unsigned int (*)(short unsigned int, unsigned char**)>; std::__cxx11::list<_Tp, _Alloc>::iterator = std::_List_iterator<short unsigned int (*)(short unsigned int, unsigned char**)>]	24	static
stl_list.h:417:7:std::__cxx11::_List_base<_Tp, _Alloc>::_List_base() [with _Tp = const char*; _Alloc = std::allocator<const char*>]	16	static
allocator.h:121:7:std::allocator< <template-parameter-1-1> >::~allocator() [with _Tp = std::_List_node<const char*>]	16	static
list.tcc:65:5:void std::__cxx11::_List_base<_Tp, _Alloc>::_M_clear() [with _Tp = const char*; _Alloc = std::allocator<const char*>]	24	static
stl_list.h:417:7:std::__cxx11::_List_base<_Tp, _Alloc>::_List_base() [with _Tp = short unsigned int (*)(short unsigned int, unsigned char**); _Alloc = std::allocator<short unsigned int (*)(short unsigned int, unsigned char**)>]	16	static
allocator.h:121:7:std::allocator< <template-parameter-1-1> >::~allocator() [with _Tp = std::_List_node<short unsigned int (*)(short unsigned int, unsigned char**)>]	16	static
list.tcc:65:5:void std::__cxx11::_List_base<_Tp, _Alloc>::_M_clear() [with _Tp = short unsigned int (*)(short unsigned int, unsigned char**); _Alloc = std::allocator<short unsigned int (*)(short unsigned int, unsigned char**)>]	24	static
move.h:76:5:constexpr _Tp&& std::forward(typename std::remove_reference<_From>::type&) [with _Tp = const char* const&; typename std::remove_reference<_From>::type = const char* const]	16	static
stl_list.h:1761:8:) [with _Args = {const char* const&}; _Tp = const char*; _Alloc = std::allocator<const char*>; std::__cxx11::list<_Tp, _Alloc>::iterator = std::_List_iterator<const char*>]	32	static
move.h:76:5:constexpr _Tp&& std::forward(typename std::remove_reference<_From>::type&) [with _Tp = short unsigned int (* const&)(short unsigned int, unsigned char**); typename std::remove_reference<_From>::type = short unsigned int (* const)(short unsigned int, unsigned char**)]	16	static
stl_list.h:1761:8:) [with _Args = {short unsigned int (* const&)(short unsigned int, unsigned char**)}; _Tp = short unsigned int (*)(short unsigned int, unsigned char**); _Alloc = std::allocator<short unsigned int (*)(short unsigned int, unsigned char**)>; std::__cxx11::list<_Tp, _Alloc>::iterator = std::_List_iterator<short unsigned int (*)(short unsigned int, unsigned char**)>]	32	static
move.h:76:5:constexpr _Tp&& std::forward(typename std::remove_reference<_From>::type&) [with _Tp = const char*; typename std::remove_reference<_From>::type = const char*]	16	static
stl_list.h:1761:8:) [with _Args = {const char*}; _Tp = const char*; _Alloc = std::allocator<const char*>; std::__cxx11::list<_Tp, _Alloc>::iterator = std::_List_iterator<const char*>]	32	static
move.h:76:5:constexpr _Tp&& std::forward(typename std::remove_reference<_From>::type&) [with _Tp = short unsigned int (*)(short unsigned int, unsigned char**); typename std::remove_reference<_From>::type = short unsigned int (*)(short unsigned int, unsigned char**)]	16	static
stl_list.h:1761:8:) [with _Args = {short unsigned int (*)(short unsigned int, unsigned char**)}; _Tp = short unsigned int (*)(short unsigned int, unsigned char**); _Alloc = std::allocator<short unsigned int (*)(short unsigned int, unsigned char**)>; std::__cxx11::list<_Tp, _Alloc>::iterator = std::_List_iterator<short unsigned int (*)(short unsigned int, unsigned char**)>]	32	static
stl_list.h:140:7:std::_List_iterator<_Tp>::_List_iterator(std::__detail::_List_node_base*) [with _Tp = const char*]	16	static
stl_list.h:140:7:std::_List_iterator<_Tp>::_List_iterator(std::__detail::_List_node_base*) [with _Tp = short unsigned int (*)(short unsigned int, unsigned char**)]	16	static
stl_list.h:341:2:std::__cxx11::_List_base<_Tp, _Alloc>::_List_impl::_List_impl() [with _Tp = const char*; _Alloc = std::allocator<const char*>]	16	static
stl_list.h:452:7:void std::__cxx11::_List_base<_Tp, _Alloc>::_M_init() [with _Tp = const char*; _Alloc = std::allocator<const char*>]	16	static
new_allocator.h:86:7:__gnu_cxx::new_allocator< <template-parameter-1-1> >::~new_allocator() [with _Tp = std::_List_node<const char*>]	16	static
stl_list.h:402:7:std::__cxx11::_List_base<_Tp, _Alloc>::_Node_alloc_type& std::__cxx11::_List_base<_Tp, _Alloc>::_M_get_Node_allocator() [with _Tp = const char*; _Alloc = std::allocator<const char*>; std::__cxx11::_List_base<_Tp, _Alloc>::_Node_alloc_type = std::allocator<std::_List_node<const char*> >]	16	static
new_allocator.h:124:9:void __gnu_cxx::new_allocator< <template-parameter-1-1> >::destroy(_Up*) [with _Up = std::_List_node<const char*>; _Tp = std::_List_node<const char*>]	16	static
stl_list.h:395:7:void std::__cxx11::_List_base<_Tp, _Alloc>::_M_put_node(std::_List_node<_Tp>*) [with _Tp = const char*; _Alloc = std::allocator<const char*>]	16	static
stl_list.h:341:2:std::__cxx11::_List_base<_Tp, _Alloc>::_List_impl::_List_impl() [with _Tp = short unsigned int (*)(short unsigned int, unsigned char**); _Alloc = std::allocator<short unsigned int (*)(short unsigned int, unsigned char**)>]	16	static
stl_list.h:452:7:void std::__cxx11::_List_base<_Tp, _Alloc>::_M_init() [with _Tp = short unsigned int (*)(short unsigned int, unsigned char**); _Alloc = std::allocator<short unsigned int (*)(short unsigned int, unsigned char**)>]	16	static
new_allocator.h:86:7:__gnu_cxx::new_allocator< <template-parameter-1-1> >::~new_allocator() [with _Tp = std::_List_node<short unsigned int (*)(short unsigned int, unsigned char**)>]	16	static
stl_list.h:402:7:std::__cxx11::_List_base<_Tp, _Alloc>::_Node_alloc_type& std::__cxx11::_List_base<_Tp, _Alloc>::_M_get_Node_allocator() [with _Tp = short unsigned int (*)(short unsigned int, unsigned char**); _Alloc = std::allocator<short unsigned int (*)(short unsigned int, unsigned char**)>; std::__cxx11::_List_base<_Tp, _Alloc>::_Node_alloc_type = std::allocator<std::_List_node<short unsigned int (*)(short unsigned int, unsigned char**)> >]	16	static
new_allocator.h:124:9:void __gnu_cxx::new_allocator< <template-parameter-1-1> >::destroy(_Up*) [with _Up = std::_List_node<short unsigned int (*)(short unsigned int, unsigned char**)>; _Tp = std::_List_node<short unsigned int (*)(short unsigned int, unsigned char**)>]	16	static
stl_list.h:395:7:void std::__cxx11::_List_base<_Tp, _Alloc>::_M_put_node(std::_List_node<_Tp>*) [with _Tp = short unsigned int (*)(short unsigned int, unsigned char**); _Alloc = std::allocator<short unsigned int (*)(short unsigned int, unsigned char**)>]	16	static
stl_list.h:569:9:) [with _Args = {const char* const&}; _Tp = const char*; _Alloc = std::allocator<const char*>; std::__cxx11::list<_Tp, _Alloc>::_Node = std::_List_node<const char*>]	32	static
stl_list.h:363:12:void std::__cxx11::_List_base<_Tp, _Alloc>::_M_inc_size(std::size_t) [with _Tp = const char*; _Alloc = std::allocator<const char*>; std::size_t = unsigned int]	16	static
stl_list.h:569:9:) [with _Args = {short unsigned int (* const&)(short unsigned int, unsigned char**)}; _Tp = short unsigned int (*)(short unsigned int, unsigned char**); _Alloc = std::allocator<short unsigned int (*)(short unsigned int, unsigned char**)>; std::__cxx11::list<_Tp, _Alloc>::_Node = std::_List_node<short unsigned int (*)(short unsigned int, unsigned char**)>]	32	static
stl_list.h:363:12:void std::__cxx11::_List_base<_Tp, _Alloc>::_M_inc_size(std::size_t) [with _Tp = short unsigned int (*)(short unsigned int, unsigned char**); _Alloc = std::allocator<short unsigned int (*)(short unsigned int, unsigned char**)>; std::size_t = unsigned int]	16	static
stl_list.h:569:9:) [with _Args = {const char*}; _Tp = const char*; _Alloc = std::allocator<const char*>; std::__cxx11::list<_Tp, _Alloc>::_Node = std::_List_node<const char*>]	32	static
stl_list.h:569:9:) [with _Args = {short unsigned int (*)(short unsigned int, unsigned char**)}; _Tp = short unsigned int (*)(short unsigned int, unsigned char**); _Alloc = std::allocator<short unsigned int (*)(short unsigned int, unsigned char**)>; std::__cxx11::list<_Tp, _Alloc>::_Node = std::_List_node<short unsigned int (*)(short unsigned int, unsigned char**)>]	32	static
allocator.h:113:7:std::allocator< <template-parameter-1-1> >::allocator() [with _Tp = std::_List_node<const char*>]	16	static
stl_list.h:113:9:) [with _Args = {}; _Tp = unsigned int]	16	static
stl_list.h:361:12:void std::__cxx11::_List_base<_Tp, _Alloc>::_M_set_size(std::size_t) [with _Tp = const char*; _Alloc = std::allocator<const char*>; std::size_t = unsigned int]	16	static
new_allocator.h:109:7:void __gnu_cxx::new_allocator< <template-parameter-1-1> >::deallocate(__gnu_cxx::new_allocator< <template-parameter-1-1> >::pointer, __gnu_cxx::new_allocator< <template-parameter-1-1> >::size_type) [with _Tp = std::_List_node<const char*>; __gnu_cxx::new_allocator< <template-parameter-1-1> >::pointer = std::_List_node<const char*>*; __gnu_cxx::new_allocator< <template-parameter-1-1> >::size_type = unsigned int]	24	static
allocator.h:113:7:std::allocator< <template-parameter-1-1> >::allocator() [with _Tp = std::_List_node<short unsigned int (*)(short unsigned int, unsigned char**)>]	16	static
stl_list.h:361:12:void std::__cxx11::_List_base<_Tp, _Alloc>::_M_set_size(std::size_t) [with _Tp = short unsigned int (*)(short unsigned int, unsigned char**); _Alloc = std::allocator<short unsigned int (*)(short unsigned int, unsigned char**)>; std::size_t = unsigned int]	16	static
new_allocator.h:109:7:void __gnu_cxx::new_allocator< <template-parameter-1-1> >::deallocate(__gnu_cxx::new_allocator< <template-parameter-1-1> >::pointer, __gnu_cxx::new_allocator< <template-parameter-1-1> >::size_type) [with _Tp = std::_List_node<short unsigned int (*)(short unsigned int, unsigned char**)>; __gnu_cxx::new_allocator< <template-parameter-1-1> >::pointer = std::_List_node<short unsigned int (*)(short unsigned int, unsigned char**)>*; __gnu_cxx::new_allocator< <template-parameter-1-1> >::size_type = unsigned int]	24	static
stl_list.h:391:7:std::_List_node<_Tp>* std::__cxx11::_List_base<_Tp, _Alloc>::_M_get_node() [with _Tp = const char*; _Alloc = std::allocator<const char*>]	16	static
new_allocator.h:119:9:) [with _Up = std::_List_node<const char*>; _Args = {const char* const&}; _Tp = std::_List_node<const char*>]	32	static
stl_list.h:391:7:std::_List_node<_Tp>* std::__cxx11::_List_base<_Tp, _Alloc>::_M_get_node() [with _Tp = short unsigned int (*)(short unsigned int, unsigned char**); _Alloc = std::allocator<short unsigned int (*)(short unsigned int, unsigned char**)>]	16	static
new_allocator.h:119:9:) [with _Up = std::_List_node<short unsigned int (*)(short unsigned int, unsigned char**)>; _Args = {short unsigned int (* const&)(short unsigned int, unsigned char**)}; _Tp = std::_List_node<short unsigned int (*)(short unsigned int, unsigned char**)>]	32	static
new_allocator.h:119:9:) [with _Up = std::_List_node<const char*>; _Args = {const char*}; _Tp = std::_List_node<const char*>]	32	static
new_allocator.h:119:9:) [with _Up = std::_List_node<short unsigned int (*)(short unsigned int, unsigned char**)>; _Args = {short unsigned int (*)(short unsigned int, unsigned char**)}; _Tp = std::_List_node<short unsigned int (*)(short unsigned int, unsigned char**)>]	32	static
new_allocator.h:79:7:__gnu_cxx::new_allocator< <template-parameter-1-1> >::new_allocator() [with _Tp = std::_List_node<const char*>]	16	static
new_allocator.h:79:7:__gnu_cxx::new_allocator< <template-parameter-1-1> >::new_allocator() [with _Tp = std::_List_node<short unsigned int (*)(short unsigned int, unsigned char**)>]	16	static
new_allocator.h:99:7:_Tp* __gnu_cxx::new_allocator< <template-parameter-1-1> >::allocate(__gnu_cxx::new_allocator< <template-parameter-1-1> >::size_type, const void*) [with _Tp = std::_List_node<const char*>; __gnu_cxx::new_allocator< <template-parameter-1-1> >::pointer = std::_List_node<const char*>*; __gnu_cxx::new_allocator< <template-parameter-1-1> >::size_type = unsigned int]	24	static
stl_list.h:113:9:) [with _Args = {const char* const&}; _Tp = const char*]	16	static
new_allocator.h:99:7:_Tp* __gnu_cxx::new_allocator< <template-parameter-1-1> >::allocate(__gnu_cxx::new_allocator< <template-parameter-1-1> >::size_type, const void*) [with _Tp = std::_List_node<short unsigned int (*)(short unsigned int, unsigned char**)>; __gnu_cxx::new_allocator< <template-parameter-1-1> >::pointer = std::_List_node<short unsigned int (*)(short unsigned int, unsigned char**)>*; __gnu_cxx::new_allocator< <template-parameter-1-1> >::size_type = unsigned int]	24	static
stl_list.h:113:9:) [with _Args = {short unsigned int (* const&)(short unsigned int, unsigned char**)}; _Tp = short unsigned int (*)(short unsigned int, unsigned char**)]	16	static
stl_list.h:113:9:) [with _Args = {const char*}; _Tp = const char*]	16	static
stl_list.h:113:9:) [with _Args = {short unsigned int (*)(short unsigned int, unsigned char**)}; _Tp = short unsigned int (*)(short unsigned int, unsigned char**)]	16	static
new_allocator.h:113:7:__gnu_cxx::new_allocator< <template-parameter-1-1> >::size_type __gnu_cxx::new_allocator< <template-parameter-1-1> >::max_size() const [with _Tp = std::_List_node<const char*>; __gnu_cxx::new_allocator< <template-parameter-1-1> >::size_type = unsigned int]	16	static
new_allocator.h:113:7:__gnu_cxx::new_allocator< <template-parameter-1-1> >::size_type __gnu_cxx::new_allocator< <template-parameter-1-1> >::max_size() const [with _Tp = std::_List_node<short unsigned int (*)(short unsigned int, unsigned char**)>; __gnu_cxx::new_allocator< <template-parameter-1-1> >::size_type = unsigned int]	16	static
commandline.h:9:7:CommandLine::~CommandLine()	16	static
commands.cpp:39:26:void __static_initialization_and_destruction_0(int, int)	40	static
commands.cpp:39:26:cpp)	8	static
