gthr-default.h:229:1:int __gthread_key_delete(__gthread_key_t)	16	static
packer.h:9:19:virtual uint16_t PACKER::Pack(PACKER::PACKAGE_TYPE, uint8_t*, uint16_t, uint8_t*)	24	static
packer.h:11:19:virtual uint16_t PACKER::GetPreferedPackSize(PACKER::PACKAGE_TYPE)	16	static
packer.h:5:7:constexpr PACKER::PACKER()	16	static
fec.h:26:2:static uint64_t BCH::bch_63_16_encode(uint16_t)	32	static
fec.h:57:18:static uint16_t BCH::bch_63_16_decode(uint64_t, uint8_t*)	776	static
packer.cpp:7:1:PACKER_APCO25::PACKER_APCO25()	16	static
packer.cpp:15:10:uint16_t PACKER_APCO25::Pack(PACKER_APCO25::PACKAGE_TYPE, uint8_t*, uint16_t, uint8_t*)	40	static
packer.cpp:36:6:void PACKER_APCO25::CheckForType(uint8_t*&, uint16_t&)	48	static
packer.cpp:80:9:virtual int16_t PACKER_APCO25::Unpack(uint8_t*, uint16_t, uint8_t*, uint16_t)	32	static
packer.cpp:110:6:void PACKER_APCO25::NID_BCH_CODE(PACKER_APCO25::APCO25_NETWORK_IDENTIFIER&)	16	static
packer.cpp:114:9:uint8_t PACKER_APCO25::NID_BCH_DECODE(PACKER_APCO25::APCO25_NETWORK_IDENTIFIER&)	40	static
packer.cpp:123:6:void PACKER_APCO25::PrintPacket(PACKER_APCO25::PACKAGE_TYPE, uint8_t*)	56	static
packer.cpp:187:29:PACKER_APCO25::PACKAGE_TYPE PACKER_APCO25::GetLastUpackedType()	24	static
packer.cpp:193:10:uint16_t PACKER_APCO25::GetPreferedPayloadSize(PACKER_APCO25::PACKAGE_TYPE)	16	static
packer.cpp:211:10:uint16_t PACKER_APCO25::GetOverheadSize(PACKER_APCO25::PACKAGE_TYPE)	16	static
packer.cpp:229:10:uint16_t PACKER_APCO25::GetPreferedPackageSize(PACKER_APCO25::PACKAGE_TYPE)	32	static
packer.cpp:250:10:uint16_t PACKER_APCO25::GetUnpackSize()	16	static
packer.cpp:253:10:uint16_t PACKER_APCO25::PackUnconfirmedDataPackage(uint8_t*, uint16_t, uint8_t*, uint16_t, uint8_t, uint8_t)	48	static
packer.cpp:285:10:uint16_t PACKER_APCO25::PackRAW(uint8_t*, uint16_t, uint8_t*, uint16_t, uint8_t)	40	static
packer.cpp:295:6:void PACKER_APCO25::ResetUnpack()	16	static
packer.cpp:301:9:int16_t PACKER_APCO25::UnpackRAW(uint8_t*, uint16_t, uint8_t*, uint16_t)	32	static
packer.cpp:316:9:int16_t PACKER_APCO25::UnpackUnconfirmedDataPackage(uint8_t*, uint16_t, uint8_t*, uint16_t)	32	static
circularbuffer.h:7:2:CircularBuffer<T, accept_data_when_full>::CircularBuffer(T*, uint16_t, uint16_t) [with T = unsigned char; unsigned char accept_data_when_full = 1u; uint16_t = short unsigned int]	24	static
circularbuffer.h:175:7:void CircularBuffer<T, accept_data_when_full>::Clear() [with T = unsigned char; unsigned char accept_data_when_full = 1u]	16	static
circularbuffer.h:172:11:uint16_t CircularBuffer<T, accept_data_when_full>::Ocupied() [with T = unsigned char; unsigned char accept_data_when_full = 1u; uint16_t = short unsigned int]	16	static
circularbuffer.h:32:11:uint16_t CircularBuffer<T, accept_data_when_full>::In(const T*, uint16_t) [with T = unsigned char; unsigned char accept_data_when_full = 1u; uint16_t = short unsigned int]	32	static
circularbuffer.h:107:11:uint16_t CircularBuffer<T, accept_data_when_full>::Out(T*, uint16_t) [with T = unsigned char; unsigned char accept_data_when_full = 1u; uint16_t = short unsigned int]	32	static
circularbuffer.h:181:5:T* CircularBuffer<T, accept_data_when_full>::GetRearrangedBuffer() [with T = unsigned char; unsigned char accept_data_when_full = 1u]	56	dynamic
packer.cpp:176:25:static void PACKER::SwapEndian(T, T&) [with T = long long unsigned int]	40	static
stl_algobase.h:460:5:_OI std::copy(_II, _II, _OI) [with _II = unsigned char*; _OI = unsigned char*]	32	static
stl_algobase.h:736:5:void std::fill(_ForwardIterator, _ForwardIterator, const _Tp&) [with _ForwardIterator = unsigned char*; _Tp = int]	32	static
circularbuffer.h:169:11:uint16_t CircularBuffer<T, accept_data_when_full>::Free() [with T = unsigned char; unsigned char accept_data_when_full = 1u; uint16_t = short unsigned int]	16	static
stl_algobase.h:460:5:_OI std::copy(_II, _II, _OI) [with _II = const unsigned char*; _OI = unsigned char*]	32	static
stl_algobase.h:293:5:typename std::_Miter_base<_Iterator>::iterator_type std::__miter_base(_Iterator) [with _Iterator = unsigned char*; typename std::_Miter_base<_Iterator>::iterator_type = unsigned char*]	16	static
stl_algobase.h:434:5:_OI std::__copy_move_a2(_II, _II, _OI) [with bool _IsMove = false; _II = unsigned char*; _OI = unsigned char*]	32	static
stl_algobase.h:282:5:typename std::_Niter_base<_Iterator>::iterator_type std::__niter_base(_Iterator) [with _Iterator = unsigned char*; typename std::_Niter_base<_Iterator>::iterator_type = unsigned char*]	16	static
stl_algobase.h:703:5:typename __gnu_cxx::__enable_if<std::__is_scalar<_Tp>::__value, void>::__type std::__fill_a(_ForwardIterator, _ForwardIterator, const _Tp&) [with _ForwardIterator = unsigned char*; _Tp = int; typename __gnu_cxx::__enable_if<std::__is_scalar<_Tp>::__value, void>::__type = void]	32	static
stl_algobase.h:293:5:typename std::_Miter_base<_Iterator>::iterator_type std::__miter_base(_Iterator) [with _Iterator = const unsigned char*; typename std::_Miter_base<_Iterator>::iterator_type = const unsigned char*]	16	static
stl_algobase.h:434:5:_OI std::__copy_move_a2(_II, _II, _OI) [with bool _IsMove = false; _II = const unsigned char*; _OI = unsigned char*]	32	static
stl_iterator_base_types.h:215:28:static std::_Iter_base<_Iterator, _HasBase>::iterator_type std::_Iter_base<_Iterator, _HasBase>::_S_base(_Iterator) [with _Iterator = unsigned char*; bool _HasBase = false; std::_Iter_base<_Iterator, _HasBase>::iterator_type = unsigned char*]	16	static
stl_algobase.h:389:5:_OI std::__copy_move_a(_II, _II, _OI) [with bool _IsMove = false; _II = unsigned char*; _OI = unsigned char*]	32	static
stl_iterator_base_types.h:215:28:static std::_Iter_base<_Iterator, _HasBase>::iterator_type std::_Iter_base<_Iterator, _HasBase>::_S_base(_Iterator) [with _Iterator = const unsigned char*; bool _HasBase = false; std::_Iter_base<_Iterator, _HasBase>::iterator_type = const unsigned char*]	16	static
stl_algobase.h:282:5:typename std::_Niter_base<_Iterator>::iterator_type std::__niter_base(_Iterator) [with _Iterator = const unsigned char*; typename std::_Niter_base<_Iterator>::iterator_type = const unsigned char*]	16	static
stl_algobase.h:389:5:_OI std::__copy_move_a(_II, _II, _OI) [with bool _IsMove = false; _II = const unsigned char*; _OI = unsigned char*]	32	static
stl_algobase.h:373:9:static _Tp* std::__copy_move<_IsMove, true, std::random_access_iterator_tag>::__copy_m(const _Tp*, const _Tp*, _Tp*) [with _Tp = unsigned char; bool _IsMove = false]	32	static
