serial_data_processor.cpp:3:1:SERIAL_DATA_PROCESSOR::SERIAL_DATA_PROCESSOR(uint16_t)	16	static
serial_data_processor.cpp:11:1:SERIAL_DATA_PROCESSOR::~SERIAL_DATA_PROCESSOR()	16	static
serial_data_processor.cpp:11:1:virtual SERIAL_DATA_PROCESSOR::~SERIAL_DATA_PROCESSOR()	16	static
serial_data_processor.cpp:20:6:virtual void SERIAL_DATA_PROCESSOR::FeedData(uint8_t*, uint16_t)	24	static
serial_data_processor.cpp:30:10:uint16_t SERIAL_DATA_PROCESSOR::DataAvailable()	16	static
serial_data_processor.cpp:34:10:virtual uint16_t SERIAL_DATA_PROCESSOR::SpaceAvailable()	24	static
serial_data_processor.cpp:39:10:uint16_t SERIAL_DATA_PROCESSOR::GetData(uint8_t*, uint16_t)	32	static
serial_data_processor.cpp:56:6:virtual void SERIAL_DATA_PROCESSOR::Clear()	16	static
serial_data_processor.cpp:62:1:NRISP_DATA_PROCESSOR::NRISP_DATA_PROCESSOR(RADIO_EVENT&)	16	static
serial_data_processor.cpp:68:6:virtual void NRISP_DATA_PROCESSOR::Clear()	16	static
serial_data_processor.cpp:76:6:virtual void NRISP_DATA_PROCESSOR::FeedData(uint8_t*, uint16_t)	40	static
serial_data_processor.cpp:199:10:virtual uint16_t NRISP_DATA_PROCESSOR::SpaceAvailable()	24	static
serial_data_processor.cpp:207:1:NRISP_DATA_PROCESSOR::~NRISP_DATA_PROCESSOR()	16	static
serial_data_processor.cpp:207:1:virtual NRISP_DATA_PROCESSOR::~NRISP_DATA_PROCESSOR()	16	static
