usart_stm32.cpp:9:1:USART_STM32::USART_STM32(USART_TypeDef*, uint32_t, uint16_t, uint16_t, uint16_t, uint16_t, uint16_t, uint8_t)	48	static
usart.h:4:7:constexpr USART::USART()	16	static
usart_stm32.cpp:14:1:USART_STM32::USART_STM32(USART_TypeDef*, USART_TypeDef*, uint32_t, uint16_t, uint16_t, uint16_t, uint16_t, uint16_t, uint8_t)	48	static
usart_stm32.cpp:28:1:USART_STM32::USART_STM32(USART_TypeDef*, USART_TypeDef*, USART_InitTypeDef*, uint8_t)	32	static
usart_stm32.cpp:35:6:void USART_STM32::Config(USART_TypeDef*, USART_TypeDef*, USART_InitTypeDef*, uint8_t)	32	static
usart_stm32.cpp:67:6:void USART_STM32::RCC_ON(USART_TypeDef*)	16	static
usart_stm32.cpp:88:9:virtual uint8_t USART_STM32::ReadByte()	24	static
usart_stm32.cpp:97:9:virtual uint8_t USART_STM32::ReadBuffer(uint8_t*, uint16_t)	24	static
usart_stm32.cpp:100:6:virtual void USART_STM32::WriteByte(uint8_t)	16	static
usart_stm32.cpp:105:6:void USART_STM32::WriteByteNonBlock(uint8_t)	16	static
usart_stm32.cpp:109:6:void USART_STM32::SendBreak()	16	static
usart_stm32.cpp:113:6:void USART_STM32::ClearRx()	16	static
usart_stm32.cpp:118:9:uint8_t USART_STM32::Idle()	16	static
usart_stm32.cpp:122:6:void USART_STM32::HalfDuplex(uint8_t)	16	static
usart_stm32.cpp:126:9:virtual uint8_t USART_STM32::DataAvailable()	16	static
