pb_decode.c:75:25:buf_read	32	static
pb_decode.c:89:18:pb_read	40	static
pb_decode.c:125:25:pb_readbyte	16	static
pb_decode.c:143:14:pb_istream_from_buffer	48	static
pb_decode.c:171:25:pb_decode_varint32	32	static
pb_decode.c:207:18:pb_decode_varint	56	static
pb_decode.c:229:18:pb_skip_varint	24	static
pb_decode.c:240:18:pb_skip_string	24	static
pb_decode.c:249:18:pb_decode_tag	32	static
pb_decode.c:275:18:pb_skip_field	16	static
pb_decode.c:290:25:read_raw_value	32	static
pb_decode.c:320:18:pb_make_string_substream	32	static
pb_decode.c:335:6:pb_close_string_substream	16	static
pb_decode.c:348:25:decode_static_field	64	static
pb_decode.c:476:25:decode_pointer_field	24	static
pb_decode.c:598:25:decode_callback_field	104	static
pb_decode.c:645:25:decode_field	24	static
pb_decode.c:673:13:iter_from_extension	24	static
pb_decode.c:694:25:default_extension_decoder	56	static
pb_decode.c:710:25:decode_extension	48	static
pb_decode.c:736:25:find_extension_field	24	static
pb_decode.c:750:13:pb_field_set_to_default	48	static
pb_decode.c:822:13:pb_message_set_to_defaults	40	static
pb_decode.c:839:18:pb_decode_noinit	96	static
pb_decode.c:942:18:pb_decode	32	static
pb_decode.c:956:6:pb_decode_delimited	48	static
pb_decode.c:1103:6:pb_decode_svarint	32	static
pb_decode.c:1117:6:pb_decode_fixed32	24	static
pb_decode.c:1131:6:pb_decode_fixed64	88	static
pb_decode.c:1150:25:pb_dec_varint	56	static
pb_decode.c:1187:25:pb_dec_uvarint	48	static
pb_decode.c:1211:25:pb_dec_svarint	48	static
pb_decode.c:1235:25:pb_dec_fixed32	24	static
pb_decode.c:1241:25:pb_dec_fixed64	24	static
pb_decode.c:1247:25:pb_dec_bytes	40	static
pb_decode.c:1284:25:pb_dec_string	40	static
pb_decode.c:1319:25:pb_dec_submessage	48	static
