pb_encode.c:59:25:buf_write	32	static
pb_encode.c:70:14:pb_ostream_from_buffer	56	static
pb_encode.c:87:18:pb_write	24	static
pb_encode.c:112:25:encode_array	64	static
pb_encode.c:201:25:encode_basic_field	48	static
pb_encode.c:273:25:encode_callback_field	32	static
pb_encode.c:293:25:encode_field	24	static
pb_encode.c:312:25:default_extension_encoder	24	static
pb_encode.c:332:25:encode_extension_field	32	static
pb_encode.c:359:14:remove_const	24	static
pb_encode.c:371:18:pb_encode	48	static
pb_encode.c:395:6:pb_encode_delimited	24	static
pb_encode.c:400:6:pb_get_encoded_size	48	static
pb_encode.c:414:18:pb_encode_varint	56	static
pb_encode.c:436:18:pb_encode_svarint	40	static
pb_encode.c:447:18:pb_encode_fixed32	24	static
pb_encode.c:458:18:pb_encode_fixed64	96	static
pb_encode.c:473:18:pb_encode_tag	40	static
pb_encode.c:479:18:pb_encode_tag_for_field	24	static
pb_encode.c:511:18:pb_encode_string	32	static
pb_encode.c:519:18:pb_encode_submessage	64	static
pb_encode.c:571:25:pb_enc_varint	40	static
pb_encode.c:589:25:pb_enc_uvarint	40	static
pb_encode.c:607:25:pb_enc_svarint	40	static
pb_encode.c:625:25:pb_enc_fixed64	24	static
pb_encode.c:631:25:pb_enc_fixed32	24	static
pb_encode.c:637:25:pb_enc_bytes	32	static
pb_encode.c:656:25:pb_enc_string	40	static
pb_encode.c:682:25:pb_enc_submessage	24	static
